
[1m[46m RUN [49m[22m [36mv3.2.4 [39m[90mC:/Users/My pc/Downloads/Abhay/zipties/frontend[39m

node.exe : 
[90mstderr[2m | src/
pages/__tests__/Forgot
Password.test.tsx[2m 
> [22m[2mForgotPassw
ord Page[2m > 
[22m[2mrenders 
email field
At line:1 char:1
+ & "C:\Program Files\
nodejs/node.exe" 
"C:\Program 
Files\nodejs/node_mo 
...
+ ~~~~~~~~~~~~~~~~~~~~
~~~~~~~~~~~~~~~~~~~~~~
~~~~~~~~~~~~~~~~~~~~~~
~~~~~
    + CategoryInfo    
          : NotSpeci  
  fied: ([90mstder   
 r[2m...ers email    
 field:String) []    
, RemoteException
    + FullyQualifiedE 
   rrorId : NativeCo  
  mmandError
 
[22m[39mÔÜá´©Å 
React Router Future 
Flag Warning: React 
Router will begin 
wrapping state 
updates in `React.star
tTransition` in v7. 
You can use the 
`v7_startTransition` 
future flag to opt-in 
early. For more 
information, see https
://reactrouter.com/v6/
upgrading/future#v7_st
arttransition.
ÔÜá´©Å React Router 
Future Flag Warning: 
Relative route 
resolution within 
Splat routes is 
changing in v7. You 
can use the `v7_relati
veSplatPath` future 
flag to opt-in early. 
For more information, 
see https://reactroute
r.com/v6/upgrading/fut
ure#v7_relativesplatpa
th.

 [31mÔØ»[39m src/pages/__tests__/ForgotPassword.test.tsx [2m([22m[2m4 tests[22m[2m | [22m[31m4 failed[39m[2m)[22m[32m 116[2mms[22m[39m
[31m   [31m├ù[31m ForgotPassword Page[2m > [22mrenders email field[39m[32m 68[2mms[22m[39m
[31m     ÔåÆ Found a label with the text of: /email/i, however no form control was found associated to that label. Make sure you're using the "for" attribute or "aria-labelledby" attribute correctly.

Ignored nodes: comments, script, style
[36m<body>[31m
  [36m<div>[31m
    [36m<div[31m
      [33mclass[31m=[32m"min-h-[90vh] flex"[31m
    [36m>[31m
      [36m<div[31m
        [33mclass[31m=[32m"w-full lg:w-1/2 flex flex-col justify-center px-8 md:px-20"[31m
      [36m>[31m
        [36m<div[31m
          [33mclass[31m=[32m"flex items-center gap-2 mb-6"[31m
        [36m>[31m
          [36m<span[31m
            [33mclass[31m=[32m"text-2xl font-bold text-foreground"[31m
          [36m>[31m
            [0mZipties[0m
          [36m</span>[31m
        [36m</div>[31m
        [36m<h1[31m
          [33mclass[31m=[32m"text-3xl font-bold mb-2"[31m
        [36m>[31m
          [0mForgot password?[0m
        [36m</h1>[31m
        [36m<p[31m
          [33mclass[31m=[32m"text-gray-500 mb-8"[31m
        [36m>[31m
          [0mNo worries. WeÔÇÖll send you a reset link.[0m
        [36m</p>[31m
        [36m<form[31m
          [33mclass[31m=[32m"space-y-6"[31m
        [36m>[31m
          [36m<div>[31m
            [36m<label[31m
              [33mclass[31m=[32m"text-sm font-medium mb-1 block"[31m
            [36m>[31m
              [0mEmail[0m
            [36m</label>[31m
            [36m<input[31m
              [33mclass[31m=[32m"flex h-10 w-full rounded-md border border-input bg-background px-3 py-2 text-base ring-offset-background file:border-0 file:bg-transparent file:text-sm file:font-medium file:text-foreground placeholder:text-muted-foreground focus-visible:outline-none focus-visible:ring-2 focus-visible:ring-ring focus-visible:ring-offset-2 disabled:cursor-not-allowed disabled:opacity-50 md:text-sm"[31m
              [33mname[31m=[32m"email"[31m
              [33mplaceholder[31m=[32m"you@example.com"[31m
              [33mtype[31m=[32m"email"[31m
            [36m/>[31m
          [36m</div>[31m
          [36m<button[31m
            [33mclass[31m=[32m"inline-flex items-center justify-center gap-2 whitespace-nowrap font-medium ring-offset-background transition-all duration-200 focus-visible:outline-none focus-visible:ring-2 focus-visible:ring-ring focus-visible:ring-offset-2 disabled:pointer-events-none disabled:opacity-50 [&_svg]:pointer-events-none [&_svg]:size-4 [&_svg]:shrink-0 bg-gradient-hero text-primary-foreground shadow-lg shadow-glow hover:shadow-xl hover:scale-[1.02] active:scale-[0.98] h-12 rounded-lg px-8 text-base w-full"[31m
            [33mtype[31m=[32m"submit"[31m
          [36m>[31m
            [0mSend reset link[0m
          [36m</button>[31m
        [36m</form>[31m
        [36m<p[31m
          [33mclass[31m=[32m"text-sm text-gray-500 mt-6"[31m
        [36m>[31m
          [0mRemember your password?[0m
          [0m [0m
          [36m<a[31m
            [33mclass[31m=[32m"text-primary font-medium"[31m
            [33mhref[31m=[32m"/"[31m
          [36m>[31m
            [0mSign in[0m
          [36m</a>[31m
        [36m</p>[31m
      [36m</div>[31m
      [36m<div[31m
        [33mclass[31m=[32m"hidden lg:flex flex-1 bg-gradient-hero items-center justify-center p-16 relative overflow-hidden"[31m
      [36m>[31m
        [36m<div[31m
          [33mclass[31m=[32m"absolute inset-0 overflow-hidden"[31m
        [36m>[31m
          [36m<div[31m
            [33mclass[31m=[32m"absolute top-1/4 right-1/4 w-64 h-64 bg-primary-foreground/10 rounded-full blur-3xl"[31m
          [36m/>[31m
          [36m<div[31m
            [33mclass[31m=[32m"absolute bottom-1/4 left-1/4 w-80 h-80 bg-primary-foreground/5 rounded-full blur-3xl"[31m
          [36m/>[31m
        [36m</div>[31m
        [36m<div[31m
          [33mclass[31m=[32m"relative text-center text-primary-foreground max-w-lg"[31m
        [36m>[31m
          [36m<div[31m
            [33mclass[31m=[32m"w-20 h-20 rounded-2xl bg-primary-foreground/20 flex items-center justify-center mx-auto mb-8 animate-float"[31m
          [36m>[31m
            [36m<img[31m
              [33malt[31m=[32m"Zipties logo"[31m
              [33mclass[31m=[32m"w-16 h-16"[31m
              [33msrc[31m=[32m"/src/assets/logo.png"[31m
            [36m/>[31m
          [36m</div>[31m
          [36m<h2[31m
            [33mclass[31m=[32m"text-4xl font-bold mb-4"[31m
          [36m>[31m
            [0mReset Your Password[0m
          [36m</h2>[31m
          [36m<p[31m
            [33mclass[31m=[32m"text-lg text-primary-foreground/80"[31m
          [36m>[31m
            [0mEnter your registered email and weÔÇÖll help you get back into your community in no time.[0m
          [36m</p>[31m
        [36m</div>[31m
      [36m</div>[31m
    [36m</div>[31m
    [36m<footer[31m
      [33mclass[31m=[32m"w-full border-t border-border bg-background "[31m
    [36m>[31m
      [36m<div[31m
        [33mclass[31m=[32m"mx-auto max-w-7xl px-4 py-4"[31m
      [36m>[31m
        [36m<div[31m
          [33mclass[31m=[32m"flex flex-col gap-3 text-center md:flex-row md:items-center md:justify-between"[31m
        [36m>[31m
          [36m<div[31m
            [33mclass[31m=[32m"flex items-center justify-center gap-2 text-sm text-muted-foreground"[31m
          [36m>[31m
            [36m<span[31m
              [33mclass[31m=[32m"font-semibold text-foreground"[31m
            [36m>[31m
              [0mZipties[0m
            [36m</span>[31m
            [36m<span>[31m
              [0m┬® [0m
              [0m2026[0m
            [36m</span>[31m
          [36m</div>[31m
          [36m<nav[31m
            [33mclass[31m=[32m"flex flex-wrap justify-center gap-x-4 gap-y-2 text-sm"[31m
          [36m>[31m
            [36m<a[31m
              [33mclass[31m=[32m"text-muted-foreground hover:text-foreground transition-colors"[31m
              [33mhref[31m=[32m"/terms"[31m
            [36m>[31m
              [0mTerms and Conditions [0m
            [36m</a>[31m
            [36m<a[31m
              [33mclass[31m=[32m"text-muted-foreground hover:text-foreground transition-colors"[31m
              [33mhref[31m=[32m"/privacy-policy"[31m
            [36m>[31m
              [0mPrivacy Policy[0m
            [36m</a>[31m
            [36m<a[31m
              [33mclass[31m=[32m"text-muted-foreground hover:text-foreground transition-colors"[31m
              [33mhref[31m=[32m"/about-us"[31m
            [36m>[31m
              [0mAbout Us[0m
            [36m</a>[31m
          [36m</nav>[31m
        [36m</div>[31m
      [36m</div>[31m
    [36m</footer>[31m
  [36m</div>[31m
[36m</body>[31m[39m
[31m   [31m├ù[31m ForgotPassword Page[2m > [22mshows validation error for invalid email[39m[32m 15[2mms[22m[39m
[31m     ÔåÆ Found a label with the text of: /email/i, however no form control was found associated to that label. Make sure you're using the "for" attribute or "aria-labelledby" attribute correctly.

Ignored nodes: comments, script, style
[36m<body>[31m
  [36m<div>[31m
    [36m<div[31m
      [33mclass[31m=[32m"min-h-[90vh] flex"[31m
    [36m>[31m
      [36m<div[31m
        [33mclass[31m=[32m"w-full lg:w-1/2 flex flex-col justify-center px-8 md:px-20"[31m
      [36m>[31m
        [36m<div[31m
          [33mclass[31m=[32m"flex items-center gap-2 mb-6"[31m
        [36m>[31m
          [36m<span[31m
            [33mclass[31m=[32m"text-2xl font-bold text-foreground"[31m
          [36m>[31m
            [0mZipties[0m
          [36m</span>[31m
        [36m</div>[31m
        [36m<h1[31m
          [33mclass[31m=[32m"text-3xl font-bold mb-2"[31m
        [36m>[31m
          [0mForgot password?[0m
        [36m</h1>[31m
        [36m<p[31m
          [33mclass[31m=[32m"text-gray-500 mb-8"[31m
        [36m>[31m
          [0mNo worries. WeÔÇÖll send you a reset link.[0m
        [36m</p>[31m
        [36m<form[31m
          [33mclass[31m=[32m"space-y-6"[31m
        [36m>[31m
          [36m<div>[31m
            [36m<label[31m
              [33mclass[31m=[32m"text-sm font-medium mb-1 block"[31m
            [36m>[31m
              [0mEmail[0m
            [36m</label>[31m
            [36m<input[31m
              [33mclass[31m=[32m"flex h-10 w-full rounded-md border border-input bg-background px-3 py-2 text-base ring-offset-background file:border-0 file:bg-transparent file:text-sm file:font-medium file:text-foreground placeholder:text-muted-foreground focus-visible:outline-none focus-visible:ring-2 focus-visible:ring-ring focus-visible:ring-offset-2 disabled:cursor-not-allowed disabled:opacity-50 md:text-sm"[31m
              [33mname[31m=[32m"email"[31m
              [33mplaceholder[31m=[32m"you@example.com"[31m
              [33mtype[31m=[32m"email"[31m
            [36m/>[31m
          [36m</div>[31m
          [36m<button[31m
            [33mclass[31m=[32m"inline-flex items-center justify-center gap-2 whitespace-nowrap font-medium ring-offset-background transition-all duration-200 focus-visible:outline-none focus-visible:ring-2 focus-visible:ring-ring focus-visible:ring-offset-2 disabled:pointer-events-none disabled:opacity-50 [&_svg]:pointer-events-none [&_svg]:size-4 [&_svg]:shrink-0 bg-gradient-hero text-primary-foreground shadow-lg shadow-glow hover:shadow-xl hover:scale-[1.02] active:scale-[0.98] h-12 rounded-lg px-8 text-base w-full"[31m
            [33mtype[31m=[32m"submit"[31m
          [36m>[31m
            [0mSend reset link[0m
          [36m</button>[31m
        [36m</form>[31m
        [36m<p[31m
          [33mclass[31m=[32m"text-sm text-gray-500 mt-6"[31m
        [36m>[31m
          [0mRemember your password?[0m
          [0m [0m
          [36m<a[31m
            [33mclass[31m=[32m"text-primary font-medium"[31m
            [33mhref[31m=[32m"/"[31m
          [36m>[31m
            [0mSign in[0m
          [36m</a>[31m
        [36m</p>[31m
      [36m</div>[31m
      [36m<div[31m
        [33mclass[31m=[32m"hidden lg:flex flex-1 bg-gradient-hero items-center justify-center p-16 relative overflow-hidden"[31m
      [36m>[31m
        [36m<div[31m
          [33mclass[31m=[32m"absolute inset-0 overflow-hidden"[31m
        [36m>[31m
          [36m<div[31m
            [33mclass[31m=[32m"absolute top-1/4 right-1/4 w-64 h-64 bg-primary-foreground/10 rounded-full blur-3xl"[31m
          [36m/>[31m
          [36m<div[31m
            [33mclass[31m=[32m"absolute bottom-1/4 left-1/4 w-80 h-80 bg-primary-foreground/5 rounded-full blur-3xl"[31m
          [36m/>[31m
        [36m</div>[31m
        [36m<div[31m
          [33mclass[31m=[32m"relative text-center text-primary-foreground max-w-lg"[31m
        [36m>[31m
          [36m<div[31m
            [33mclass[31m=[32m"w-20 h-20 rounded-2xl bg-primary-foreground/20 flex items-center justify-center mx-auto mb-8 animate-float"[31m
          [36m>[31m
            [36m<img[31m
              [33malt[31m=[32m"Zipties logo"[31m
              [33mclass[31m=[32m"w-16 h-16"[31m
              [33msrc[31m=[32m"/src/assets/logo.png"[31m
            [36m/>[31m
          [36m</div>[31m
          [36m<h2[31m
            [33mclass[31m=[32m"text-4xl font-bold mb-4"[31m
          [36m>[31m
            [0mReset Your Password[0m
          [36m</h2>[31m
          [36m<p[31m
            [33mclass[31m=[32m"text-lg text-primary-foreground/80"[31m
          [36m>[31m
            [0mEnter your registered email and weÔÇÖll help you get back into your community in no time.[0m
          [36m</p>[31m
        [36m</div>[31m
      [36m</div>[31m
    [36m</div>[31m
    [36m<footer[31m
      [33mclass[31m=[32m"w-full border-t border-border bg-background "[31m
    [36m>[31m
      [36m<div[31m
        [33mclass[31m=[32m"mx-auto max-w-7xl px-4 py-4"[31m
      [36m>[31m
        [36m<div[31m
          [33mclass[31m=[32m"flex flex-col gap-3 text-center md:flex-row md:items-center md:justify-between"[31m
        [36m>[31m
          [36m<div[31m
            [33mclass[31m=[32m"flex items-center justify-center gap-2 text-sm text-muted-foreground"[31m
          [36m>[31m
            [36m<span[31m
              [33mclass[31m=[32m"font-semibold text-foreground"[31m
            [36m>[31m
              [0mZipties[0m
            [36m</span>[31m
            [36m<span>[31m
              [0m┬® [0m
              [0m2026[0m
            [36m</span>[31m
          [36m</div>[31m
          [36m<nav[31m
            [33mclass[31m=[32m"flex flex-wrap justify-center gap-x-4 gap-y-2 text-sm"[31m
          [36m>[31m
            [36m<a[31m
              [33mclass[31m=[32m"text-muted-foreground hover:text-foreground transition-colors"[31m
              [33mhref[31m=[32m"/terms"[31m
            [36m>[31m
              [0mTerms and Conditions [0m
            [36m</a>[31m
            [36m<a[31m
              [33mclass[31m=[32m"text-muted-foreground hover:text-foreground transition-colors"[31m
              [33mhref[31m=[32m"/privacy-policy"[31m
            [36m>[31m
              [0mPrivacy Policy[0m
            [36m</a>[31m
            [36m<a[31m
              [33mclass[31m=[32m"text-muted-foreground hover:text-foreground transition-colors"[31m
              [33mhref[31m=[32m"/about-us"[31m
            [36m>[31m
              [0mAbout Us[0m
            [36m</a>[31m
          [36m</nav>[31m
        [36m</div>[31m
      [36m</div>[31m
    [36m</footer>[31m
  [36m</div>[31m
[36m</body>[31m[39m
[31m   [31m├ù[31m ForgotPassword Page[2m > [22mshows success message on successful request[39m[32m 13[2mms[22m[39m
[31m     ÔåÆ Found a label with the text of: /email/i, however no form control was found associated to that label. Make sure you're using the "for" attribute or "aria-labelledby" attribute correctly.

Ignored nodes: comments, script, style
[36m<body>[31m
  [36m<div>[31m
    [36m<div[31m
      [33mclass[31m=[32m"min-h-[90vh] flex"[31m
    [36m>[31m
      [36m<div[31m
        [33mclass[31m=[32m"w-full lg:w-1/2 flex flex-col justify-center px-8 md:px-20"[31m
      [36m>[31m
        [36m<div[31m
          [33mclass[31m=[32m"flex items-center gap-2 mb-6"[31m
        [36m>[31m
          [36m<span[31m
            [33mclass[31m=[32m"text-2xl font-bold text-foreground"[31m
          [36m>[31m
            [0mZipties[0m
          [36m</span>[31m
        [36m</div>[31m
        [36m<h1[31m
          [33mclass[31m=[32m"text-3xl font-bold mb-2"[31m
        [36m>[31m
          [0mForgot password?[0m
        [36m</h1>[31m
        [36m<p[31m
          [33mclass[31m=[32m"text-gray-500 mb-8"[31m
        [36m>[31m
          [0mNo worries. WeÔÇÖll send you a reset link.[0m
        [36m</p>[31m
        [36m<form[31m
          [33mclass[31m=[32m"space-y-6"[31m
        [36m>[31m
          [36m<div>[31m
            [36m<label[31m
              [33mclass[31m=[32m"text-sm font-medium mb-1 block"[31m
            [36m>[31m
              [0mEmail[0m
            [36m</label>[31m
            [36m<input[31m
              [33mclass[31m=[32m"flex h-10 w-full rounded-md border border-input bg-background px-3 py-2 text-base ring-offset-background file:border-0 file:bg-transparent file:text-sm file:font-medium file:text-foreground placeholder:text-muted-foreground focus-visible:outline-none focus-visible:ring-2 focus-visible:ring-ring focus-visible:ring-offset-2 disabled:cursor-not-allowed disabled:opacity-50 md:text-sm"[31m
              [33mname[31m=[32m"email"[31m
              [33mplaceholder[31m=[32m"you@example.com"[31m
              [33mtype[31m=[32m"email"[31m
            [36m/>[31m
          [36m</div>[31m
          [36m<button[31m
            [33mclass[31m=[32m"inline-flex items-center justify-center gap-2 whitespace-nowrap font-medium ring-offset-background transition-all duration-200 focus-visible:outline-none focus-visible:ring-2 focus-visible:ring-ring focus-visible:ring-offset-2 disabled:pointer-events-none disabled:opacity-50 [&_svg]:pointer-events-none [&_svg]:size-4 [&_svg]:shrink-0 bg-gradient-hero text-primary-foreground shadow-lg shadow-glow hover:shadow-xl hover:scale-[1.02] active:scale-[0.98] h-12 rounded-lg px-8 text-base w-full"[31m
            [33mtype[31m=[32m"submit"[31m
          [36m>[31m
            [0mSend reset link[0m
          [36m</button>[31m
        [36m</form>[31m
        [36m<p[31m
          [33mclass[31m=[32m"text-sm text-gray-500 mt-6"[31m
        [36m>[31m
          [0mRemember your password?[0m
          [0m [0m
          [36m<a[31m
            [33mclass[31m=[32m"text-primary font-medium"[31m
            [33mhref[31m=[32m"/"[31m
          [36m>[31m
            [0mSign in[0m
          [36m</a>[31m
        [36m</p>[31m
      [36m</div>[31m
      [36m<div[31m
        [33mclass[31m=[32m"hidden lg:flex flex-1 bg-gradient-hero items-center justify-center p-16 relative overflow-hidden"[31m
      [36m>[31m
        [36m<div[31m
          [33mclass[31m=[32m"absolute inset-0 overflow-hidden"[31m
        [36m>[31m
          [36m<div[31m
            [33mclass[31m=[32m"absolute top-1/4 right-1/4 w-64 h-64 bg-primary-foreground/10 rounded-full blur-3xl"[31m
          [36m/>[31m
          [36m<div[31m
            [33mclass[31m=[32m"absolute bottom-1/4 left-1/4 w-80 h-80 bg-primary-foreground/5 rounded-full blur-3xl"[31m
          [36m/>[31m
        [36m</div>[31m
        [36m<div[31m
          [33mclass[31m=[32m"relative text-center text-primary-foreground max-w-lg"[31m
        [36m>[31m
          [36m<div[31m
            [33mclass[31m=[32m"w-20 h-20 rounded-2xl bg-primary-foreground/20 flex items-center justify-center mx-auto mb-8 animate-float"[31m
          [36m>[31m
            [36m<img[31m
              [33malt[31m=[32m"Zipties logo"[31m
              [33mclass[31m=[32m"w-16 h-16"[31m
              [33msrc[31m=[32m"/src/assets/logo.png"[31m
            [36m/>[31m
          [36m</div>[31m
          [36m<h2[31m
            [33mclass[31m=[32m"text-4xl font-bold mb-4"[31m
          [36m>[31m
            [0mReset Your Password[0m
          [36m</h2>[31m
          [36m<p[31m
            [33mclass[31m=[32m"text-lg text-primary-foreground/80"[31m
          [36m>[31m
            [0mEnter your registered email and weÔÇÖll help you get back into your community in no time.[0m
          [36m</p>[31m
        [36m</div>[31m
      [36m</div>[31m
    [36m</div>[31m
    [36m<footer[31m
      [33mclass[31m=[32m"w-full border-t border-border bg-background "[31m
    [36m>[31m
      [36m<div[31m
        [33mclass[31m=[32m"mx-auto max-w-7xl px-4 py-4"[31m
      [36m>[31m
        [36m<div[31m
          [33mclass[31m=[32m"flex flex-col gap-3 text-center md:flex-row md:items-center md:justify-between"[31m
        [36m>[31m
          [36m<div[31m
            [33mclass[31m=[32m"flex items-center justify-center gap-2 text-sm text-muted-foreground"[31m
          [36m>[31m
            [36m<span[31m
              [33mclass[31m=[32m"font-semibold text-foreground"[31m
            [36m>[31m
              [0mZipties[0m
            [36m</span>[31m
            [36m<span>[31m
              [0m┬® [0m
              [0m2026[0m
            [36m</span>[31m
          [36m</div>[31m
          [36m<nav[31m
            [33mclass[31m=[32m"flex flex-wrap justify-center gap-x-4 gap-y-2 text-sm"[31m
          [36m>[31m
            [36m<a[31m
              [33mclass[31m=[32m"text-muted-foreground hover:text-foreground transition-colors"[31m
              [33mhref[31m=[32m"/terms"[31m
            [36m>[31m
              [0mTerms and Conditions [0m
            [36m</a>[31m
            [36m<a[31m
              [33mclass[31m=[32m"text-muted-foreground hover:text-foreground transition-colors"[31m
              [33mhref[31m=[32m"/privacy-policy"[31m
            [36m>[31m
              [0mPrivacy Policy[0m
            [36m</a>[31m
            [36m<a[31m
              [33mclass[31m=[32m"text-muted-foreground hover:text-foreground transition-colors"[31m
              [33mhref[31m=[32m"/about-us"[31m
            [36m>[31m
              [0mAbout Us[0m
            [36m</a>[31m
          [36m</nav>[31m
        [36m</div>[31m
[90mstderr[2m | src/
pages/__tests__/Login.
test.tsx[2m > 
[22m[2mLogin 
Page[2m > 
[22m[2mrenders 
email and password 
fields
[22m[39mÔÜá´©Å 
React Router Future 
Flag Warning: React 
Router will begin 
wrapping state 
updates in `React.star
tTransition` in v7. 
You can use the 
`v7_startTransition` 
future flag to opt-in 
early. For more 
information, see https
://reactrouter.com/v6/
upgrading/future#v7_st
arttransition.
ÔÜá´©Å React Router 
Future Flag Warning: 
Relative route 
resolution within 
Splat routes is 
changing in v7. You 
can use the `v7_relati
veSplatPath` future 
flag to opt-in early. 
For more information, 
see https://reactroute
r.com/v6/upgrading/fut
ure#v7_relativesplatpa
th.

[90mstderr[2m | src/
pages/__tests__/Signup
.test.tsx[2m > 
[22m[2mSignup 
Page[2m > 
[22m[2mrenders all 
required fields for 
signup
[22m[39mÔÜá´©Å 
React Router Future 
Flag Warning: React 
Router will begin 
wrapping state 
updates in `React.star
tTransition` in v7. 
You can use the 
`v7_startTransition` 
future flag to opt-in 
early. For more 
information, see https
://reactrouter.com/v6/
upgrading/future#v7_st
arttransition.
ÔÜá´©Å React Router 
Future Flag Warning: 
Relative route 
resolution within 
Splat routes is 
changing in v7. You 
can use the `v7_relati
veSplatPath` future 
flag to opt-in early. 
For more information, 
see https://reactroute
r.com/v6/upgrading/fut
ure#v7_relativesplatpa
th.

      [36m</div>[31m
    [36m</footer>[31m
  [36m</div>[31m
[36m</body>[31m[39m
[31m   [31m├ù[31m ForgotPassword Page[2m > [22mshows error message when email is not found[39m[32m 15[2mms[22m[39m
[31m     ÔåÆ Found a label with the text of: /email/i, however no form control was found associated to that label. Make sure you're using the "for" attribute or "aria-labelledby" attribute correctly.

Ignored nodes: comments, script, style
[36m<body>[31m
  [36m<div>[31m
    [36m<div[31m
      [33mclass[31m=[32m"min-h-[90vh] flex"[31m
    [36m>[31m
      [36m<div[31m
        [33mclass[31m=[32m"w-full lg:w-1/2 flex flex-col justify-center px-8 md:px-20"[31m
      [36m>[31m
        [36m<div[31m
          [33mclass[31m=[32m"flex items-center gap-2 mb-6"[31m
        [36m>[31m
          [36m<span[31m
            [33mclass[31m=[32m"text-2xl font-bold text-foreground"[31m
          [36m>[31m
            [0mZipties[0m
          [36m</span>[31m
        [36m</div>[31m
        [36m<h1[31m
          [33mclass[31m=[32m"text-3xl font-bold mb-2"[31m
        [36m>[31m
          [0mForgot password?[0m
        [36m</h1>[31m
        [36m<p[31m
          [33mclass[31m=[32m"text-gray-500 mb-8"[31m
        [36m>[31m
          [0mNo worries. WeÔÇÖll send you a reset link.[0m
        [36m</p>[31m
        [36m<form[31m
          [33mclass[31m=[32m"space-y-6"[31m
        [36m>[31m
          [36m<div>[31m
            [36m<label[31m
              [33mclass[31m=[32m"text-sm font-medium mb-1 block"[31m
            [36m>[31m
              [0mEmail[0m
            [36m</label>[31m
            [36m<input[31m
              [33mclass[31m=[32m"flex h-10 w-full rounded-md border border-input bg-background px-3 py-2 text-base ring-offset-background file:border-0 file:bg-transparent file:text-sm file:font-medium file:text-foreground placeholder:text-muted-foreground focus-visible:outline-none focus-visible:ring-2 focus-visible:ring-ring focus-visible:ring-offset-2 disabled:cursor-not-allowed disabled:opacity-50 md:text-sm"[31m
              [33mname[31m=[32m"email"[31m
              [33mplaceholder[31m=[32m"you@example.com"[31m
              [33mtype[31m=[32m"email"[31m
            [36m/>[31m
          [36m</div>[31m
          [36m<button[31m
            [33mclass[31m=[32m"inline-flex items-center justify-center gap-2 whitespace-nowrap font-medium ring-offset-background transition-all duration-200 focus-visible:outline-none focus-visible:ring-2 focus-visible:ring-ring focus-visible:ring-offset-2 disabled:pointer-events-none disabled:opacity-50 [&_svg]:pointer-events-none [&_svg]:size-4 [&_svg]:shrink-0 bg-gradient-hero text-primary-foreground shadow-lg shadow-glow hover:shadow-xl hover:scale-[1.02] active:scale-[0.98] h-12 rounded-lg px-8 text-base w-full"[31m
            [33mtype[31m=[32m"submit"[31m
          [36m>[31m
            [0mSend reset link[0m
          [36m</button>[31m
        [36m</form>[31m
        [36m<p[31m
          [33mclass[31m=[32m"text-sm text-gray-500 mt-6"[31m
        [36m>[31m
          [0mRemember your password?[0m
          [0m [0m
          [36m<a[31m
            [33mclass[31m=[32m"text-primary font-medium"[31m
            [33mhref[31m=[32m"/"[31m
          [36m>[31m
            [0mSign in[0m
          [36m</a>[31m
        [36m</p>[31m
      [36m</div>[31m
      [36m<div[31m
        [33mclass[31m=[32m"hidden lg:flex flex-1 bg-gradient-hero items-center justify-center p-16 relative overflow-hidden"[31m
      [36m>[31m
        [36m<div[31m
          [33mclass[31m=[32m"absolute inset-0 overflow-hidden"[31m
        [36m>[31m
          [36m<div[31m
            [33mclass[31m=[32m"absolute top-1/4 right-1/4 w-64 h-64 bg-primary-foreground/10 rounded-full blur-3xl"[31m
          [36m/>[31m
          [36m<div[31m
            [33mclass[31m=[32m"absolute bottom-1/4 left-1/4 w-80 h-80 bg-primary-foreground/5 rounded-full blur-3xl"[31m
          [36m/>[31m
        [36m</div>[31m
        [36m<div[31m
          [33mclass[31m=[32m"relative text-center text-primary-foreground max-w-lg"[31m
        [36m>[31m
          [36m<div[31m
            [33mclass[31m=[32m"w-20 h-20 rounded-2xl bg-primary-foreground/20 flex items-center justify-center mx-auto mb-8 animate-float"[31m
          [36m>[31m
            [36m<img[31m
              [33malt[31m=[32m"Zipties logo"[31m
              [33mclass[31m=[32m"w-16 h-16"[31m
              [33msrc[31m=[32m"/src/assets/logo.png"[31m
            [36m/>[31m
          [36m</div>[31m
          [36m<h2[31m
            [33mclass[31m=[32m"text-4xl font-bold mb-4"[31m
          [36m>[31m
            [0mReset Your Password[0m
          [36m</h2>[31m
          [36m<p[31m
            [33mclass[31m=[32m"text-lg text-primary-foreground/80"[31m
          [36m>[31m
            [0mEnter your registered email and weÔÇÖll help you get back into your community in no time.[0m
          [36m</p>[31m
        [36m</div>[31m
      [36m</div>[31m
    [36m</div>[31m
    [36m<footer[31m
      [33mclass[31m=[32m"w-full border-t border-border bg-background "[31m
    [36m>[31m
      [36m<div[31m
        [33mclass[31m=[32m"mx-auto max-w-7xl px-4 py-4"[31m
      [36m>[31m
        [36m<div[31m
          [33mclass[31m=[32m"flex flex-col gap-3 text-center md:flex-row md:items-center md:justify-between"[31m
        [36m>[31m
          [36m<div[31m
            [33mclass[31m=[32m"flex items-center justify-center gap-2 text-sm text-muted-foreground"[31m
          [36m>[31m
            [36m<span[31m
              [33mclass[31m=[32m"font-semibold text-foreground"[31m
            [36m>[31m
              [0mZipties[0m
            [36m</span>[31m
            [36m<span>[31m
              [0m┬® [0m
              [0m2026[0m
            [36m</span>[31m
          [36m</div>[31m
          [36m<nav[31m
            [33mclass[31m=[32m"flex flex-wrap justify-center gap-x-4 gap-y-2 text-sm"[31m
          [36m>[31m
            [36m<a[31m
              [33mclass[31m=[32m"text-muted-foreground hover:text-foreground transition-colors"[31m
              [33mhref[31m=[32m"/terms"[31m
            [36m>[31m
              [0mTerms and Conditions [0m
            [36m</a>[31m
            [36m<a[31m
              [33mclass[31m=[32m"text-muted-foreground hover:text-foreground transition-colors"[31m
              [33mhref[31m=[32m"/privacy-policy"[31m
            [36m>[31m
              [0mPrivacy Policy[0m
            [36m</a>[31m
            [36m<a[31m
              [33mclass[31m=[32m"text-muted-foreground hover:text-foreground transition-colors"[31m
              [33mhref[31m=[32m"/about-us"[31m
            [36m>[31m
              [0mAbout Us[0m
            [36m</a>[31m
          [36m</nav>[31m
        [36m</div>[31m
      [36m</div>[31m
    [36m</footer>[31m
  [36m</div>[31m
[36m</body>[31m[39m
 [31mÔØ»[39m src/pages/__tests__/Login.test.tsx [2m([22m[2m4 tests[22m[2m | [22m[31m3 failed[39m[2m)[22m[32m 273[2mms[22m[39m
[31m   [31m├ù[31m Login Page[2m > [22mrenders email and password fields[39m[32m 85[2mms[22m[39m
[31m     ÔåÆ Found a label with the text of: /email/i, however no form control was found associated to that label. Make sure you're using the "for" attribute or "aria-labelledby" attribute correctly.

Ignored nodes: comments, script, style
[36m<body>[31m
  [36m<div>[31m
    [36m<div[31m
      [33mclass[31m=[32m"min-h-[90vh] bg-background flex "[31m
    [36m>[31m
      [36m<div[31m
        [33mclass[31m=[32m"flex-1 flex flex-col justify-center px-8 md:px-16 lg:px-24 p-5"[31m
      [36m>[31m
        [36m<div[31m
          [33mclass[31m=[32m"max-w-md w-full mx-auto"[31m
        [36m>[31m
          [36m<div[31m
            [33mclass[31m=[32m"mb-4"[31m
          [36m>[31m
            [36m<img[31m
              [33malt[31m=[32m""[31m
              [33mclass[31m=[32m"mb-5"[31m
              [33msrc[31m=[32m"/src/assets/zeptis-logo-1.png"[31m
            [36m/>[31m
            [36m<h1[31m
              [33mclass[31m=[32m"text-3xl font-bold mb-2"[31m
            [36m>[31m
              [0mWelcome back[0m
            [36m</h1>[31m
            [36m<p[31m
              [33mclass[31m=[32m"text-muted-foreground"[31m
            [36m>[31m
              [0mSign in to continue[0m
            [36m</p>[31m
          [36m</div>[31m
          [36m<form[31m
            [33mclass[31m=[32m"space-y-2"[31m
          [36m>[31m
            [36m<div[31m
              [33mclass[31m=[32m"space-y-1"[31m
            [36m>[31m
              [36m<label[31m
                [33mclass[31m=[32m"text-sm font-medium leading-none peer-disabled:cursor-not-allowed peer-disabled:opacity-70"[31m
              [36m>[31m
                [0mEmail[0m
              [36m</label>[31m
              [36m<div[31m
                [33mclass[31m=[32m"relative"[31m
              [36m>[31m
                [36m<svg[31m
                  [33mclass[31m=[32m"lucide lucide-mail absolute left-3 top-1/2 -translate-y-1/2 w-5 h-5 text-muted-foreground"[31m
                  [33mfill[31m=[32m"none"[31m
                  [33mheight[31m=[32m"24"[31m
                  [33mstroke[31m=[32m"currentColor"[31m
                  [33mstroke-linecap[31m=[32m"round"[31m
                  [33mstroke-linejoin[31m=[32m"round"[31m
                  [33mstroke-width[31m=[32m"2"[31m
                  [33mviewBox[31m=[32m"0 0 24 24"[31m
                  [33mwidth[31m=[32m"24"[31m
                  [33mxmlns[31m=[32m"http://www.w3.org/2000/svg"[31m
                [36m>[31m
                  [36m<rect[31m
                    [33mheight[31m=[32m"16"[31m
                    [33mrx[31m=[32m"2"[31m
                    [33mwidth[31m=[32m"20"[31m
                    [33mx[31m=[32m"2"[31m
                    [33my[31m=[32m"4"[31m
                  [36m/>[31m
                  [36m<path[31m
                    [33md[31m=[32m"m22 7-8.97 5.7a1.94 1.94 0 0 1-2.06 0L2 7"[31m
                  [36m/>[31m
                [36m</svg>[31m
                [36m<input[31m
                  [33mclass[31m=[32m"flex w-full rounded-md border border-input bg-background px-3 py-2 text-base ring-offset-background file:border-0 file:bg-transparent file:text-sm file:font-medium file:text-foreground placeholder:text-muted-foreground focus-visible:outline-none focus-visible:ring-2 focus-visible:ring-ring focus-visible:ring-offset-2 disabled:cursor-not-allowed disabled:opacity-50 md:text-sm pl-10 h-12"[31m
                  [33mname[31m=[32m"email"[31m
                  [33mplaceholder[31m=[32m"you@example.com"[31m
                  [33mtype[31m=[32m"email"[31m
                [36m/>[31m
              [36m</div>[31m
            [36m</div>[31m
            [36m<div[31m
              [33mclass[31m=[32m"space-y-1"[31m
            [36m>[31m
              [36m<label[31m
                [33mclass[31m=[32m"text-sm font-medium leading-none peer-disabled:cursor-not-allowed peer-disabled:opacity-70"[31m
              [36m>[31m
                [0mPassword[0m
              [36m</label>[31m
              [36m<div[31m
                [33mclass[31m=[32m"relative"[31m
              [36m>[31m
                [36m<svg[31m
                  [33mclass[31m=[32m"lucide lucide-lock absolute left-3 top-1/2 -translate-y-1/2 w-5 h-5 text-muted-foreground"[31m
                  [33mfill[31m=[32m"none"[31m
                  [33mheight[31m=[32m"24"[31m
                  [33mstroke[31m=[32m"currentColor"[31m
                  [33mstroke-linecap[31m=[32m"round"[31m
                  [33mstroke-linejoin[31m=[32m"round"[31m
                  [33mstroke-width[31m=[32m"2"[31m
                  [33mviewBox[31m=[32m"0 0 24 24"[31m
                  [33mwidth[31m=[32m"24"[31m
                  [33mxmlns[31m=[32m"http://www.w3.org/2000/svg"[31m
                [36m>[31m
                  [36m<rect[31m
                    [33mheight[31m=[32m"11"[31m
                    [33mrx[31m=[32m"2"[31m
                    [33mry[31m=[32m"2"[31m
                    [33mwidth[31m=[32m"18"[31m
                    [33mx[31m=[32m"3"[31m
                    [33my[31m=[32m"11"[31m
                  [36m/>[31m
                  [36m<path[31m
                    [33md[31m=[32m"M7 11V7a5 5 0 0 1 10 0v4"[31m
                  [36m/>[31m
                [36m</svg>[31m
                [36m<input[31m
                  [33mclass[31m=[32m"flex w-full rounded-md border border-input bg-background px-3 py-2 text-base ring-offset-background file:border-0 file:bg-transparent file:text-sm file:font-medium file:text-foreground placeholder:text-muted-foreground focus-visible:outline-none focus-visible:ring-2 focus-visible:ring-ring focus-visible:ring-offset-2 disabled:cursor-not-allowed disabled:opacity-50 md:text-sm pl-10 pr-10 h-12"[31m
                  [33mname[31m=[32m"password"[31m
                  [33mplaceholder[31m=[32m"ÔÇóÔÇóÔÇóÔÇóÔÇóÔÇóÔÇóÔÇó"[31m
                  [33mtype[31m=[32m"password"[31m
                [36m/>[31m
                [36m<button[31m
                  [33mclass[31m=[32m"absolute right-3 top-1/2 -translate-y-1/2"[31m
                  [33mtype[31m=[32m"button"[31m
                [36m>[31m
                  [36m<svg[31m
                    [33mclass[31m=[32m"lucide lucide-eye"[31m
                    [33mfill[31m=[32m"none"[31m
                    [33mheight[31m=[32m"24"[31m
                    [33mstroke[31m=[32m"currentColor"[31m
                    [33mstroke-linecap[31m=[32m"round"[31m
                    [33mstroke-linejoin[31m=[32m"round"[31m
                    [33mstroke-width[31m=[32m"2"[31m
                    [33mviewBox[31m=[32m"0 0 24 24"[31m
                    [33mwidth[31m=[32m"24"[31m
                    [33mxmlns[31m=[32m"http://www.w3.org/2000/svg"[31m
                  [36m>[31m
                    [36m<path[31m
                      [33md[31m=[32m"M2.062 12.348a1 1 0 0 1 0-.696 10.75 10.75 0 0 1 19.876 0 1 1 0 0 1 0 .696 10.75 10.75 0 0 1-19.876 0"[31m
                    [36m/>[31m
                    [36m<circle[31m
                      [33mcx[31m=[32m"12"[31m
                      [33mcy[31m=[32m"12"[31m
                      [33mr[31m=[32m"3"[31m
                    [36m/>[31m
                  [36m</svg>[31m
                [36m</button>[31m
              [36m</div>[31m
            [36m</div>[31m
            [36m<div[31m
              [33mclass[31m=[32m"flex items-center justify-between"[31m
            [36m>[31m
              [36m<label[31m
                [33mclass[31m=[32m"flex items-center gap-2 cursor-pointer"[31m
              [36m>[31m
                [36m<input[31m
                  [33mclass[31m=[32m"h-4 w-4 ml-1 rounded border-muted-foreground text-primary focus:ring-primary cursor-pointer accent-primary"[31m
                  [33mtype[31m=[32m"checkbox"[31m
                [36m/>[31m
                [36m<span[31m
                  [33mclass[31m=[32m"text-sm text-muted-foreground"[31m
                [36m>[31m
                  [0mRemember me[0m
                [36m</span>[31m
              [36m</label>[31m
              [36m<button[31m
                [33mclass[31m=[32m"text-sm text-primary hover:underline"[31m
                [33mtype[31m=[32m"button"[31m
              [36m>[31m
                [0mForgot password?[0m
              [36m</button>[31m
            [36m</div>[31m
            [36m<button[31m
              [33mclass[31m=[32m"inline-flex items-center justify-center gap-2 whitespace-nowrap font-medium ring-offset-background transition-all duration-200 focus-visible:outline-none focus-visible:ring-2 focus-visible:ring-ring focus-visible:ring-offset-2 disabled:pointer-events-none disabled:opacity-50 [&_svg]:pointer-events-none [&_svg]:size-4 [&_svg]:shrink-0 bg-gradient-hero text-primary-foreground shadow-lg shadow-glow hover:shadow-xl hover:scale-[1.02] active:scale-[0.98] h-12 rounded-lg px-8 text-base w-full"[31m
              [33mtype[31m=[32m"submit"[31m
            [36m>[31m
              [0mSign In[0m
            [36m</button>[31m
          [36m</form>[31m
          [36m<p[31m
            [33mclass[31m=[32m"text-center mt-4 text-muted-foreground"[31m
          [36m>[31m
            [0mDon't have an account?[0m
            [0m [0m
            [36m<button[31m
              [33mclass[31m=[32m"text-primary font-medium hover:underline"[31m
              [33mtype[31m=[32m"button"[31m
            [36m>[31m
              [0mSign up[0m
            [36m</button>[31m
          [36m</p>[31m
        [36m</div>[31m
      [36m</div>[31m
      [36m<div[31m
        [33mclass[31m=[32m"hidden lg:flex flex-1 bg-gradient-hero items-center justify-center p-16 relative overflow-hidden"[31m
      [36m>[31m
        [36m<div[31m
          [33mclass[31m=[32m"absolute inset-0 overflow-hidden"[31m
        [36m>[31m
          [36m<div[31m
            [33mclass[31m=[32m"absolute top-1/4 right-1/4 w-64 h-64 bg-primary-foreground/10 rounded-full blur-3xl"[31m
          [36m/>[31m
          [36m<div[31m
            [33mclass[31m=[32m"absolute bottom-1/4 left-1/4 w-80 h-80 bg-primary-foreground/5 rounded-full blur-3xl"[31m
          [36m/>[31m
        [36m</div>[31m
        [36m<div[31m
          [33mclass[31m=[32m"relative text-center text-primary-foreground max-w-lg"[31m
        [36m>[31m
          [36m<div[31m
            [33mclass[31m=[32m"w-20 h-20 rounded-2xl bg-primary-foreground/20 flex items-center justify-center mx-auto mb-8 animate-float"[31m
          [36m>[31m
            [36m<img[31m
              [33malt[31m=[32m""[31m
              [33mclass[31m=[32m"w-16 h-16"[31m
              [33msrc[31m=[32m"/src/assets/logo.png"[31m
            [36m/>[31m
          [36m</div>[31m
          [36m<h2[31m
            [33mclass[31m=[32m"text-4xl font-bold mb-4"[31m
          [36m>[31m
            [0mJoin the Community[0m
          [36m</h2>[31m
          [36m<p[31m
            [33mclass[31m=[32m"text-lg text-primary-foreground/80"[31m
          [36m>[31m
            [0mConnect, collaborate, and build together.[0m
          [36m</p>[31m
        [36m</div>[31m
      [36m</div>[31m
    [36m</div>[31m
    [36m<footer[31m
      [33mclass[31m=[32m"w-full border-t border-border bg-background "[31m
    [36m>[31m
      [36m<div[31m
        [33mclass[31m=[32m"mx-auto max-w-7xl px-4 py-4"[31m
      [36m>[31m
        [36m<div[31m
          [33mclass[31m=[32m"flex flex-col gap-3 text-center md:flex-row md:items-center md:justify-between"[31m
        [36m>[31m
          [36m<div[31m
            [33mclass[31m=[32m"flex items-center justify-center gap-2 text-sm text-muted-foreground"[31m
          [36m>[31m
            [36m<span[31m
              [33mclass[31m=[32m"font-semibold text-foreground"[31m
            [36m>[31m
              [0mZipties[0m
            [36m</span>[31m
            [36m<span>[31m
              [0m┬® [0m
              [0m2026[0m
            [36m</span>[31m
          [36m</div>[31m
          [36m<nav[31m
            [33mclass[31m=[32m"flex flex-wrap justify-center gap-x-4 gap-y-2 text-sm"[31m
          [36m>[31m
            [36m<a[31m
              [33mclass[31m=[32m"text-muted-foreground hover:text-foreground transition-colors"[31m
              [33mhref[31m=[32m"/terms"[31m
            [36m>[31m
              [0mTerms and Conditions [0m
            [36m</a>[31m
            [36m<a[31m
              [33mclass[31m=[32m"text-muted-foreground hover:text-foreground transition-colors"[31m
              [33mhref[31m=[32m"/privacy-policy"[31m
            [36m>[31m
              [0mPrivacy Policy[0m
            [36m</a>[31m
            [36m<a[31m
              [33mclass[31m=[32m"text-muted-foreground hover:text-foreground transition-colors"[31m
              [33mhref[31m=[32m"/about-us"[31m
            [36m>[31m
              [0mAbout Us[0m
            [36m</a>[31m
          [36m</nav>[31m
        [36m</div>[31m
      [36m</div>[31m
    [36m</footer>[31m
  [36m</div>[31m
[36m</body>[31m[39m
   [32mÔ£ô[39m Login Page[2m > [22mshows validation errors for empty inputs[32m 146[2mms[22m[39m
[31m   [31m├ù[31m Login Page[2m > [22msuccessful login redirects user[39m[32m 20[2mms[22m[39m
[31m     ÔåÆ Found a label with the text of: /email/i, however no form control was found associated to that label. Make sure you're using the "for" attribute or "aria-labelledby" attribute correctly.

Ignored nodes: comments, script, style
[36m<body>[31m
  [36m<div>[31m
    [36m<div[31m
      [33mclass[31m=[32m"min-h-[90vh] bg-background flex "[31m
    [36m>[31m
      [36m<div[31m
        [33mclass[31m=[32m"flex-1 flex flex-col justify-center px-8 md:px-16 lg:px-24 p-5"[31m
      [36m>[31m
        [36m<div[31m
          [33mclass[31m=[32m"max-w-md w-full mx-auto"[31m
        [36m>[31m
          [36m<div[31m
            [33mclass[31m=[32m"mb-4"[31m
          [36m>[31m
            [36m<img[31m
              [33malt[31m=[32m""[31m
              [33mclass[31m=[32m"mb-5"[31m
              [33msrc[31m=[32m"/src/assets/zeptis-logo-1.png"[31m
            [36m/>[31m
            [36m<h1[31m
              [33mclass[31m=[32m"text-3xl font-bold mb-2"[31m
            [36m>[31m
              [0mWelcome back[0m
            [36m</h1>[31m
            [36m<p[31m
              [33mclass[31m=[32m"text-muted-foreground"[31m
            [36m>[31m
              [0mSign in to continue[0m
            [36m</p>[31m
          [36m</div>[31m
          [36m<form[31m
            [33mclass[31m=[32m"space-y-2"[31m
          [36m>[31m
            [36m<div[31m
              [33mclass[31m=[32m"space-y-1"[31m
            [36m>[31m
              [36m<label[31m
                [33mclass[31m=[32m"text-sm font-medium leading-none peer-disabled:cursor-not-allowed peer-disabled:opacity-70"[31m
              [36m>[31m
                [0mEmail[0m
              [36m</label>[31m
              [36m<div[31m
                [33mclass[31m=[32m"relative"[31m
              [36m>[31m
                [36m<svg[31m
                  [33mclass[31m=[32m"lucide lucide-mail absolute left-3 top-1/2 -translate-y-1/2 w-5 h-5 text-muted-foreground"[31m
                  [33mfill[31m=[32m"none"[31m
                  [33mheight[31m=[32m"24"[31m
                  [33mstroke[31m=[32m"currentColor"[31m
                  [33mstroke-linecap[31m=[32m"round"[31m
                  [33mstroke-linejoin[31m=[32m"round"[31m
                  [33mstroke-width[31m=[32m"2"[31m
                  [33mviewBox[31m=[32m"0 0 24 24"[31m
                  [33mwidth[31m=[32m"24"[31m
                  [33mxmlns[31m=[32m"http://www.w3.org/2000/svg"[31m
                [36m>[31m
                  [36m<rect[31m
                    [33mheight[31m=[32m"16"[31m
                    [33mrx[31m=[32m"2"[31m
                    [33mwidth[31m=[32m"20"[31m
                    [33mx[31m=[32m"2"[31m
                    [33my[31m=[32m"4"[31m
                  [36m/>[31m
                  [36m<path[31m
                    [33md[31m=[32m"m22 7-8.97 5.7a1.94 1.94 0 0 1-2.06 0L2 7"[31m
                  [36m/>[31m
                [36m</svg>[31m
                [36m<input[31m
                  [33mclass[31m=[32m"flex w-full rounded-md border border-input bg-background px-3 py-2 text-base ring-offset-background file:border-0 file:bg-transparent file:text-sm file:font-medium file:text-foreground placeholder:text-muted-foreground focus-visible:outline-none focus-visible:ring-2 focus-visible:ring-ring focus-visible:ring-offset-2 disabled:cursor-not-allowed disabled:opacity-50 md:text-sm pl-10 h-12"[31m
                  [33mname[31m=[32m"email"[31m
                  [33mplaceholder[31m=[32m"you@example.com"[31m
                  [33mtype[31m=[32m"email"[31m
                [36m/>[31m
              [36m</div>[31m
            [36m</div>[31m
            [36m<div[31m
              [33mclass[31m=[32m"space-y-1"[31m
            [36m>[31m
              [36m<label[31m
                [33mclass[31m=[32m"text-sm font-medium leading-none peer-disabled:cursor-not-allowed peer-disabled:opacity-70"[31m
              [36m>[31m
                [0mPassword[0m
              [36m</label>[31m
              [36m<div[31m
                [33mclass[31m=[32m"relative"[31m
              [36m>[31m
                [36m<svg[31m
                  [33mclass[31m=[32m"lucide lucide-lock absolute left-3 top-1/2 -translate-y-1/2 w-5 h-5 text-muted-foreground"[31m
                  [33mfill[31m=[32m"none"[31m
                  [33mheight[31m=[32m"24"[31m
                  [33mstroke[31m=[32m"currentColor"[31m
                  [33mstroke-linecap[31m=[32m"round"[31m
                  [33mstroke-linejoin[31m=[32m"round"[31m
                  [33mstroke-width[31m=[32m"2"[31m
                  [33mviewBox[31m=[32m"0 0 24 24"[31m
                  [33mwidth[31m=[32m"24"[31m
                  [33mxmlns[31m=[32m"http://www.w3.org/2000/svg"[31m
                [36m>[31m
                  [36m<rect[31m
                    [33mheight[31m=[32m"11"[31m
                    [33mrx[31m=[32m"2"[31m
                    [33mry[31m=[32m"2"[31m
                    [33mwidth[31m=[32m"18"[31m
                    [33mx[31m=[32m"3"[31m
                    [33my[31m=[32m"11"[31m
                  [36m/>[31m
                  [36m<path[31m
                    [33md[31m=[32m"M7 11V7a5 5 0 0 1 10 0v4"[31m
                  [36m/>[31m
                [36m</svg>[31m
                [36m<input[31m
                  [33mclass[31m=[32m"flex w-full rounded-md border border-input bg-background px-3 py-2 text-base ring-offset-background file:border-0 file:bg-transparent file:text-sm file:font-medium file:text-foreground placeholder:text-muted-foreground focus-visible:outline-none focus-visible:ring-2 focus-visible:ring-ring focus-visible:ring-offset-2 disabled:cursor-not-allowed disabled:opacity-50 md:text-sm pl-10 pr-10 h-12"[31m
                  [33mname[31m=[32m"password"[31m
                  [33mplaceholder[31m=[32m"ÔÇóÔÇóÔÇóÔÇóÔÇóÔÇóÔÇóÔÇó"[31m
                  [33mtype[31m=[32m"password"[31m
                [36m/>[31m
                [36m<button[31m
                  [33mclass[31m=[32m"absolute right-3 top-1/2 -translate-y-1/2"[31m
                  [33mtype[31m=[32m"button"[31m
                [36m>[31m
                  [36m<svg[31m
                    [33mclass[31m=[32m"lucide lucide-eye"[31m
                    [33mfill[31m=[32m"none"[31m
                    [33mheight[31m=[32m"24"[31m
                    [33mstroke[31m=[32m"currentColor"[31m
                    [33mstroke-linecap[31m=[32m"round"[31m
                    [33mstroke-linejoin[31m=[32m"round"[31m
                    [33mstroke-width[31m=[32m"2"[31m
                    [33mviewBox[31m=[32m"0 0 24 24"[31m
                    [33mwidth[31m=[32m"24"[31m
                    [33mxmlns[31m=[32m"http://www.w3.org/2000/svg"[31m
                  [36m>[31m
                    [36m<path[31m
                      [33md[31m=[32m"M2.062 12.348a1 1 0 0 1 0-.696 10.75 10.75 0 0 1 19.876 0 1 1 0 0 1 0 .696 10.75 10.75 0 0 1-19.876 0"[31m
                    [36m/>[31m
                    [36m<circle[31m
                      [33mcx[31m=[32m"12"[31m
                      [33mcy[31m=[32m"12"[31m
                      [33mr[31m=[32m"3"[31m
                    [36m/>[31m
                  [36m</svg>[31m
                [36m</button>[31m
              [36m</div>[31m
            [36m</div>[31m
            [36m<div[31m
              [33mclass[31m=[32m"flex items-center justify-between"[31m
            [36m>[31m
              [36m<label[31m
                [33mclass[31m=[32m"flex items-center gap-2 cursor-pointer"[31m
              [36m>[31m
                [36m<input[31m
                  [33mclass[31m=[32m"h-4 w-4 ml-1 rounded border-muted-foreground text-primary focus:ring-primary cursor-pointer accent-primary"[31m
                  [33mtype[31m=[32m"checkbox"[31m
                [36m/>[31m
                [36m<span[31m
                  [33mclass[31m=[32m"text-sm text-muted-foreground"[31m
                [36m>[31m
                  [0mRemember me[0m
                [36m</span>[31m
              [36m</label>[31m
              [36m<button[31m
                [33mclass[31m=[32m"text-sm text-primary hover:underline"[31m
                [33mtype[31m=[32m"button"[31m
              [36m>[31m
                [0mForgot password?[0m
              [36m</button>[31m
            [36m</div>[31m
            [36m<button[31m
              [33mclass[31m=[32m"inline-flex items-center justify-center gap-2 whitespace-nowrap font-medium ring-offset-background transition-all duration-200 focus-visible:outline-none focus-visible:ring-2 focus-visible:ring-ring focus-visible:ring-offset-2 disabled:pointer-events-none disabled:opacity-50 [&_svg]:pointer-events-none [&_svg]:size-4 [&_svg]:shrink-0 bg-gradient-hero text-primary-foreground shadow-lg shadow-glow hover:shadow-xl hover:scale-[1.02] active:scale-[0.98] h-12 rounded-lg px-8 text-base w-full"[31m
              [33mtype[31m=[32m"submit"[31m
            [36m>[31m
              [0mSign In[0m
            [36m</button>[31m
          [36m</form>[31m
          [36m<p[31m
            [33mclass[31m=[32m"text-center mt-4 text-muted-foreground"[31m
          [36m>[31m
            [0mDon't have an account?[0m
            [0m [0m
            [36m<button[31m
              [33mclass[31m=[32m"text-primary font-medium hover:underline"[31m
              [33mtype[31m=[32m"button"[31m
            [36m>[31m
              [0mSign up[0m
            [36m</button>[31m
          [36m</p>[31m
        [36m</div>[31m
      [36m</div>[31m
      [36m<div[31m
        [33mclass[31m=[32m"hidden lg:flex flex-1 bg-gradient-hero items-center justify-center p-16 relative overflow-hidden"[31m
      [36m>[31m
        [36m<div[31m
          [33mclass[31m=[32m"absolute inset-0 overflow-hidden"[31m
        [36m>[31m
          [36m<div[31m
            [33mclass[31m=[32m"absolute top-1/4 right-1/4 w-64 h-64 bg-primary-foreground/10 rounded-full blur-3xl"[31m
          [36m/>[31m
          [36m<div[31m
            [33mclass[31m=[32m"absolute bottom-1/4 left-1/4 w-80 h-80 bg-primary-foreground/5 rounded-full blur-3xl"[31m
          [36m/>[31m
        [36m</div>[31m
        [36m<div[31m
          [33mclass[31m=[32m"relative text-center text-primary-foreground max-w-lg"[31m
        [36m>[31m
          [36m<div[31m
            [33mclass[31m=[32m"w-20 h-20 rounded-2xl bg-primary-foreground/20 flex items-center justify-center mx-auto mb-8 animate-float"[31m
          [36m>[31m
            [36m<img[31m
              [33malt[31m=[32m""[31m
              [33mclass[31m=[32m"w-16 h-16"[31m
              [33msrc[31m=[32m"/src/assets/logo.png"[31m
            [36m/>[31m
          [36m</div>[31m
          [36m<h2[31m
            [33mclass[31m=[32m"text-4xl font-bold mb-4"[31m
          [36m>[31m
            [0mJoin the Community[0m
          [36m</h2>[31m
          [36m<p[31m
            [33mclass[31m=[32m"text-lg text-primary-foreground/80"[31m
          [36m>[31m
            [0mConnect, collaborate, and build together.[0m
          [36m</p>[31m
        [36m</div>[31m
      [36m</div>[31m
    [36m</div>[31m
    [36m<footer[31m
      [33mclass[31m=[32m"w-full border-t border-border bg-background "[31m
    [36m>[31m
      [36m<div[31m
        [33mclass[31m=[32m"mx-auto max-w-7xl px-4 py-4"[31m
      [36m>[31m
        [36m<div[31m
          [33mclass[31m=[32m"flex flex-col gap-3 text-center md:flex-row md:items-center md:justify-between"[31m
        [36m>[31m
          [36m<div[31m
            [33mclass[31m=[32m"flex items-center justify-center gap-2 text-sm text-muted-foreground"[31m
          [36m>[31m
            [36m<span[31m
              [33mclass[31m=[32m"font-semibold text-foreground"[31m
            [36m>[31m
              [0mZipties[0m
            [36m</span>[31m
            [36m<span>[31m
              [0m┬® [0m
              [0m2026[0m
            [36m</span>[31m
          [36m</div>[31m
          [36m<nav[31m
            [33mclass[31m=[32m"flex flex-wrap justify-center gap-x-4 gap-y-2 text-sm"[31m
          [36m>[31m
            [36m<a[31m
              [33mclass[31m=[32m"text-muted-foreground hover:text-foreground transition-colors"[31m
              [33mhref[31m=[32m"/terms"[31m
            [36m>[31m
              [0mTerms and Conditions [0m
            [36m</a>[31m
            [36m<a[31m
              [33mclass[31m=[32m"text-muted-foreground hover:text-foreground transition-colors"[31m
              [33mhref[31m=[32m"/privacy-policy"[31m
            [36m>[31m
              [0mPrivacy Policy[0m
            [36m</a>[31m
            [36m<a[31m
              [33mclass[31m=[32m"text-muted-foreground hover:text-foreground transition-colors"[31m
              [33mhref[31m=[32m"/about-us"[31m
            [36m>[31m
              [0mAbout Us[0m
            [36m</a>[31m
          [36m</nav>[31m
        [36m</div>[31m
      [36m</div>[31m
    [36m</footer>[31m
  [36m</div>[31m
[36m</body>[31m[39m
[31m   [31m├ù[31m Login Page[2m > [22mfailed login shows error message[39m[32m 19[2mms[22m[39m
[31m     ÔåÆ Found a label with the text of: /email/i, however no form control was found associated to that label. Make sure you're using the "for" attribute or "aria-labelledby" attribute correctly.

Ignored nodes: comments, script, style
[36m<body>[31m
  [36m<div>[31m
    [36m<div[31m
      [33mclass[31m=[32m"min-h-[90vh] bg-background flex "[31m
    [36m>[31m
      [36m<div[31m
        [33mclass[31m=[32m"flex-1 flex flex-col justify-center px-8 md:px-16 lg:px-24 p-5"[31m
      [36m>[31m
        [36m<div[31m
          [33mclass[31m=[32m"max-w-md w-full mx-auto"[31m
        [36m>[31m
          [36m<div[31m
            [33mclass[31m=[32m"mb-4"[31m
          [36m>[31m
            [36m<img[31m
              [33malt[31m=[32m""[31m
              [33mclass[31m=[32m"mb-5"[31m
              [33msrc[31m=[32m"/src/assets/zeptis-logo-1.png"[31m
            [36m/>[31m
            [36m<h1[31m
              [33mclass[31m=[32m"text-3xl font-bold mb-2"[31m
            [36m>[31m
              [0mWelcome back[0m
            [36m</h1>[31m
            [36m<p[31m
              [33mclass[31m=[32m"text-muted-foreground"[31m
            [36m>[31m
              [0mSign in to continue[0m
            [36m</p>[31m
          [36m</div>[31m
          [36m<form[31m
            [33mclass[31m=[32m"space-y-2"[31m
          [36m>[31m
            [36m<div[31m
              [33mclass[31m=[32m"space-y-1"[31m
            [36m>[31m
              [36m<label[31m
                [33mclass[31m=[32m"text-sm font-medium leading-none peer-disabled:cursor-not-allowed peer-disabled:opacity-70"[31m
              [36m>[31m
                [0mEmail[0m
              [36m</label>[31m
              [36m<div[31m
                [33mclass[31m=[32m"relative"[31m
              [36m>[31m
                [36m<svg[31m
                  [33mclass[31m=[32m"lucide lucide-mail absolute left-3 top-1/2 -translate-y-1/2 w-5 h-5 text-muted-foreground"[31m
                  [33mfill[31m=[32m"none"[31m
                  [33mheight[31m=[32m"24"[31m
                  [33mstroke[31m=[32m"currentColor"[31m
                  [33mstroke-linecap[31m=[32m"round"[31m
                  [33mstroke-linejoin[31m=[32m"round"[31m
                  [33mstroke-width[31m=[32m"2"[31m
                  [33mviewBox[31m=[32m"0 0 24 24"[31m
                  [33mwidth[31m=[32m"24"[31m
                  [33mxmlns[31m=[32m"http://www.w3.org/2000/svg"[31m
                [36m>[31m
                  [36m<rect[31m
                    [33mheight[31m=[32m"16"[31m
                    [33mrx[31m=[32m"2"[31m
                    [33mwidth[31m=[32m"20"[31m
                    [33mx[31m=[32m"2"[31m
                    [33my[31m=[32m"4"[31m
                  [36m/>[31m
                  [36m<path[31m
                    [33md[31m=[32m"m22 7-8.97 5.7a1.94 1.94 0 0 1-2.06 0L2 7"[31m
                  [36m/>[31m
                [36m</svg>[31m
                [36m<input[31m
                  [33mclass[31m=[32m"flex w-full rounded-md border border-input bg-background px-3 py-2 text-base ring-offset-background file:border-0 file:bg-transparent file:text-sm file:font-medium file:text-foreground placeholder:text-muted-foreground focus-visible:outline-none focus-visible:ring-2 focus-visible:ring-ring focus-visible:ring-offset-2 disabled:cursor-not-allowed disabled:opacity-50 md:text-sm pl-10 h-12"[31m
                  [33mname[31m=[32m"email"[31m
                  [33mplaceholder[31m=[32m"you@example.com"[31m
                  [33mtype[31m=[32m"email"[31m
                [36m/>[31m
              [36m</div>[31m
            [36m</div>[31m
            [36m<div[31m
              [33mclass[31m=[32m"space-y-1"[31m
            [36m>[31m
              [36m<label[31m
                [33mclass[31m=[32m"text-sm font-medium leading-none peer-disabled:cursor-not-allowed peer-disabled:opacity-70"[31m
              [36m>[31m
                [0mPassword[0m
              [36m</label>[31m
              [36m<div[31m
                [33mclass[31m=[32m"relative"[31m
              [36m>[31m
                [36m<svg[31m
                  [33mclass[31m=[32m"lucide lucide-lock absolute left-3 top-1/2 -translate-y-1/2 w-5 h-5 text-muted-foreground"[31m
                  [33mfill[31m=[32m"none"[31m
                  [33mheight[31m=[32m"24"[31m
                  [33mstroke[31m=[32m"currentColor"[31m
                  [33mstroke-linecap[31m=[32m"round"[31m
                  [33mstroke-linejoin[31m=[32m"round"[31m
                  [33mstroke-width[31m=[32m"2"[31m
                  [33mviewBox[31m=[32m"0 0 24 24"[31m
                  [33mwidth[31m=[32m"24"[31m
                  [33mxmlns[31m=[32m"http://www.w3.org/2000/svg"[31m
                [36m>[31m
                  [36m<rect[31m
                    [33mheight[31m=[32m"11"[31m
                    [33mrx[31m=[32m"2"[31m
                    [33mry[31m=[32m"2"[31m
                    [33mwidth[31m=[32m"18"[31m
                    [33mx[31m=[32m"3"[31m
                    [33my[31m=[32m"11"[31m
                  [36m/>[31m
                  [36m<path[31m
                    [33md[31m=[32m"M7 11V7a5 5 0 0 1 10 0v4"[31m
                  [36m/>[31m
                [36m</svg>[31m
                [36m<input[31m
                  [33mclass[31m=[32m"flex w-full rounded-md border border-input bg-background px-3 py-2 text-base ring-offset-background file:border-0 file:bg-transparent file:text-sm file:font-medium file:text-foreground placeholder:text-muted-foreground focus-visible:outline-none focus-visible:ring-2 focus-visible:ring-ring focus-visible:ring-offset-2 disabled:cursor-not-allowed disabled:opacity-50 md:text-sm pl-10 pr-10 h-12"[31m
                  [33mname[31m=[32m"password"[31m
                  [33mplaceholder[31m=[32m"ÔÇóÔÇóÔÇóÔÇóÔÇóÔÇóÔÇóÔÇó"[31m
                  [33mtype[31m=[32m"password"[31m
                [36m/>[31m
                [36m<button[31m
                  [33mclass[31m=[32m"absolute right-3 top-1/2 -translate-y-1/2"[31m
                  [33mtype[31m=[32m"button"[31m
                [36m>[31m
                  [36m<svg[31m
                    [33mclass[31m=[32m"lucide lucide-eye"[31m
                    [33mfill[31m=[32m"none"[31m
                    [33mheight[31m=[32m"24"[31m
                    [33mstroke[31m=[32m"currentColor"[31m
                    [33mstroke-linecap[31m=[32m"round"[31m
                    [33mstroke-linejoin[31m=[32m"round"[31m
                    [33mstroke-width[31m=[32m"2"[31m
                    [33mviewBox[31m=[32m"0 0 24 24"[31m
                    [33mwidth[31m=[32m"24"[31m
                    [33mxmlns[31m=[32m"http://www.w3.org/2000/svg"[31m
                  [36m>[31m
                    [36m<path[31m
                      [33md[31m=[32m"M2.062 12.348a1 1 0 0 1 0-.696 10.75 10.75 0 0 1 19.876 0 1 1 0 0 1 0 .696 10.75 10.75 0 0 1-19.876 0"[31m
                    [36m/>[31m
                    [36m<circle[31m
                      [33mcx[31m=[32m"12"[31m
                      [33mcy[31m=[32m"12"[31m
                      [33mr[31m=[32m"3"[31m
                    [36m/>[31m
                  [36m</svg>[31m
                [36m</button>[31m
              [36m</div>[31m
            [36m</div>[31m
            [36m<div[31m
              [33mclass[31m=[32m"flex items-center justify-between"[31m
            [36m>[31m
              [36m<label[31m
                [33mclass[31m=[32m"flex items-center gap-2 cursor-pointer"[31m
              [36m>[31m
                [36m<input[31m
                  [33mclass[31m=[32m"h-4 w-4 ml-1 rounded border-muted-foreground text-primary focus:ring-primary cursor-pointer accent-primary"[31m
                  [33mtype[31m=[32m"checkbox"[31m
                [36m/>[31m
                [36m<span[31m
                  [33mclass[31m=[32m"text-sm text-muted-foreground"[31m
                [36m>[31m
                  [0mRemember me[0m
                [36m</span>[31m
              [36m</label>[31m
              [36m<button[31m
                [33mclass[31m=[32m"text-sm text-primary hover:underline"[31m
                [33mtype[31m=[32m"button"[31m
              [36m>[31m
                [0mForgot password?[0m
              [36m</button>[31m
            [36m</div>[31m
            [36m<button[31m
              [33mclass[31m=[32m"inline-flex items-center justify-center gap-2 whitespace-nowrap font-medium ring-offset-background transition-all duration-200 focus-visible:outline-none focus-visible:ring-2 focus-visible:ring-ring focus-visible:ring-offset-2 disabled:pointer-events-none disabled:opacity-50 [&_svg]:pointer-events-none [&_svg]:size-4 [&_svg]:shrink-0 bg-gradient-hero text-primary-foreground shadow-lg shadow-glow hover:shadow-xl hover:scale-[1.02] active:scale-[0.98] h-12 rounded-lg px-8 text-base w-full"[31m
              [33mtype[31m=[32m"submit"[31m
            [36m>[31m
              [0mSign In[0m
            [36m</button>[31m
          [36m</form>[31m
          [36m<p[31m
            [33mclass[31m=[32m"text-center mt-4 text-muted-foreground"[31m
          [36m>[31m
            [0mDon't have an account?[0m
            [0m [0m
            [36m<button[31m
              [33mclass[31m=[32m"text-primary font-medium hover:underline"[31m
              [33mtype[31m=[32m"button"[31m
            [36m>[31m
              [0mSign up[0m
            [36m</button>[31m
          [36m</p>[31m
        [36m</div>[31m
      [36m</div>[31m
      [36m<div[31m
        [33mclass[31m=[32m"hidden lg:flex flex-1 bg-gradient-hero items-center justify-center p-16 relative overflow-hidden"[31m
      [36m>[31m
        [36m<div[31m
          [33mclass[31m=[32m"absolute inset-0 overflow-hidden"[31m
        [36m>[31m
          [36m<div[31m
            [33mclass[31m=[32m"absolute top-1/4 right-1/4 w-64 h-64 bg-primary-foreground/10 rounded-full blur-3xl"[31m
          [36m/>[31m
          [36m<div[31m
            [33mclass[31m=[32m"absolute bottom-1/4 left-1/4 w-80 h-80 bg-primary-foreground/5 rounded-full blur-3xl"[31m
          [36m/>[31m
        [36m</div>[31m
        [36m<div[31m
          [33mclass[31m=[32m"relative text-center text-primary-foreground max-w-lg"[31m
        [36m>[31m
          [36m<div[31m
            [33mclass[31m=[32m"w-20 h-20 rounded-2xl bg-primary-foreground/20 flex items-center justify-center mx-auto mb-8 animate-float"[31m
          [36m>[31m
            [36m<img[31m
              [33malt[31m=[32m""[31m
              [33mclass[31m=[32m"w-16 h-16"[31m
              [33msrc[31m=[32m"/src/assets/logo.png"[31m
            [36m/>[31m
          [36m</div>[31m
          [36m<h2[31m
            [33mclass[31m=[32m"text-4xl font-bold mb-4"[31m
          [36m>[31m
            [0mJoin the Community[0m
          [36m</h2>[31m
          [36m<p[31m
            [33mclass[31m=[32m"text-lg text-primary-foreground/80"[31m
          [36m>[31m
            [0mConnect, collaborate, and build together.[0m
          [36m</p>[31m
        [36m</div>[31m
      [36m</div>[31m
    [36m</div>[31m
    [36m<footer[31m
      [33mclass[31m=[32m"w-full border-t border-border bg-background "[31m
    [36m>[31m
      [36m<div[31m
        [33mclass[31m=[32m"mx-auto max-w-7xl px-4 py-4"[31m
      [36m>[31m
        [36m<div[31m
          [33mclass[31m=[32m"flex flex-col gap-3 text-center md:flex-row md:items-center md:justify-between"[31m
        [36m>[31m
          [36m<div[31m
            [33mclass[31m=[32m"flex items-center justify-center gap-2 text-sm text-muted-foreground"[31m
          [36m>[31m
            [36m<span[31m
              [33mclass[31m=[32m"font-semibold text-foreground"[31m
            [36m>[31m
              [0mZipties[0m
            [36m</span>[31m
            [36m<span>[31m
              [0m┬® [0m
              [0m2026[0m
            [36m</span>[31m
          [36m</div>[31m
          [36m<nav[31m
            [33mclass[31m=[32m"flex flex-wrap justify-center gap-x-4 gap-y-2 text-sm"[31m
          [36m>[31m
            [36m<a[31m
              [33mclass[31m=[32m"text-muted-foreground hover:text-foreground transition-colors"[31m
              [33mhref[31m=[32m"/terms"[31m
            [36m>[31m
              [0mTerms and Conditions [0m
            [36m</a>[31m
            [36m<a[31m
              [33mclass[31m=[32m"text-muted-foreground hover:text-foreground transition-colors"[31m
              [33mhref[31m=[32m"/privacy-policy"[31m
            [36m>[31m
              [0mPrivacy Policy[0m
            [36m</a>[31m
            [36m<a[31m
              [33mclass[31m=[32m"text-muted-foreground hover:text-foreground transition-colors"[31m
              [33mhref[31m=[32m"/about-us"[31m
            [36m>[31m
              [0mAbout Us[0m
            [36m</a>[31m
          [36m</nav>[31m
        [36m</div>[31m
      [36m</div>[31m
    [36m</footer>[31m
  [36m</div>[31m
[36m</body>[31m[39m
 [31mÔØ»[39m src/pages/__tests__/Signup.test.tsx [2m([22m[2m4 tests[22m[2m | [22m[31m4 failed[39m[2m)[22m[33m 490[2mms[22m[39m
[31m   [31m├ù[31m Signup Page[2m > [22mrenders all required fields for signup[39m[32m 213[2mms[22m[39m
[31m     ÔåÆ Found a label with the text of: /full name/i, however no form control was found associated to that label. Make sure you're using the "for" attribute or "aria-labelledby" attribute correctly.

Ignored nodes: comments, script, style
[36m<body>[31m
  [36m<div>[31m
    [36m<div[31m
      [33mclass[31m=[32m"min-h-[90vh] bg-background flex "[31m
    [36m>[31m
      [36m<div[31m
        [33mclass[31m=[32m"flex-1 flex flex-col justify-center px-8 md:px-16 lg:px-24 p-5"[31m
      [36m>[31m
        [36m<div[31m
          [33mclass[31m=[32m"max-w-md w-full mx-auto"[31m
        [36m>[31m
          [36m<div[31m
            [33mclass[31m=[32m"mb-4"[31m
          [36m>[31m
            [36m<h1[31m
              [33mclass[31m=[32m"text-3xl font-bold mb-2"[31m
            [36m>[31m
              [0mCreate your account[0m
            [36m</h1>[31m
            [36m<p[31m
              [33mclass[31m=[32m"text-muted-foreground"[31m
            [36m>[31m
              [0mJoin thousands of community members[0m
            [36m</p>[31m
          [36m</div>[31m
          [36m<form[31m
            [33mclass[31m=[32m"space-y-2"[31m
          [36m>[31m
            [36m<div[31m
              [33mclass[31m=[32m"space-y-1"[31m
            [36m>[31m
              [36m<label[31m
                [33mclass[31m=[32m"text-sm font-medium leading-none peer-disabled:cursor-not-allowed peer-disabled:opacity-70"[31m
              [36m>[31m
                [0mFull Name[0m
              [36m</label>[31m
              [36m<div[31m
                [33mclass[31m=[32m"relative"[31m
              [36m>[31m
                [36m<svg[31m
                  [33mclass[31m=[32m"lucide lucide-user absolute left-3 top-1/2 -translate-y-1/2 w-5 h-5 text-muted-foreground"[31m
                  [33mfill[31m=[32m"none"[31m
                  [33mheight[31m=[32m"24"[31m
                  [33mstroke[31m=[32m"currentColor"[31m
                  [33mstroke-linecap[31m=[32m"round"[31m
                  [33mstroke-linejoin[31m=[32m"round"[31m
                  [33mstroke-width[31m=[32m"2"[31m
                  [33mviewBox[31m=[32m"0 0 24 24"[31m
                  [33mwidth[31m=[32m"24"[31m
                  [33mxmlns[31m=[32m"http://www.w3.org/2000/svg"[31m
                [36m>[31m
                  [36m<path[31m
                    [33md[31m=[32m"M19 21v-2a4 4 0 0 0-4-4H9a4 4 0 0 0-4 4v2"[31m
                  [36m/>[31m
                  [36m<circle[31m
                    [33mcx[31m=[32m"12"[31m
                    [33mcy[31m=[32m"7"[31m
                    [33mr[31m=[32m"4"[31m
                  [36m/>[31m
                [36m</svg>[31m
                [36m<input[31m
                  [33mclass[31m=[32m"flex w-full rounded-md border border-input bg-background px-3 py-2 text-base ring-offset-background file:border-0 file:bg-transparent file:text-sm file:font-medium file:text-foreground placeholder:text-muted-foreground focus-visible:outline-none focus-visible:ring-2 focus-visible:ring-ring focus-visible:ring-offset-2 disabled:cursor-not-allowed disabled:opacity-50 md:text-sm pl-10 h-12"[31m
                  [33mname[31m=[32m"fullName"[31m
                  [33mplaceholder[31m=[32m"John Doe"[31m
                [36m/>[31m
              [36m</div>[31m
            [36m</div>[31m
            [36m<div[31m
              [33mclass[31m=[32m"space-y-1"[31m
            [36m>[31m
              [36m<label[31m
                [33mclass[31m=[32m"text-sm font-medium leading-none peer-disabled:cursor-not-allowed peer-disabled:opacity-70"[31m
              [36m>[31m
                [0mEmail[0m
              [36m</label>[31m
              [36m<div[31m
                [33mclass[31m=[32m"relative"[31m
              [36m>[31m
                [36m<svg[31m
                  [33mclass[31m=[32m"lucide lucide-mail absolute left-3 top-1/2 -translate-y-1/2 w-5 h-5 text-muted-foreground"[31m
                  [33mfill[31m=[32m"none"[31m
                  [33mheight[31m=[32m"24"[31m
                  [33mstroke[31m=[32m"currentColor"[31m
                  [33mstroke-linecap[31m=[32m"round"[31m
                  [33mstroke-linejoin[31m=[32m"round"[31m
                  [33mstroke-width[31m=[32m"2"[31m
                  [33mviewBox[31m=[32m"0 0 24 24"[31m
                  [33mwidth[31m=[32m"24"[31m
                  [33mxmlns[31m=[32m"http://www.w3.org/2000/svg"[31m
                [36m>[31m
                  [36m<rect[31m
                    [33mheight[31m=[32m"16"[31m
                    [33mrx[31m=[32m"2"[31m
                    [33mwidth[31m=[32m"20"[31m
                    [33mx[31m=[32m"2"[31m
                    [33my[31m=[32m"4"[31m
                  [36m/>[31m
                  [36m<path[31m
                    [33md[31m=[32m"m22 7-8.97 5.7a1.94 1.94 0 0 1-2.06 0L2 7"[31m
                  [36m/>[31m
                [36m</svg>[31m
                [36m<input[31m
                  [33mclass[31m=[32m"flex w-full rounded-md border border-input bg-background px-3 py-2 text-base ring-offset-background file:border-0 file:bg-transparent file:text-sm file:font-medium file:text-foreground placeholder:text-muted-foreground focus-visible:outline-none focus-visible:ring-2 focus-visible:ring-ring focus-visible:ring-offset-2 disabled:cursor-not-allowed disabled:opacity-50 md:text-sm pl-10 h-12"[31m
                  [33mname[31m=[32m"email"[31m
                  [33mplaceholder[31m=[32m"you@example.com"[31m
                  [33mtype[31m=[32m"email"[31m
                [36m/>[31m
              [36m</div>[31m
            [36m</div>[31m
            [36m<div[31m
              [33mclass[31m=[32m"space-y-1"[31m
            [36m>[31m
              [36m<label[31m
                [33mclass[31m=[32m"text-sm font-medium leading-none peer-disabled:cursor-not-allowed peer-disabled:opacity-70"[31m
              [36m>[31m
                [0mPassword[0m
              [36m</label>[31m
              [36m<div[31m
                [33mclass[31m=[32m"relative"[31m
              [36m>[31m
                [36m<svg[31m
                  [33mclass[31m=[32m"lucide lucide-lock absolute left-3 top-1/2 -translate-y-1/2 w-5 h-5 text-muted-foreground"[31m
                  [33mfill[31m=[32m"none"[31m
                  [33mheight[31m=[32m"24"[31m
                  [33mstroke[31m=[32m"currentColor"[31m
                  [33mstroke-linecap[31m=[32m"round"[31m
                  [33mstroke-linejoin[31m=[32m"round"[31m
                  [33mstroke-width[31m=[32m"2"[31m
                  [33mviewBox[31m=[32m"0 0 24 24"[31m
                  [33mwidth[31m=[32m"24"[31m
                  [33mxmlns[31m=[32m"http://www.w3.org/2000/svg"[31m
                [36m>[31m
                  [36m<rect[31m
                    [33mheight[31m=[32m"11"[31m
                    [33mrx[31m=[32m"2"[31m
                    [33mry[31m=[32m"2"[31m
             ...[39m
[31m   [31m├ù[31m Signup Page[2m > [22mshows validation errors for password mismatch[39m[32m 104[2mms[22m[39m
[31m     ÔåÆ Found a label with the text of: /full name/i, however no form control was found associated to that label. Make sure you're using the "for" attribute or "aria-labelledby" attribute correctly.

Ignored nodes: comments, script, style
[36m<body>[31m
  [36m<div>[31m
    [36m<div[31m
      [33mclass[31m=[32m"min-h-[90vh] bg-background flex "[31m
    [36m>[31m
      [36m<div[31m
        [33mclass[31m=[32m"flex-1 flex flex-col justify-center px-8 md:px-16 lg:px-24 p-5"[31m
      [36m>[31m
        [36m<div[31m
          [33mclass[31m=[32m"max-w-md w-full mx-auto"[31m
        [36m>[31m
          [36m<div[31m
            [33mclass[31m=[32m"mb-4"[31m
          [36m>[31m
            [36m<h1[31m
              [33mclass[31m=[32m"text-3xl font-bold mb-2"[31m
            [36m>[31m
              [0mCreate your account[0m
            [36m</h1>[31m
            [36m<p[31m
              [33mclass[31m=[32m"text-muted-foreground"[31m
            [36m>[31m
              [0mJoin thousands of community members[0m
            [36m</p>[31m
          [36m</div>[31m
          [36m<form[31m
            [33mclass[31m=[32m"space-y-2"[31m
          [36m>[31m
            [36m<div[31m
              [33mclass[31m=[32m"space-y-1"[31m
            [36m>[31m
              [36m<label[31m
                [33mclass[31m=[32m"text-sm font-medium leading-none peer-disabled:cursor-not-allowed peer-disabled:opacity-70"[31m
              [36m>[31m
                [0mFull Name[0m
              [36m</label>[31m
              [36m<div[31m
                [33mclass[31m=[32m"relative"[31m
              [36m>[31m
                [36m<svg[31m
                  [33mclass[31m=[32m"lucide lucide-user absolute left-3 top-1/2 -translate-y-1/2 w-5 h-5 text-muted-foreground"[31m
                  [33mfill[31m=[32m"none"[31m
                  [33mheight[31m=[32m"24"[31m
                  [33mstroke[31m=[32m"currentColor"[31m
                  [33mstroke-linecap[31m=[32m"round"[31m
                  [33mstroke-linejoin[31m=[32m"round"[31m
                  [33mstroke-width[31m=[32m"2"[31m
                  [33mviewBox[31m=[32m"0 0 24 24"[31m
                  [33mwidth[31m=[32m"24"[31m
                  [33mxmlns[31m=[32m"http://www.w3.org/2000/svg"[31m
                [36m>[31m
                  [36m<path[31m
                    [33md[31m=[32m"M19 21v-2a4 4 0 0 0-4-4H9a4 4 0 0 0-4 4v2"[31m
                  [36m/>[31m
                  [36m<circle[31m
                    [33mcx[31m=[32m"12"[31m
                    [33mcy[31m=[32m"7"[31m
                    [33mr[31m=[32m"4"[31m
                  [36m/>[31m
                [36m</svg>[31m
                [36m<input[31m
                  [33mclass[31m=[32m"flex w-full rounded-md border border-input bg-background px-3 py-2 text-base ring-offset-background file:border-0 file:bg-transparent file:text-sm file:font-medium file:text-foreground placeholder:text-muted-foreground focus-visible:outline-none focus-visible:ring-2 focus-visible:ring-ring focus-visible:ring-offset-2 disabled:cursor-not-allowed disabled:opacity-50 md:text-sm pl-10 h-12"[31m
                  [33mname[31m=[32m"fullName"[31m
                  [33mplaceholder[31m=[32m"John Doe"[31m
                [36m/>[31m
              [36m</div>[31m
            [36m</div>[31m
            [36m<div[31m
              [33mclass[31m=[32m"space-y-1"[31m
            [36m>[31m
              [36m<label[31m
                [33mclass[31m=[32m"text-sm font-medium leading-none peer-disabled:cursor-not-allowed peer-disabled:opacity-70"[31m
              [36m>[31m
                [0mEmail[0m
              [36m</label>[31m
              [36m<div[31m
                [33mclass[31m=[32m"relative"[31m
              [36m>[31m
                [36m<svg[31m
                  [33mclass[31m=[32m"lucide lucide-mail absolute left-3 top-1/2 -translate-y-1/2 w-5 h-5 text-muted-foreground"[31m
                  [33mfill[31m=[32m"none"[31m
                  [33mheight[31m=[32m"24"[31m
                  [33mstroke[31m=[32m"currentColor"[31m
                  [33mstroke-linecap[31m=[32m"round"[31m
                  [33mstroke-linejoin[31m=[32m"round"[31m
                  [33mstroke-width[31m=[32m"2"[31m
                  [33mviewBox[31m=[32m"0 0 24 24"[31m
                  [33mwidth[31m=[32m"24"[31m
                  [33mxmlns[31m=[32m"http://www.w3.org/2000/svg"[31m
                [36m>[31m
                  [36m<rect[31m
                    [33mheight[31m=[32m"16"[31m
                    [33mrx[31m=[32m"2"[31m
                    [33mwidth[31m=[32m"20"[31m
                    [33mx[31m=[32m"2"[31m
                    [33my[31m=[32m"4"[31m
                  [36m/>[31m
                  [36m<path[31m
                    [33md[31m=[32m"m22 7-8.97 5.7a1.94 1.94 0 0 1-2.06 0L2 7"[31m
                  [36m/>[31m
                [36m</svg>[31m
                [36m<input[31m
                  [33mclass[31m=[32m"flex w-full rounded-md border border-input bg-background px-3 py-2 text-base ring-offset-background file:border-0 file:bg-transparent file:text-sm file:font-medium file:text-foreground placeholder:text-muted-foreground focus-visible:outline-none focus-visible:ring-2 focus-visible:ring-ring focus-visible:ring-offset-2 disabled:cursor-not-allowed disabled:opacity-50 md:text-sm pl-10 h-12"[31m
                  [33mname[31m=[32m"email"[31m
                  [33mplaceholder[31m=[32m"you@example.com"[31m
                  [33mtype[31m=[32m"email"[31m
                [36m/>[31m
              [36m</div>[31m
            [36m</div>[31m
            [36m<div[31m
              [33mclass[31m=[32m"space-y-1"[31m
            [36m>[31m
              [36m<label[31m
                [33mclass[31m=[32m"text-sm font-medium leading-none peer-disabled:cursor-not-allowed peer-disabled:opacity-70"[31m
              [36m>[31m
                [0mPassword[0m
              [36m</label>[31m
              [36m<div[31m
                [33mclass[31m=[32m"relative"[31m
              [36m>[31m
                [36m<svg[31m
                  [33mclass[31m=[32m"lucide lucide-lock absolute left-3 top-1/2 -translate-y-1/2 w-5 h-5 text-muted-foreground"[31m
                  [33mfill[31m=[32m"none"[31m
                  [33mheight[31m=[32m"24"[31m
                  [33mstroke[31m=[32m"currentColor"[31m
                  [33mstroke-linecap[31m=[32m"round"[31m
                  [33mstroke-linejoin[31m=[32m"round"[31m
                  [33mstroke-width[31m=[32m"2"[31m
                  [33mviewBox[31m=[32m"0 0 24 24"[31m
                  [33mwidth[31m=[32m"24"[31m
                  [33mxmlns[31m=[32m"http://www.w3.org/2000/svg"[31m
                [36m>[31m
                  [36m<rect[31m
                    [33mheight[31m=[32m"11"[31m
                    [33mrx[31m=[32m"2"[31m
                    [33mry[31m=[32m"2"[31m
             ...[39m
[31m   [31m├ù[31m Signup Page[2m > [22msuccessful signup redirects user[39m[32m 88[2mms[22m[39m
[31m     ÔåÆ Found a label with the text of: /full name/i, however no form control was found associated to that label. Make sure you're using the "for" attribute or "aria-labelledby" attribute correctly.

Ignored nodes: comments, script, style
[36m<body>[31m
  [36m<div>[31m
    [36m<div[31m
      [33mclass[31m=[32m"min-h-[90vh] bg-background flex "[31m
    [36m>[31m
      [36m<div[31m
        [33mclass[31m=[32m"flex-1 flex flex-col justify-center px-8 md:px-16 lg:px-24 p-5"[31m
      [36m>[31m
        [36m<div[31m
          [33mclass[31m=[32m"max-w-md w-full mx-auto"[31m
        [36m>[31m
          [36m<div[31m
            [33mclass[31m=[32m"mb-4"[31m
          [36m>[31m
            [36m<h1[31m
              [33mclass[31m=[32m"text-3xl font-bold mb-2"[31m
            [36m>[31m
              [0mCreate your account[0m
            [36m</h1>[31m
            [36m<p[31m
              [33mclass[31m=[32m"text-muted-foreground"[31m
            [36m>[31m
              [0mJoin thousands of community members[0m
            [36m</p>[31m
          [36m</div>[31m
          [36m<form[31m
            [33mclass[31m=[32m"space-y-2"[31m
          [36m>[31m
            [36m<div[31m
              [33mclass[31m=[32m"space-y-1"[31m
            [36m>[31m
              [36m<label[31m
                [33mclass[31m=[32m"text-sm font-medium leading-none peer-disabled:cursor-not-allowed peer-disabled:opacity-70"[31m
              [36m>[31m
                [0mFull Name[0m
              [36m</label>[31m
              [36m<div[31m
                [33mclass[31m=[32m"relative"[31m
              [36m>[31m
                [36m<svg[31m
                  [33mclass[31m=[32m"lucide lucide-user absolute left-3 top-1/2 -translate-y-1/2 w-5 h-5 text-muted-foreground"[31m
                  [33mfill[31m=[32m"none"[31m
                  [33mheight[31m=[32m"24"[31m
                  [33mstroke[31m=[32m"currentColor"[31m
                  [33mstroke-linecap[31m=[32m"round"[31m
                  [33mstroke-linejoin[31m=[32m"round"[31m
                  [33mstroke-width[31m=[32m"2"[31m
                  [33mviewBox[31m=[32m"0 0 24 24"[31m
                  [33mwidth[31m=[32m"24"[31m
                  [33mxmlns[31m=[32m"http://www.w3.org/2000/svg"[31m
                [36m>[31m
                  [36m<path[31m
                    [33md[31m=[32m"M19 21v-2a4 4 0 0 0-4-4H9a4 4 0 0 0-4 4v2"[31m
                  [36m/>[31m
                  [36m<circle[31m
                    [33mcx[31m=[32m"12"[31m
                    [33mcy[31m=[32m"7"[31m
                    [33mr[31m=[32m"4"[31m
                  [36m/>[31m
                [36m</svg>[31m
                [36m<input[31m
                  [33mclass[31m=[32m"flex w-full rounded-md border border-input bg-background px-3 py-2 text-base ring-offset-background file:border-0 file:bg-transparent file:text-sm file:font-medium file:text-foreground placeholder:text-muted-foreground focus-visible:outline-none focus-visible:ring-2 focus-visible:ring-ring focus-visible:ring-offset-2 disabled:cursor-not-allowed disabled:opacity-50 md:text-sm pl-10 h-12"[31m
                  [33mname[31m=[32m"fullName"[31m
                  [33mplaceholder[31m=[32m"John Doe"[31m
                [36m/>[31m
              [36m</div>[31m
            [36m</div>[31m
            [36m<div[31m
              [33mclass[31m=[32m"space-y-1"[31m
            [36m>[31m
              [36m<label[31m
                [33mclass[31m=[32m"text-sm font-medium leading-none peer-disabled:cursor-not-allowed peer-disabled:opacity-70"[31m
              [36m>[31m
                [0mEmail[0m
              [36m</label>[31m
              [36m<div[31m
                [33mclass[31m=[32m"relative"[31m
              [36m>[31m
                [36m<svg[31m
                  [33mclass[31m=[32m"lucide lucide-mail absolute left-3 top-1/2 -translate-y-1/2 w-5 h-5 text-muted-foreground"[31m
                  [33mfill[31m=[32m"none"[31m
                  [33mheight[31m=[32m"24"[31m
                  [33mstroke[31m=[32m"currentColor"[31m
                  [33mstroke-linecap[31m=[32m"round"[31m
                  [33mstroke-linejoin[31m=[32m"round"[31m
                  [33mstroke-width[31m=[32m"2"[31m
                  [33mviewBox[31m=[32m"0 0 24 24"[31m
                  [33mwidth[31m=[32m"24"[31m
                  [33mxmlns[31m=[32m"http://www.w3.org/2000/svg"[31m
                [36m>[31m
                  [36m<rect[31m
                    [33mheight[31m=[32m"16"[31m
                    [33mrx[31m=[32m"2"[31m
                    [33mwidth[31m=[32m"20"[31m
                    [33mx[31m=[32m"2"[31m
                    [33my[31m=[32m"4"[31m
                  [36m/>[31m
                  [36m<path[31m
                    [33md[31m=[32m"m22 7-8.97 5.7a1.94 1.94 0 0 1-2.06 0L2 7"[31m
                  [36m/>[31m
                [36m</svg>[31m
                [36m<input[31m
                  [33mclass[31m=[32m"flex w-full rounded-md border border-input bg-background px-3 py-2 text-base ring-offset-background file:border-0 file:bg-transparent file:text-sm file:font-medium file:text-foreground placeholder:text-muted-foreground focus-visible:outline-none focus-visible:ring-2 focus-visible:ring-ring focus-visible:ring-offset-2 disabled:cursor-not-allowed disabled:opacity-50 md:text-sm pl-10 h-12"[31m
                  [33mname[31m=[32m"email"[31m
                  [33mplaceholder[31m=[32m"you@example.com"[31m
                  [33mtype[31m=[32m"email"[31m
                [36m/>[31m
              [36m</div>[31m
            [36m</div>[31m
            [36m<div[31m
              [33mclass[31m=[32m"space-y-1"[31m
            [36m>[31m
              [36m<label[31m
                [33mclass[31m=[32m"text-sm font-medium leading-none peer-disabled:cursor-not-allowed peer-disabled:opacity-70"[31m
              [36m>[31m
                [0mPassword[0m
              [36m</label>[31m
              [36m<div[31m
                [33mclass[31m=[32m"relative"[31m
              [36m>[31m
                [36m<svg[31m
                  [33mclass[31m=[32m"lucide lucide-lock absolute left-3 top-1/2 -translate-y-1/2 w-5 h-5 text-muted-foreground"[31m
                  [33mfill[31m=[32m"none"[31m
                  [33mheight[31m=[32m"24"[31m
                  [33mstroke[31m=[32m"currentColor"[31m
                  [33mstroke-linecap[31m=[32m"round"[31m
                  [33mstroke-linejoin[31m=[32m"round"[31m
                  [33mstroke-width[31m=[32m"2"[31m
                  [33mviewBox[31m=[32m"0 0 24 24"[31m
                  [33mwidth[31m=[32m"24"[31m
                  [33mxmlns[31m=[32m"http://www.w3.org/2000/svg"[31m
                [36m>[31m
                  [36m<rect[31m
                    [33mheight[31m=[32m"11"[31m
                    [33mrx[31m=[32m"2"[31m
                    [33mry[31m=[32m"2"[31m
             ...[39m
[31m   [31m├ù[31m Signup Page[2m > [22mfailed signup handles API error[39m[32m 81[2mms[22m[39m
[31m     ÔåÆ Found a label with the text of: /full name/i, however no form control was found associated to that label. Make sure you're using the "for" attribute or "aria-labelledby" attribute correctly.

Ignored nodes: comments, script, style
[36m<body>[31m
  [36m<div>[31m
    [36m<div[31m
      [33mclass[31m=[32m"min-h-[90vh] bg-background flex "[31m
    [36m>[31m
      [36m<div[31m
        [33mclass[31m=[32m"flex-1 flex flex-col justify-center px-8 md:px-16 lg:px-24 p-5"[31m
      [36m>[31m
        [36m<div[31m
          [33mclass[31m=[32m"max-w-md w-full mx-auto"[31m
        [36m>[31m
          [36m<div[31m
            [33mclass[31m=[32m"mb-4"[31m
          [36m>[31m
            [36m<h1[31m
              [33mclass[31m=[32m"text-3xl font-bold mb-2"[31m
            [36m>[31m
              [0mCreate your account[0m
            [36m</h1>[31m
            [36m<p[31m
              [33mclass[31m=[32m"text-muted-foreground"[31m
            [36m>[31m
              [0mJoin thousands of community members[0m
            [36m</p>[31m
          [36m</div>[31m
          [36m<form[31m
            [33mclass[31m=[32m"space-y-2"[31m
          [36m>[31m
            [36m<div[31m
              [33mclass[31m=[32m"space-y-1"[31m
            [36m>[31m
              [36m<label[31m
                [33mclass[31m=[32m"text-sm font-medium leading-none peer-disabled:cursor-not-allowed peer-disabled:opacity-70"[31m
              [36m>[31m
                [0mFull Name[0m
              [36m</label>[31m
              [36m<div[31m
                [33mclass[31m=[32m"relative"[31m
              [36m>[31m
                [36m<svg[31m
                  [33mclass[31m=[32m"lucide lucide-user absolute left-3 top-1/2 -translate-y-1/2 w-5 h-5 text-muted-foreground"[31m
                  [33mfill[31m=[32m"none"[31m
                  [33mheight[31m=[32m"24"[31m
                  [33mstroke[31m=[32m"currentColor"[31m
                  [33mstroke-linecap[31m=[32m"round"[31m
                  [33mstroke-linejoin[31m=[32m"round"[31m
                  [33mstroke-width[31m=[32m"2"[31m
                  [33mviewBox[31m=[32m"0 0 24 24"[31m
                  [33mwidth[31m=[32m"24"[31m
                  [33mxmlns[31m=[32m"http://www.w3.org/2000/svg"[31m
                [36m>[31m
                  [36m<path[31m
                    [33md[31m=[32m"M19 21v-2a4 4 0 0 0-4-4H9a4 4 0 0 0-4 4v2"[31m
                  [36m/>[31m
                  [36m<circle[31m
                    [33mcx[31m=[32m"12"[31m
                    [33mcy[31m=[32m"7"[31m
                    [33mr[31m=[32m"4"[31m
                  [36m/>[31m
                [36m</svg>[31m
                [36m<input[31m
                  [33mclass[31m=[32m"flex w-full rounded-md border border-input bg-background px-3 py-2 text-base ring-offset-background file:border-0 file:bg-transparent file:text-sm file:font-medium file:text-foreground placeholder:text-muted-foreground focus-visible:outline-none focus-visible:ring-2 focus-visible:ring-ring focus-visible:ring-offset-2 disabled:cursor-not-allowed disabled:opacity-50 md:text-sm pl-10 h-12"[31m
                  [33mname[31m=[32m"fullName"[31m
                  [33mplaceholder[31m=[32m"John Doe"[31m
                [36m/>[31m
              [36m</div>[31m
            [36m</div>[31m
            [36m<div[31m
              [33mclass[31m=[32m"space-y-1"[31m
            [36m>[31m
              [36m<label[31m
                [33mclass[31m=[32m"text-sm font-medium leading-none peer-disabled:cursor-not-allowed peer-disabled:opacity-70"[31m
              [36m>[31m
                [0mEmail[0m
              [36m</label>[31m
              [36m<div[31m
                [33mclass[31m=[32m"relative"[31m
              [36m>[31m
                [36m<svg[31m
                  [33mclass[31m=[32m"lucide lucide-mail absolute left-3 top-1/2 -translate-y-1/2 w-5 h-5 text-muted-foreground"[31m
                  [33mfill[31m=[32m"none"[31m
                  [33mheight[31m=[32m"24"[31m
                  [33mstroke[31m=[32m"currentColor"[31m
                  [33mstroke-linecap[31m=[32m"round"[31m
                  [33mstroke-linejoin[31m=[32m"round"[31m
                  [33mstroke-width[31m=[32m"2"[31m
                  [33mviewBox[31m=[32m"0 0 24 24"[31m
                  [33mwidth[31m=[32m"24"[31m
                  [33mxmlns[31m=[32m"http://www.w3.org/2000/svg"[31m
                [36m>[31m
                  [36m<rect[31m
                    [33mheight[31m=[32m"16"[31m
                    [33mrx[31m=[32m"2"[31m
                    [33mwidth[31m=[32m"20"[31m
                    [33mx[31m=[32m"2"[31m
                    [33my[31m=[32m"4"[31m
                  [36m/>[31m
                  [36m<path[31m
                    [33md[31m=[32m"m22 7-8.97 5.7a1.94 1.94 0 0 1-2.06 0L2 7"[31m
                  [36m/>[31m
                [36m</svg>[31m
                [36m<input[31m
                  [33mclass[31m=[32m"flex w-full rounded-md border border-input bg-background px-3 py-2 text-base ring-offset-background file:border-0 file:bg-transparent file:text-sm file:font-medium file:text-foreground placeholder:text-muted-foreground focus-visible:outline-none focus-visible:ring-2 focus-visible:ring-ring focus-visible:ring-offset-2 disabled:cursor-not-allowed disabled:opacity-50 md:text-sm pl-10 h-12"[31m
                  [33mname[31m=[32m"email"[31m
                  [33mplaceholder[31m=[32m"you@example.com"[31m
                  [33mtype[31m=[32m"email"[31m
                [36m/>[31m
              [36m</div>[31m
            [36m</div>[31m
            [36m<div[31m
              [33mclass[31m=[32m"space-y-1"[31m
            [36m>[31m
              [36m<label[31m
                [33mclass[31m=[32m"text-sm font-medium leading-none peer-disabled:cursor-not-allowed peer-disabled:opacity-70"[31m
              [36m>[31m
                [0mPassword[0m
              [36m</label>[31m
              [36m<div[31m
                [33mclass[31m=[32m"relative"[31m
              [36m>[31m
                [36m<svg[31m
                  [33mclass[31m=[32m"lucide lucide-lock absolute left-3 top-1/2 -translate-y-1/2 w-5 h-5 text-muted-foreground"[31m
                  [33mfill[31m=[32m"none"[31m
                  [33mheight[31m=[32m"24"[31m
                  [33mstroke[31m=[32m"currentColor"[31m
                  [33mstroke-linecap[31m=[32m"round"[31m
                  [33mstroke-linejoin[31m=[32m"round"[31m
                  [33mstroke-width[31m=[32m"2"[31m
                  [33mviewBox[31m=[32m"0 0 24 24"[31m
                  [33mwidth[31m=[32m"24"[31m
                  [33mxmlns[31m=[32m"http://www.w3.org/2000/svg"[31m
                [36m>[31m
                  [36m<rect[31m
                    [33mheight[31m=[32m"11"[31m
                    [33mrx[31m=[32m"2"[31m
                    [33mry[31m=[32m"2"[31m
             ...[39m

[31mÔÄ»ÔÄ»ÔÄ»ÔÄ»ÔÄ»ÔÄ
»[39m[1m[41m 
Failed Tests 11 [49m
[22m[31mÔÄ»ÔÄ»ÔÄ»ÔÄ»Ô
Ä»ÔÄ»ÔÄ»[39m

[41m[1m FAIL 
[22m[49m src/pages/_
_tests__/ForgotPasswor
d.test.tsx[2m > 
[22mForgotPassword 
Page[2m > 
[22mrenders email 
field
[31m[1mTestingLibrar
yElementError[22m[39
m: Found a label with 
the text of: 
/email/i, however no 
form control was 
found associated to 
that label. Make sure 
you're using the 
"for" attribute or 
"aria-labelledby" 
attribute correctly.

Ignored nodes: 
comments, script, 
style
[36m<body>[39m
  [36m<div>[39m
    [36m<div[39m
      [33mclass[39m=
[32m"min-h-[90vh] 
flex"[39m
    [36m>[39m
      [36m<div[39m
        [33mclass[39
m=[32m"w-full 
lg:w-1/2 flex 
flex-col 
justify-center px-8 
md:px-20"[39m
      [36m>[39m
        [36m<div[39m
          [33mclass[
39m=[32m"flex 
items-center gap-2 
mb-6"[39m
        [36m>[39m
          
[36m<span[39m
            [33mclass
[39m=[32m"text-2xl 
font-bold 
text-foreground"[39m
          [36m>[39m
            
[0mZipties[0m
          
[36m</span>[39m
        
[36m</div>[39m
        [36m<h1[39m
          [33mclass[
39m=[32m"text-3xl 
font-bold mb-2"[39m
        [36m>[39m
          [0mForgot 
password?[0m
        
[36m</h1>[39m
        [36m<p[39m
          [33mclass[
39m=[32m"text-gray-50
0 mb-8"[39m
        [36m>[39m
          [0mNo 
worries. WeÔÇÖll send 
you a reset link.[0m
        [36m</p>[39m
        
[36m<form[39m
          [33mclass[
39m=[32m"space-y-6"[
39m
        [36m>[39m
          
[36m<div>[39m
            
[36m<label[39m
              [33mcla
ss[39m=[32m"text-sm 
font-medium mb-1 
block"[39m
            
[36m>[39m
              
[0mEmail[0m
            
[36m</label>[39m
            
[36m<input[39m
              [33mcla
ss[39m=[32m"flex 
h-10 w-full 
rounded-md border 
border-input 
bg-background px-3 
py-2 text-base ring-of
fset-background 
file:border-0 
file:bg-transparent 
file:text-sm 
file:font-medium 
file:text-foreground p
laceholder:text-muted-
foreground focus-visib
le:outline-none 
focus-visible:ring-2 f
ocus-visible:ring-ring
 focus-visible:ring-of
fset-2 disabled:cursor
-not-allowed 
disabled:opacity-50 
md:text-sm"[39m
              [33mnam
e[39m=[32m"email"[3
9m
              [33mpla
ceholder[39m=[32m"yo
u@example.com"[39m
              [33mtyp
e[39m=[32m"email"[3
9m
            
[36m/>[39m
          
[36m</div>[39m
          
[36m<button[39m
            [33mclass
[39m=[32m"inline-fle
x items-center 
justify-center gap-2 
whitespace-nowrap 
font-medium ring-offse
t-background 
transition-all 
duration-200 focus-vis
ible:outline-none 
focus-visible:ring-2 f
ocus-visible:ring-ring
 focus-visible:ring-of
fset-2 disabled:pointe
r-events-none 
disabled:opacity-50 [&
_svg]:pointer-events-n
one [&_svg]:size-4 
[&_svg]:shrink-0 
bg-gradient-hero text-
primary-foreground 
shadow-lg shadow-glow 
hover:shadow-xl 
hover:scale-[1.02] 
active:scale-[0.98] 
h-12 rounded-lg px-8 
text-base w-full"[39m
            [33mtype
[39m=[32m"submit"[39
m
          [36m>[39m
            [0mSend 
reset link[0m
          
[36m</button>[39m
        
[36m</form>[39m
        [36m<p[39m
          [33mclass[
39m=[32m"text-sm 
text-gray-500 
mt-6"[39m
        [36m>[39m
          
[0mRemember your 
password?[0m
          [0m [0m
          [36m<a[39m
            [33mclass
[39m=[32m"text-prima
ry font-medium"[39m
            [33mhref
[39m=[32m"/"[39m
          [36m>[39m
            [0mSign 
in[0m
          
[36m</a>[39m
        [36m</p>[39m
      [36m</div>[39m
      [36m<div[39m
        [33mclass[39
m=[32m"hidden 
lg:flex flex-1 
bg-gradient-hero 
items-center 
justify-center p-16 
relative 
overflow-hidden"[39m
      [36m>[39m
        [36m<div[39m
          [33mclass[
39m=[32m"absolute 
inset-0 
overflow-hidden"[39m
        [36m>[39m
          
[36m<div[39m
            [33mclass
[39m=[32m"absolute 
top-1/4 right-1/4 
w-64 h-64 bg-primary-f
oreground/10 
rounded-full 
blur-3xl"[39m
          [36m/>[39m
          
[36m<div[39m
            [33mclass
[39m=[32m"absolute 
bottom-1/4 left-1/4 
w-80 h-80 bg-primary-f
oreground/5 
rounded-full 
blur-3xl"[39m
          [36m/>[39m
        
[36m</div>[39m
        [36m<div[39m
          [33mclass[
39m=[32m"relative 
text-center text-prima
ry-foreground 
max-w-lg"[39m
        [36m>[39m
          
[36m<div[39m
            [33mclass
[39m=[32m"w-20 h-20 
rounded-2xl bg-primary
-foreground/20 flex 
items-center 
justify-center 
mx-auto mb-8 
animate-float"[39m
          [36m>[39m
            
[36m<img[39m
              [33malt
[39m=[32m"Zipties 
logo"[39m
              [33mcla
ss[39m=[32m"w-16 
h-16"[39m
              [33msrc
[39m=[32m"/src/asset
s/logo.png"[39m
            
[36m/>[39m
          
[36m</div>[39m
          
[36m<h2[39m
            [33mclass
[39m=[32m"text-4xl 
font-bold mb-4"[39m
          [36m>[39m
            [0mReset 
Your Password[0m
          
[36m</h2>[39m
          [36m<p[39m
            [33mclass
[39m=[32m"text-lg te
xt-primary-foreground/
80"[39m
          [36m>[39m
            [0mEnter 
your registered email 
and weÔÇÖll help you 
get back into your 
community in no 
time.[0m
          
[36m</p>[39m
        
[36m</div>[39m
      [36m</div>[39m
    [36m</div>[39m
    [36m<footer[39m
      [33mclass[39m=
[32m"w-full border-t 
border-border 
bg-background "[39m
    [36m>[39m
      [36m<div[39m
        [33mclass[39
m=[32m"mx-auto 
max-w-7xl px-4 
py-4"[39m
      [36m>[39m
        [36m<div[39m
          [33mclass[
39m=[32m"flex 
flex-col gap-3 
text-center 
md:flex-row 
md:items-center md:jus
tify-between"[39m
        [36m>[39m
          
[36m<div[39m
            [33mclass
[39m=[32m"flex 
items-center 
justify-center gap-2 
text-sm text-muted-for
eground"[39m
          [36m>[39m
            
[36m<span[39m
              [33mcla
ss[39m=[32m"font-sem
ibold 
text-foreground"[39m
            
[36m>[39m
              
[0mZipties[0m
            
[36m</span>[39m
            
[36m<span>[39m
              [0m┬® 
[0m
              
[0m2026[0m
            
[36m</span>[39m
          
[36m</div>[39m
          
[36m<nav[39m
            [33mclass
[39m=[32m"flex 
flex-wrap 
justify-center 
gap-x-4 gap-y-2 
text-sm"[39m
          [36m>[39m
            
[36m<a[39m
              [33mcla
ss[39m=[32m"text-mut
ed-foreground 
hover:text-foreground 
transition-colors"[39
m
              [33mhre
f[39m=[32m"/terms"[
39m
            
[36m>[39m
              
[0mTerms and 
Conditions [0m
            
[36m</a>[39m
            
[36m<a[39m
              [33mcla
ss[39m=[32m"text-mut
ed-foreground 
hover:text-foreground 
transition-colors"[39
m
              [33mhre
f[39m=[32m"/privacy-
policy"[39m
            
[36m>[39m
              
[0mPrivacy Policy[0m
            
[36m</a>[39m
            
[36m<a[39m
              [33mcla
ss[39m=[32m"text-mut
ed-foreground 
hover:text-foreground 
transition-colors"[39
m
              [33mhre
f[39m=[32m"/about-us
"[39m
            
[36m>[39m
              
[0mAbout Us[0m
            
[36m</a>[39m
          
[36m</nav>[39m
        
[36m</div>[39m
      [36m</div>[39m
    
[36m</footer>[39m
  [36m</div>[39m
[36m</body>[39m
[90m [2mÔØ»[22m Obj
ect.getElementError no
de_modules/@testing-li
brary/dom/dist/config.
js:[2m37:19[22m[39m
[90m [2mÔØ»[22m 
getAllByLabelText node
_modules/@testing-libr
ary/dom/dist/queries/l
abel-text.js:[2m108:4
0[22m[39m
[90m [2mÔØ»[22m nod
e_modules/@testing-lib
rary/dom/dist/query-he
lpers.js:[2m52:17[22
m[39m
[90m [2mÔØ»[22m 
getByLabelText node_mo
dules/@testing-library
/dom/dist/query-helper
s.js:[2m95:19[22m[3
9m
[36m [2mÔØ»[22m src
/pages/__tests__/Forgo
tPassword.test.tsx:[2
m9:23[22m[39m
    [90m  7| [39m   
 [34mit[39m([32m're
nders email field'[39
m[33m,[39m () 
[33m=>[39m {
    [90m  8| [39m   
     [34mrender[39m(
[33m<[39m[33mForgot
Password[39m [33m/[
39m[33m>[39m)[33m;
[39m
    [90m  9| [39m   
     [34mexpect[39m(
screen[33m.[39m[34m
getByLabelText[39m([
36m/email/i[39m))[33
m.[39m[34mtoBeInTheD
ocument[39m()[33m;[
39m
    [90m   | [39m   
                   
[31m^[39m
    [90m 10| [39m   
 })[33m;[39m
    [90m 11| [39m

[31m[2mÔÄ»ÔÄ»ÔÄ»ÔÄ»Ô
Ä»ÔÄ»ÔÄ»ÔÄ»ÔÄ»ÔÄ»ÔÄ»ÔÄ
»ÔÄ»ÔÄ»ÔÄ»ÔÄ»ÔÄ»ÔÄ»ÔÄ»
ÔÄ»ÔÄ»ÔÄ»ÔÄ»[1/11]ÔÄ»
[22m[39m

[41m[1m FAIL 
[22m[49m src/pages/_
_tests__/ForgotPasswor
d.test.tsx[2m > 
[22mForgotPassword 
Page[2m > [22mshows 
validation error for 
invalid email
[31m[1mTestingLibrar
yElementError[22m[39
m: Found a label with 
the text of: 
/email/i, however no 
form control was 
found associated to 
that label. Make sure 
you're using the 
"for" attribute or 
"aria-labelledby" 
attribute correctly.

Ignored nodes: 
comments, script, 
style
[36m<body>[39m
  [36m<div>[39m
    [36m<div[39m
      [33mclass[39m=
[32m"min-h-[90vh] 
flex"[39m
    [36m>[39m
      [36m<div[39m
        [33mclass[39
m=[32m"w-full 
lg:w-1/2 flex 
flex-col 
justify-center px-8 
md:px-20"[39m
      [36m>[39m
        [36m<div[39m
          [33mclass[
39m=[32m"flex 
items-center gap-2 
mb-6"[39m
        [36m>[39m
          
[36m<span[39m
            [33mclass
[39m=[32m"text-2xl 
font-bold 
text-foreground"[39m
          [36m>[39m
            
[0mZipties[0m
          
[36m</span>[39m
        
[36m</div>[39m
        [36m<h1[39m
          [33mclass[
39m=[32m"text-3xl 
font-bold mb-2"[39m
        [36m>[39m
          [0mForgot 
password?[0m
        
[36m</h1>[39m
        [36m<p[39m
          [33mclass[
39m=[32m"text-gray-50
0 mb-8"[39m
        [36m>[39m
          [0mNo 
worries. WeÔÇÖll send 
you a reset link.[0m
        [36m</p>[39m
        
[36m<form[39m
          [33mclass[
39m=[32m"space-y-6"[
39m
        [36m>[39m
          
[36m<div>[39m
            
[36m<label[39m
              [33mcla
ss[39m=[32m"text-sm 
font-medium mb-1 
block"[39m
            
[36m>[39m
              
[0mEmail[0m
            
[36m</label>[39m
            
[36m<input[39m
              [33mcla
ss[39m=[32m"flex 
h-10 w-full 
rounded-md border 
border-input 
bg-background px-3 
py-2 text-base ring-of
fset-background 
file:border-0 
file:bg-transparent 
file:text-sm 
file:font-medium 
file:text-foreground p
laceholder:text-muted-
foreground focus-visib
le:outline-none 
focus-visible:ring-2 f
ocus-visible:ring-ring
 focus-visible:ring-of
fset-2 disabled:cursor
-not-allowed 
disabled:opacity-50 
md:text-sm"[39m
              [33mnam
e[39m=[32m"email"[3
9m
              [33mpla
ceholder[39m=[32m"yo
u@example.com"[39m
              [33mtyp
e[39m=[32m"email"[3
9m
            
[36m/>[39m
          
[36m</div>[39m
          
[36m<button[39m
            [33mclass
[39m=[32m"inline-fle
x items-center 
justify-center gap-2 
whitespace-nowrap 
font-medium ring-offse
t-background 
transition-all 
duration-200 focus-vis
ible:outline-none 
focus-visible:ring-2 f
ocus-visible:ring-ring
 focus-visible:ring-of
fset-2 disabled:pointe
r-events-none 
disabled:opacity-50 [&
_svg]:pointer-events-n
one [&_svg]:size-4 
[&_svg]:shrink-0 
bg-gradient-hero text-
primary-foreground 
shadow-lg shadow-glow 
hover:shadow-xl 
hover:scale-[1.02] 
active:scale-[0.98] 
h-12 rounded-lg px-8 
text-base w-full"[39m
            [33mtype
[39m=[32m"submit"[39
m
          [36m>[39m
            [0mSend 
reset link[0m
          
[36m</button>[39m
        
[36m</form>[39m
        [36m<p[39m
          [33mclass[
39m=[32m"text-sm 
text-gray-500 
mt-6"[39m
        [36m>[39m
          
[0mRemember your 
password?[0m
          [0m [0m
          [36m<a[39m
            [33mclass
[39m=[32m"text-prima
ry font-medium"[39m
            [33mhref
[39m=[32m"/"[39m
          [36m>[39m
            [0mSign 
in[0m
          
[36m</a>[39m
        [36m</p>[39m
      [36m</div>[39m
      [36m<div[39m
        [33mclass[39
m=[32m"hidden 
lg:flex flex-1 
bg-gradient-hero 
items-center 
justify-center p-16 
relative 
overflow-hidden"[39m
      [36m>[39m
        [36m<div[39m
          [33mclass[
39m=[32m"absolute 
inset-0 
overflow-hidden"[39m
        [36m>[39m
          
[36m<div[39m
            [33mclass
[39m=[32m"absolute 
top-1/4 right-1/4 
w-64 h-64 bg-primary-f
oreground/10 
rounded-full 
blur-3xl"[39m
          [36m/>[39m
          
[36m<div[39m
            [33mclass
[39m=[32m"absolute 
bottom-1/4 left-1/4 
w-80 h-80 bg-primary-f
oreground/5 
rounded-full 
blur-3xl"[39m
          [36m/>[39m
        
[36m</div>[39m
        [36m<div[39m
          [33mclass[
39m=[32m"relative 
text-center text-prima
ry-foreground 
max-w-lg"[39m
        [36m>[39m
          
[36m<div[39m
            [33mclass
[39m=[32m"w-20 h-20 
rounded-2xl bg-primary
-foreground/20 flex 
items-center 
justify-center 
mx-auto mb-8 
animate-float"[39m
          [36m>[39m
            
[36m<img[39m
              [33malt
[39m=[32m"Zipties 
logo"[39m
              [33mcla
ss[39m=[32m"w-16 
h-16"[39m
              [33msrc
[39m=[32m"/src/asset
s/logo.png"[39m
            
[36m/>[39m
          
[36m</div>[39m
          
[36m<h2[39m
            [33mclass
[39m=[32m"text-4xl 
font-bold mb-4"[39m
          [36m>[39m
            [0mReset 
Your Password[0m
          
[36m</h2>[39m
          [36m<p[39m
            [33mclass
[39m=[32m"text-lg te
xt-primary-foreground/
80"[39m
          [36m>[39m
            [0mEnter 
your registered email 
and weÔÇÖll help you 
get back into your 
community in no 
time.[0m
          
[36m</p>[39m
        
[36m</div>[39m
      [36m</div>[39m
    [36m</div>[39m
    [36m<footer[39m
      [33mclass[39m=
[32m"w-full border-t 
border-border 
bg-background "[39m
    [36m>[39m
      [36m<div[39m
        [33mclass[39
m=[32m"mx-auto 
max-w-7xl px-4 
py-4"[39m
      [36m>[39m
        [36m<div[39m
          [33mclass[
39m=[32m"flex 
flex-col gap-3 
text-center 
md:flex-row 
md:items-center md:jus
tify-between"[39m
        [36m>[39m
          
[36m<div[39m
            [33mclass
[39m=[32m"flex 
items-center 
justify-center gap-2 
text-sm text-muted-for
eground"[39m
          [36m>[39m
            
[36m<span[39m
              [33mcla
ss[39m=[32m"font-sem
ibold 
text-foreground"[39m
            
[36m>[39m
              
[0mZipties[0m
            
[36m</span>[39m
            
[36m<span>[39m
              [0m┬® 
[0m
              
[0m2026[0m
            
[36m</span>[39m
          
[36m</div>[39m
          
[36m<nav[39m
            [33mclass
[39m=[32m"flex 
flex-wrap 
justify-center 
gap-x-4 gap-y-2 
text-sm"[39m
          [36m>[39m
            
[36m<a[39m
              [33mcla
ss[39m=[32m"text-mut
ed-foreground 
hover:text-foreground 
transition-colors"[39
m
              [33mhre
f[39m=[32m"/terms"[
39m
            
[36m>[39m
              
[0mTerms and 
Conditions [0m
            
[36m</a>[39m
            
[36m<a[39m
              [33mcla
ss[39m=[32m"text-mut
ed-foreground 
hover:text-foreground 
transition-colors"[39
m
              [33mhre
f[39m=[32m"/privacy-
policy"[39m
            
[36m>[39m
              
[0mPrivacy Policy[0m
            
[36m</a>[39m
            
[36m<a[39m
              [33mcla
ss[39m=[32m"text-mut
ed-foreground 
hover:text-foreground 
transition-colors"[39
m
              [33mhre
f[39m=[32m"/about-us
"[39m
            
[36m>[39m
              
[0mAbout Us[0m
            
[36m</a>[39m
          
[36m</nav>[39m
        
[36m</div>[39m
      [36m</div>[39m
    
[36m</footer>[39m
  [36m</div>[39m
[36m</body>[39m
[90m [2mÔØ»[22m Obj
ect.getElementError no
de_modules/@testing-li
brary/dom/dist/config.
js:[2m37:19[22m[39m
[90m [2mÔØ»[22m 
getAllByLabelText node
_modules/@testing-libr
ary/dom/dist/queries/l
abel-text.js:[2m108:4
0[22m[39m
[90m [2mÔØ»[22m nod
e_modules/@testing-lib
rary/dom/dist/query-he
lpers.js:[2m52:17[22
m[39m
[90m [2mÔØ»[22m 
getByLabelText node_mo
dules/@testing-library
/dom/dist/query-helper
s.js:[2m95:19[22m[3
9m
[36m [2mÔØ»[22m src
/pages/__tests__/Forgo
tPassword.test.tsx:[2
m16:35[22m[39m
    [90m 14| [39m   
     [34mrender[39m(
[33m<[39m[33mForgot
Password[39m [33m/[
39m[33m>[39m)[33m;
[39m
    [90m 15| [39m
    [90m 16| [39m   
     [35mconst[39m 
emailInput 
[33m=[39m screen[33
m.[39m[34mgetByLabel
Text[39m([36m/email/
i[39m)[33m;[39m
    [90m   | [39m   
                      
         [31m^[39m
    [90m 17| [39m   
     [35mawait[39m u
ser[33m.[39m[34mtyp
e[39m(emailInput[33m
,[39m [32m'invalid-e
mail'[39m)[33m;[39m
    [90m 18| [39m

[31m[2mÔÄ»ÔÄ»ÔÄ»ÔÄ»Ô
Ä»ÔÄ»ÔÄ»ÔÄ»ÔÄ»ÔÄ»ÔÄ»ÔÄ
»ÔÄ»ÔÄ»ÔÄ»ÔÄ»ÔÄ»ÔÄ»ÔÄ»
ÔÄ»ÔÄ»ÔÄ»ÔÄ»[2/11]ÔÄ»
[22m[39m

[41m[1m FAIL 
[22m[49m src/pages/_
_tests__/ForgotPasswor
d.test.tsx[2m > 
[22mForgotPassword 
Page[2m > [22mshows 
success message on 
successful request
[31m[1mTestingLibrar
yElementError[22m[39
m: Found a label with 
the text of: 
/email/i, however no 
form control was 
found associated to 
that label. Make sure 
you're using the 
"for" attribute or 
"aria-labelledby" 
attribute correctly.

Ignored nodes: 
comments, script, 
style
[36m<body>[39m
  [36m<div>[39m
    [36m<div[39m
      [33mclass[39m=
[32m"min-h-[90vh] 
flex"[39m
    [36m>[39m
      [36m<div[39m
        [33mclass[39
m=[32m"w-full 
lg:w-1/2 flex 
flex-col 
justify-center px-8 
md:px-20"[39m
      [36m>[39m
        [36m<div[39m
          [33mclass[
39m=[32m"flex 
items-center gap-2 
mb-6"[39m
        [36m>[39m
          
[36m<span[39m
            [33mclass
[39m=[32m"text-2xl 
font-bold 
text-foreground"[39m
          [36m>[39m
            
[0mZipties[0m
          
[36m</span>[39m
        
[36m</div>[39m
        [36m<h1[39m
          [33mclass[
39m=[32m"text-3xl 
font-bold mb-2"[39m
        [36m>[39m
          [0mForgot 
password?[0m
        
[36m</h1>[39m
        [36m<p[39m
          [33mclass[
39m=[32m"text-gray-50
0 mb-8"[39m
        [36m>[39m
          [0mNo 
worries. WeÔÇÖll send 
you a reset link.[0m
        [36m</p>[39m
        
[36m<form[39m
          [33mclass[
39m=[32m"space-y-6"[
39m
        [36m>[39m
          
[36m<div>[39m
            
[36m<label[39m
              [33mcla
ss[39m=[32m"text-sm 
font-medium mb-1 
block"[39m
            
[36m>[39m
              
[0mEmail[0m
            
[36m</label>[39m
            
[36m<input[39m
              [33mcla
ss[39m=[32m"flex 
h-10 w-full 
rounded-md border 
border-input 
bg-background px-3 
py-2 text-base ring-of
fset-background 
file:border-0 
file:bg-transparent 
file:text-sm 
file:font-medium 
file:text-foreground p
laceholder:text-muted-
foreground focus-visib
le:outline-none 
focus-visible:ring-2 f
ocus-visible:ring-ring
 focus-visible:ring-of
fset-2 disabled:cursor
-not-allowed 
disabled:opacity-50 
md:text-sm"[39m
              [33mnam
e[39m=[32m"email"[3
9m
              [33mpla
ceholder[39m=[32m"yo
u@example.com"[39m
              [33mtyp
e[39m=[32m"email"[3
9m
            
[36m/>[39m
          
[36m</div>[39m
          
[36m<button[39m
            [33mclass
[39m=[32m"inline-fle
x items-center 
justify-center gap-2 
whitespace-nowrap 
font-medium ring-offse
t-background 
transition-all 
duration-200 focus-vis
ible:outline-none 
focus-visible:ring-2 f
ocus-visible:ring-ring
 focus-visible:ring-of
fset-2 disabled:pointe
r-events-none 
disabled:opacity-50 [&
_svg]:pointer-events-n
one [&_svg]:size-4 
[&_svg]:shrink-0 
bg-gradient-hero text-
primary-foreground 
shadow-lg shadow-glow 
hover:shadow-xl 
hover:scale-[1.02] 
active:scale-[0.98] 
h-12 rounded-lg px-8 
text-base w-full"[39m
            [33mtype
[39m=[32m"submit"[39
m
          [36m>[39m
            [0mSend 
reset link[0m
          
[36m</button>[39m
        
[36m</form>[39m
        [36m<p[39m
          [33mclass[
39m=[32m"text-sm 
text-gray-500 
mt-6"[39m
        [36m>[39m
          
[0mRemember your 
password?[0m
          [0m [0m
          [36m<a[39m
            [33mclass
[39m=[32m"text-prima
ry font-medium"[39m
            [33mhref
[39m=[32m"/"[39m
          [36m>[39m
            [0mSign 
in[0m
          
[36m</a>[39m
        [36m</p>[39m
      [36m</div>[39m
      [36m<div[39m
        [33mclass[39
m=[32m"hidden 
lg:flex flex-1 
bg-gradient-hero 
items-center 
justify-center p-16 
relative 
overflow-hidden"[39m
      [36m>[39m
        [36m<div[39m
          [33mclass[
39m=[32m"absolute 
inset-0 
overflow-hidden"[39m
        [36m>[39m
          
[36m<div[39m
            [33mclass
[39m=[32m"absolute 
top-1/4 right-1/4 
w-64 h-64 bg-primary-f
oreground/10 
rounded-full 
blur-3xl"[39m
          [36m/>[39m
          
[36m<div[39m
            [33mclass
[39m=[32m"absolute 
bottom-1/4 left-1/4 
w-80 h-80 bg-primary-f
oreground/5 
rounded-full 
blur-3xl"[39m
          [36m/>[39m
        
[36m</div>[39m
        [36m<div[39m
          [33mclass[
39m=[32m"relative 
text-center text-prima
ry-foreground 
max-w-lg"[39m
        [36m>[39m
          
[36m<div[39m
            [33mclass
[39m=[32m"w-20 h-20 
rounded-2xl bg-primary
-foreground/20 flex 
items-center 
justify-center 
mx-auto mb-8 
animate-float"[39m
          [36m>[39m
            
[36m<img[39m
              [33malt
[39m=[32m"Zipties 
logo"[39m
              [33mcla
ss[39m=[32m"w-16 
h-16"[39m
              [33msrc
[39m=[32m"/src/asset
s/logo.png"[39m
            
[36m/>[39m
          
[36m</div>[39m
          
[36m<h2[39m
            [33mclass
[39m=[32m"text-4xl 
font-bold mb-4"[39m
          [36m>[39m
            [0mReset 
Your Password[0m
          
[36m</h2>[39m
          [36m<p[39m
            [33mclass
[39m=[32m"text-lg te
xt-primary-foreground/
80"[39m
          [36m>[39m
            [0mEnter 
your registered email 
and weÔÇÖll help you 
get back into your 
community in no 
time.[0m
          
[36m</p>[39m
        
[36m</div>[39m
      [36m</div>[39m
    [36m</div>[39m
    [36m<footer[39m
      [33mclass[39m=
[32m"w-full border-t 
border-border 
bg-background "[39m
    [36m>[39m
      [36m<div[39m
        [33mclass[39
m=[32m"mx-auto 
max-w-7xl px-4 
py-4"[39m
      [36m>[39m
        [36m<div[39m
          [33mclass[
39m=[32m"flex 
flex-col gap-3 
text-center 
md:flex-row 
md:items-center md:jus
tify-between"[39m
        [36m>[39m
          
[36m<div[39m
            [33mclass
[39m=[32m"flex 
items-center 
justify-center gap-2 
text-sm text-muted-for
eground"[39m
          [36m>[39m
            
[36m<span[39m
              [33mcla
ss[39m=[32m"font-sem
ibold 
text-foreground"[39m
            
[36m>[39m
              
[0mZipties[0m
            
[36m</span>[39m
            
[36m<span>[39m
              [0m┬® 
[0m
              
[0m2026[0m
            
[36m</span>[39m
          
[36m</div>[39m
          
[36m<nav[39m
            [33mclass
[39m=[32m"flex 
flex-wrap 
justify-center 
gap-x-4 gap-y-2 
text-sm"[39m
          [36m>[39m
            
[36m<a[39m
              [33mcla
ss[39m=[32m"text-mut
ed-foreground 
hover:text-foreground 
transition-colors"[39
m
              [33mhre
f[39m=[32m"/terms"[
39m
            
[36m>[39m
              
[0mTerms and 
Conditions [0m
            
[36m</a>[39m
            
[36m<a[39m
              [33mcla
ss[39m=[32m"text-mut
ed-foreground 
hover:text-foreground 
transition-colors"[39
m
              [33mhre
f[39m=[32m"/privacy-
policy"[39m
            
[36m>[39m
              
[0mPrivacy Policy[0m
            
[36m</a>[39m
            
[36m<a[39m
              [33mcla
ss[39m=[32m"text-mut
ed-foreground 
hover:text-foreground 
transition-colors"[39
m
              [33mhre
f[39m=[32m"/about-us
"[39m
            
[36m>[39m
              
[0mAbout Us[0m
            
[36m</a>[39m
          
[36m</nav>[39m
        
[36m</div>[39m
      [36m</div>[39m
    
[36m</footer>[39m
  [36m</div>[39m
[36m</body>[39m
[90m [2mÔØ»[22m Obj
ect.getElementError no
de_modules/@testing-li
brary/dom/dist/config.
js:[2m37:19[22m[39m
[90m [2mÔØ»[22m 
getAllByLabelText node
_modules/@testing-libr
ary/dom/dist/queries/l
abel-text.js:[2m108:4
0[22m[39m
[90m [2mÔØ»[22m nod
e_modules/@testing-lib
rary/dom/dist/query-he
lpers.js:[2m52:17[22
m[39m
[90m [2mÔØ»[22m 
getByLabelText node_mo
dules/@testing-library
/dom/dist/query-helper
s.js:[2m95:19[22m[3
9m
[36m [2mÔØ»[22m src
/pages/__tests__/Forgo
tPassword.test.tsx:[2
m31:32[22m[39m
    [90m 29| [39m   
     [34mrender[39m(
[33m<[39m[33mForgot
Password[39m [33m/[
39m[33m>[39m)[33m;
[39m
    [90m 30| [39m
    [90m 31| [39m   
     await user.type(s
creen.getByLabelText(/
email/i), 
'valid@examplÔÇª
    [90m   | [39m   
                      
      [31m^[39m
    [90m 32| [39m
    [90m 33| [39m   
     const 
submitButton = screen.
getByRole('button', { 
name: /send ÔÇª

[31m[2mÔÄ»ÔÄ»ÔÄ»ÔÄ»Ô
Ä»ÔÄ»ÔÄ»ÔÄ»ÔÄ»ÔÄ»ÔÄ»ÔÄ
»ÔÄ»ÔÄ»ÔÄ»ÔÄ»ÔÄ»ÔÄ»ÔÄ»
ÔÄ»ÔÄ»ÔÄ»ÔÄ»[3/11]ÔÄ»
[22m[39m

[41m[1m FAIL 
[22m[49m src/pages/_
_tests__/ForgotPasswor
d.test.tsx[2m > 
[22mForgotPassword 
Page[2m > [22mshows 
error message when 
email is not found
[31m[1mTestingLibrar
yElementError[22m[39
m: Found a label with 
the text of: 
/email/i, however no 
form control was 
found associated to 
that label. Make sure 
you're using the 
"for" attribute or 
"aria-labelledby" 
attribute correctly.

Ignored nodes: 
comments, script, 
style
[36m<body>[39m
  [36m<div>[39m
    [36m<div[39m
      [33mclass[39m=
[32m"min-h-[90vh] 
flex"[39m
    [36m>[39m
      [36m<div[39m
        [33mclass[39
m=[32m"w-full 
lg:w-1/2 flex 
flex-col 
justify-center px-8 
md:px-20"[39m
      [36m>[39m
        [36m<div[39m
          [33mclass[
39m=[32m"flex 
items-center gap-2 
mb-6"[39m
        [36m>[39m
          
[36m<span[39m
            [33mclass
[39m=[32m"text-2xl 
font-bold 
text-foreground"[39m
          [36m>[39m
            
[0mZipties[0m
          
[36m</span>[39m
        
[36m</div>[39m
        [36m<h1[39m
          [33mclass[
39m=[32m"text-3xl 
font-bold mb-2"[39m
        [36m>[39m
          [0mForgot 
password?[0m
        
[36m</h1>[39m
        [36m<p[39m
          [33mclass[
39m=[32m"text-gray-50
0 mb-8"[39m
        [36m>[39m
          [0mNo 
worries. WeÔÇÖll send 
you a reset link.[0m
        [36m</p>[39m
        
[36m<form[39m
          [33mclass[
39m=[32m"space-y-6"[
39m
        [36m>[39m
          
[36m<div>[39m
            
[36m<label[39m
              [33mcla
ss[39m=[32m"text-sm 
font-medium mb-1 
block"[39m
            
[36m>[39m
              
[0mEmail[0m
            
[36m</label>[39m
            
[36m<input[39m
              [33mcla
ss[39m=[32m"flex 
h-10 w-full 
rounded-md border 
border-input 
bg-background px-3 
py-2 text-base ring-of
fset-background 
file:border-0 
file:bg-transparent 
file:text-sm 
file:font-medium 
file:text-foreground p
laceholder:text-muted-
foreground focus-visib
le:outline-none 
focus-visible:ring-2 f
ocus-visible:ring-ring
 focus-visible:ring-of
fset-2 disabled:cursor
-not-allowed 
disabled:opacity-50 
md:text-sm"[39m
              [33mnam
e[39m=[32m"email"[3
9m
              [33mpla
ceholder[39m=[32m"yo
u@example.com"[39m
              [33mtyp
e[39m=[32m"email"[3
9m
            
[36m/>[39m
          
[36m</div>[39m
          
[36m<button[39m
            [33mclass
[39m=[32m"inline-fle
x items-center 
justify-center gap-2 
whitespace-nowrap 
font-medium ring-offse
t-background 
transition-all 
duration-200 focus-vis
ible:outline-none 
focus-visible:ring-2 f
ocus-visible:ring-ring
 focus-visible:ring-of
fset-2 disabled:pointe
r-events-none 
disabled:opacity-50 [&
_svg]:pointer-events-n
one [&_svg]:size-4 
[&_svg]:shrink-0 
bg-gradient-hero text-
primary-foreground 
shadow-lg shadow-glow 
hover:shadow-xl 
hover:scale-[1.02] 
active:scale-[0.98] 
h-12 rounded-lg px-8 
text-base w-full"[39m
            [33mtype
[39m=[32m"submit"[39
m
          [36m>[39m
            [0mSend 
reset link[0m
          
[36m</button>[39m
        
[36m</form>[39m
        [36m<p[39m
          [33mclass[
39m=[32m"text-sm 
text-gray-500 
mt-6"[39m
        [36m>[39m
          
[0mRemember your 
password?[0m
          [0m [0m
          [36m<a[39m
            [33mclass
[39m=[32m"text-prima
ry font-medium"[39m
            [33mhref
[39m=[32m"/"[39m
          [36m>[39m
            [0mSign 
in[0m
          
[36m</a>[39m
        [36m</p>[39m
      [36m</div>[39m
      [36m<div[39m
        [33mclass[39
m=[32m"hidden 
lg:flex flex-1 
bg-gradient-hero 
items-center 
justify-center p-16 
relative 
overflow-hidden"[39m
      [36m>[39m
        [36m<div[39m
          [33mclass[
39m=[32m"absolute 
inset-0 
overflow-hidden"[39m
        [36m>[39m
          
[36m<div[39m
            [33mclass
[39m=[32m"absolute 
top-1/4 right-1/4 
w-64 h-64 bg-primary-f
oreground/10 
rounded-full 
blur-3xl"[39m
          [36m/>[39m
          
[36m<div[39m
            [33mclass
[39m=[32m"absolute 
bottom-1/4 left-1/4 
w-80 h-80 bg-primary-f
oreground/5 
rounded-full 
blur-3xl"[39m
          [36m/>[39m
        
[36m</div>[39m
        [36m<div[39m
          [33mclass[
39m=[32m"relative 
text-center text-prima
ry-foreground 
max-w-lg"[39m
        [36m>[39m
          
[36m<div[39m
            [33mclass
[39m=[32m"w-20 h-20 
rounded-2xl bg-primary
-foreground/20 flex 
items-center 
justify-center 
mx-auto mb-8 
animate-float"[39m
          [36m>[39m
            
[36m<img[39m
              [33malt
[39m=[32m"Zipties 
logo"[39m
              [33mcla
ss[39m=[32m"w-16 
h-16"[39m
              [33msrc
[39m=[32m"/src/asset
s/logo.png"[39m
            
[36m/>[39m
          
[36m</div>[39m
          
[36m<h2[39m
            [33mclass
[39m=[32m"text-4xl 
font-bold mb-4"[39m
          [36m>[39m
            [0mReset 
Your Password[0m
          
[36m</h2>[39m
          [36m<p[39m
            [33mclass
[39m=[32m"text-lg te
xt-primary-foreground/
80"[39m
          [36m>[39m
            [0mEnter 
your registered email 
and weÔÇÖll help you 
get back into your 
community in no 
time.[0m
          
[36m</p>[39m
        
[36m</div>[39m
      [36m</div>[39m
    [36m</div>[39m
    [36m<footer[39m
      [33mclass[39m=
[32m"w-full border-t 
border-border 
bg-background "[39m
    [36m>[39m
      [36m<div[39m
        [33mclass[39
m=[32m"mx-auto 
max-w-7xl px-4 
py-4"[39m
      [36m>[39m
        [36m<div[39m
          [33mclass[
39m=[32m"flex 
flex-col gap-3 
text-center 
md:flex-row 
md:items-center md:jus
tify-between"[39m
        [36m>[39m
          
[36m<div[39m
            [33mclass
[39m=[32m"flex 
items-center 
justify-center gap-2 
text-sm text-muted-for
eground"[39m
          [36m>[39m
            
[36m<span[39m
              [33mcla
ss[39m=[32m"font-sem
ibold 
text-foreground"[39m
            
[36m>[39m
              
[0mZipties[0m
            
[36m</span>[39m
            
[36m<span>[39m
              [0m┬® 
[0m
              
[0m2026[0m
            
[36m</span>[39m
          
[36m</div>[39m
          
[36m<nav[39m
            [33mclass
[39m=[32m"flex 
flex-wrap 
justify-center 
gap-x-4 gap-y-2 
text-sm"[39m
          [36m>[39m
            
[36m<a[39m
              [33mcla
ss[39m=[32m"text-mut
ed-foreground 
hover:text-foreground 
transition-colors"[39
m
              [33mhre
f[39m=[32m"/terms"[
39m
            
[36m>[39m
              
[0mTerms and 
Conditions [0m
            
[36m</a>[39m
            
[36m<a[39m
              [33mcla
ss[39m=[32m"text-mut
ed-foreground 
hover:text-foreground 
transition-colors"[39
m
              [33mhre
f[39m=[32m"/privacy-
policy"[39m
            
[36m>[39m
              
[0mPrivacy Policy[0m
            
[36m</a>[39m
            
[36m<a[39m
              [33mcla
ss[39m=[32m"text-mut
ed-foreground 
hover:text-foreground 
transition-colors"[39
m
              [33mhre
f[39m=[32m"/about-us
"[39m
            
[36m>[39m
              
[0mAbout Us[0m
            
[36m</a>[39m
          
[36m</nav>[39m
        
[36m</div>[39m
      [36m</div>[39m
    
[36m</footer>[39m
  [36m</div>[39m
[36m</body>[39m
[90m [2mÔØ»[22m Obj
ect.getElementError no
de_modules/@testing-li
brary/dom/dist/config.
js:[2m37:19[22m[39m
[90m [2mÔØ»[22m 
getAllByLabelText node
_modules/@testing-libr
ary/dom/dist/queries/l
abel-text.js:[2m108:4
0[22m[39m
[90m [2mÔØ»[22m nod
e_modules/@testing-lib
rary/dom/dist/query-he
lpers.js:[2m52:17[22
m[39m
[90m [2mÔØ»[22m 
getByLabelText node_mo
dules/@testing-library
/dom/dist/query-helper
s.js:[2m95:19[22m[3
9m
[36m [2mÔØ»[22m src
/pages/__tests__/Forgo
tPassword.test.tsx:[2
m45:32[22m[39m
    [90m 43| [39m   
     [34mrender[39m(
[33m<[39m[33mForgot
Password[39m [33m/[
39m[33m>[39m)[33m;
[39m
    [90m 44| [39m
    [90m 45| [39m   
     await user.type(s
creen.getByLabelText(/
email/i), 
'notfound@exaÔÇª
    [90m   | [39m   
                      
      [31m^[39m
    [90m 46| [39m
    [90m 47| [39m   
     const 
submitButton = screen.
getByRole('button', { 
name: /send ÔÇª

[31m[2mÔÄ»ÔÄ»ÔÄ»ÔÄ»Ô
Ä»ÔÄ»ÔÄ»ÔÄ»ÔÄ»ÔÄ»ÔÄ»ÔÄ
»ÔÄ»ÔÄ»ÔÄ»ÔÄ»ÔÄ»ÔÄ»ÔÄ»
ÔÄ»ÔÄ»ÔÄ»ÔÄ»[4/11]ÔÄ»
[22m[39m

[41m[1m FAIL 
[22m[49m src/pages/_
_tests__/Login.test.ts
x[2m > [22mLogin 
Page[2m > 
[22mrenders email 
and password fields
[31m[1mTestingLibrar
yElementError[22m[39
m: Found a label with 
the text of: 
/email/i, however no 
form control was 
found associated to 
that label. Make sure 
you're using the 
"for" attribute or 
"aria-labelledby" 
attribute correctly.

Ignored nodes: 
comments, script, 
style
[36m<body>[39m
  [36m<div>[39m
    [36m<div[39m
      [33mclass[39m=
[32m"min-h-[90vh] 
bg-background flex 
"[39m
    [36m>[39m
      [36m<div[39m
        [33mclass[39
m=[32m"flex-1 flex 
flex-col 
justify-center px-8 
md:px-16 lg:px-24 
p-5"[39m
      [36m>[39m
        [36m<div[39m
          [33mclass[
39m=[32m"max-w-md 
w-full mx-auto"[39m
        [36m>[39m
          
[36m<div[39m
            [33mclass
[39m=[32m"mb-4"[39m
          [36m>[39m
            
[36m<img[39m
              [33malt
[39m=[32m""[39m
              [33mcla
ss[39m=[32m"mb-5"[3
9m
              [33msrc
[39m=[32m"/src/asset
s/zeptis-logo-1.png"[
39m
            
[36m/>[39m
            
[36m<h1[39m
              [33mcla
ss[39m=[32m"text-3xl
 font-bold mb-2"[39m
            
[36m>[39m
              
[0mWelcome back[0m
            
[36m</h1>[39m
            
[36m<p[39m
              [33mcla
ss[39m=[32m"text-mut
ed-foreground"[39m
            
[36m>[39m
              
[0mSign in to 
continue[0m
            
[36m</p>[39m
          
[36m</div>[39m
          
[36m<form[39m
            [33mclass
[39m=[32m"space-y-2"
[39m
          [36m>[39m
            
[36m<div[39m
              [33mcla
ss[39m=[32m"space-y-
1"[39m
            
[36m>[39m
              
[36m<label[39m
                [33mc
lass[39m=[32m"text-s
m font-medium 
leading-none peer-disa
bled:cursor-not-allowe
d peer-disabled:opacit
y-70"[39m
              
[36m>[39m
                
[0mEmail[0m
              
[36m</label>[39m
              
[36m<div[39m
                [33mc
lass[39m=[32m"relati
ve"[39m
              
[36m>[39m
                
[36m<svg[39m
                  [33
mclass[39m=[32m"luci
de lucide-mail 
absolute left-3 
top-1/2 
-translate-y-1/2 w-5 
h-5 text-muted-foregro
und"[39m
                  [33
mfill[39m=[32m"none"
[39m
                  [33
mheight[39m=[32m"24"
[39m
                  [33
mstroke[39m=[32m"cur
rentColor"[39m
                  [33
mstroke-linecap[39m=
[32m"round"[39m
                  [33
mstroke-linejoin[39m=
[32m"round"[39m
                  [33
mstroke-width[39m=[3
2m"2"[39m
                  [33
mviewBox[39m=[32m"0 
0 24 24"[39m
                  [33
mwidth[39m=[32m"24"
[39m
                  [33
mxmlns[39m=[32m"http
://www.w3.org/2000/svg
"[39m
                
[36m>[39m
                  
[36m<rect[39m
                    [
33mheight[39m=[32m"1
6"[39m
                    [
33mrx[39m=[32m"2"[3
9m
                    [
33mwidth[39m=[32m"20
"[39m
                    [
33mx[39m=[32m"2"[39
m
                    [
33my[39m=[32m"4"[39
m
                  
[36m/>[39m
                  
[36m<path[39m
                    
[33md[39m=[32m"m22 
7-8.97 5.7a1.94 1.94 
0 0 1-2.06 0L2 7"[39m
                  
[36m/>[39m
                
[36m</svg>[39m
                
[36m<input[39m
                  [33
mclass[39m=[32m"flex
 w-full rounded-md 
border border-input 
bg-background px-3 
py-2 text-base ring-of
fset-background 
file:border-0 
file:bg-transparent 
file:text-sm 
file:font-medium 
file:text-foreground p
laceholder:text-muted-
foreground focus-visib
le:outline-none 
focus-visible:ring-2 f
ocus-visible:ring-ring
 focus-visible:ring-of
fset-2 disabled:cursor
-not-allowed 
disabled:opacity-50 
md:text-sm pl-10 
h-12"[39m
                  [33
mname[39m=[32m"email
"[39m
                  [33
mplaceholder[39m=[32
m"you@example.com"[39
m
                  [33
mtype[39m=[32m"email
"[39m
                
[36m/>[39m
              
[36m</div>[39m
            
[36m</div>[39m
            
[36m<div[39m
              [33mcla
ss[39m=[32m"space-y-
1"[39m
            
[36m>[39m
              
[36m<label[39m
                [33mc
lass[39m=[32m"text-s
m font-medium 
leading-none peer-disa
bled:cursor-not-allowe
d peer-disabled:opacit
y-70"[39m
              
[36m>[39m
                
[0mPassword[0m
              
[36m</label>[39m
              
[36m<div[39m
                [33mc
lass[39m=[32m"relati
ve"[39m
              
[36m>[39m
                
[36m<svg[39m
                  [33
mclass[39m=[32m"luci
de lucide-lock 
absolute left-3 
top-1/2 
-translate-y-1/2 w-5 
h-5 text-muted-foregro
und"[39m
                  [33
mfill[39m=[32m"none"
[39m
                  [33
mheight[39m=[32m"24"
[39m
                  [33
mstroke[39m=[32m"cur
rentColor"[39m
                  [33
mstroke-linecap[39m=
[32m"round"[39m
                  [33
mstroke-linejoin[39m=
[32m"round"[39m
                  [33
mstroke-width[39m=[3
2m"2"[39m
                  [33
mviewBox[39m=[32m"0 
0 24 24"[39m
                  [33
mwidth[39m=[32m"24"
[39m
                  [33
mxmlns[39m=[32m"http
://www.w3.org/2000/svg
"[39m
                
[36m>[39m
                  
[36m<rect[39m
                    [
33mheight[39m=[32m"1
1"[39m
                    [
33mrx[39m=[32m"2"[3
9m
                    [
33mry[39m=[32m"2"[3
9m
                    [
33mwidth[39m=[32m"18
"[39m
                    [
33mx[39m=[32m"3"[39
m
                    [
33my[39m=[32m"11"[3
9m
                  
[36m/>[39m
                  
[36m<path[39m
                    
[33md[39m=[32m"M7 
11V7a5 5 0 0 1 10 
0v4"[39m
                  
[36m/>[39m
                
[36m</svg>[39m
                
[36m<input[39m
                  [33
mclass[39m=[32m"flex
 w-full rounded-md 
border border-input 
bg-background px-3 
py-2 text-base ring-of
fset-background 
file:border-0 
file:bg-transparent 
file:text-sm 
file:font-medium 
file:text-foreground p
laceholder:text-muted-
foreground focus-visib
le:outline-none 
focus-visible:ring-2 f
ocus-visible:ring-ring
 focus-visible:ring-of
fset-2 disabled:cursor
-not-allowed 
disabled:opacity-50 
md:text-sm pl-10 
pr-10 h-12"[39m
                  [33
mname[39m=[32m"passw
ord"[39m
                  [33
mplaceholder[39m=[32
m"ÔÇóÔÇóÔÇóÔÇóÔÇóÔÇóÔÇ
óÔÇó"[39m
                  [33
mtype[39m=[32m"passw
ord"[39m
                
[36m/>[39m
                
[36m<button[39m
                  [33
mclass[39m=[32m"abso
lute right-3 top-1/2 
-translate-y-1/2"[39m
                  [33
mtype[39m=[32m"butto
n"[39m
                
[36m>[39m
                  
[36m<svg[39m
                    [
33mclass[39m=[32m"lu
cide lucide-eye"[39m
                    [
33mfill[39m=[32m"non
e"[39m
                    [
33mheight[39m=[32m"2
4"[39m
                    [
33mstroke[39m=[32m"c
urrentColor"[39m
                    [
33mstroke-linecap[39m
=[32m"round"[39m
                    [
33mstroke-linejoin[39
m=[32m"round"[39m
                    [
33mstroke-width[39m=
[32m"2"[39m
                    [
33mviewBox[39m=[32m"
0 0 24 24"[39m
                    [
33mwidth[39m=[32m"24
"[39m
                    [
33mxmlns[39m=[32m"ht
tp://www.w3.org/2000/s
vg"[39m
                  
[36m>[39m
                    
[36m<path[39m
                      
[33md[39m=[32m"M2.0
62 12.348a1 1 0 0 1 
0-.696 10.75 10.75 0 
0 1 19.876 0 1 1 0 0 
1 0 .696 10.75 10.75 
0 0 1-19.876 0"[39m
                    
[36m/>[39m
                    
[36m<circle[39m
                      
[33mcx[39m=[32m"12"
[39m
                      
[33mcy[39m=[32m"12"
[39m
                      
[33mr[39m=[32m"3"[
39m
                    
[36m/>[39m
                  
[36m</svg>[39m
                
[36m</button>[39m
              
[36m</div>[39m
            
[36m</div>[39m
            
[36m<div[39m
              [33mcla
ss[39m=[32m"flex 
items-center 
justify-between"[39m
            
[36m>[39m
              
[36m<label[39m
                [33mc
lass[39m=[32m"flex 
items-center gap-2 
cursor-pointer"[39m
              
[36m>[39m
                
[36m<input[39m
                  [33
mclass[39m=[32m"h-4 
w-4 ml-1 rounded borde
r-muted-foreground 
text-primary 
focus:ring-primary 
cursor-pointer 
accent-primary"[39m
                  [33
mtype[39m=[32m"check
box"[39m
                
[36m/>[39m
                
[36m<span[39m
                  [33
mclass[39m=[32m"text
-sm text-muted-foregro
und"[39m
                
[36m>[39m
                  
[0mRemember me[0m
                
[36m</span>[39m
              
[36m</label>[39m
              
[36m<button[39m
                [33mc
lass[39m=[32m"text-s
m text-primary 
hover:underline"[39m
                [33mt
ype[39m=[32m"button"
[39m
              
[36m>[39m
                
[0mForgot 
password?[0m
              
[36m</button>[39m
            
[36m</div>[39m
            
[36m<button[39m
              [33mcla
ss[39m=[32m"inline-f
lex items-center 
justify-center gap-2 
whitespace-nowrap 
font-medium ring-offse
t-background 
transition-all 
duration-200 focus-vis
ible:outline-none 
focus-visible:ring-2 f
ocus-visible:ring-ring
 focus-visible:ring-of
fset-2 disabled:pointe
r-events-none 
disabled:opacity-50 [&
_svg]:pointer-events-n
one [&_svg]:size-4 
[&_svg]:shrink-0 
bg-gradient-hero text-
primary-foreground 
shadow-lg shadow-glow 
hover:shadow-xl 
hover:scale-[1.02] 
active:scale-[0.98] 
h-12 rounded-lg px-8 
text-base w-full"[39m
              [33mtyp
e[39m=[32m"submit"[
39m
            
[36m>[39m
              
[0mSign In[0m
            
[36m</button>[39m
          
[36m</form>[39m
          [36m<p[39m
            [33mclass
[39m=[32m"text-cente
r mt-4 text-muted-fore
ground"[39m
          [36m>[39m
            [0mDon't 
have an account?[0m
            [0m [0m
            
[36m<button[39m
              [33mcla
ss[39m=[32m"text-pri
mary font-medium 
hover:underline"[39m
              [33mtyp
e[39m=[32m"button"[
39m
            
[36m>[39m
              
[0mSign up[0m
            
[36m</button>[39m
          
[36m</p>[39m
        
[36m</div>[39m
      [36m</div>[39m
      [36m<div[39m
        [33mclass[39
m=[32m"hidden 
lg:flex flex-1 
bg-gradient-hero 
items-center 
justify-center p-16 
relative 
overflow-hidden"[39m
      [36m>[39m
        [36m<div[39m
          [33mclass[
39m=[32m"absolute 
inset-0 
overflow-hidden"[39m
        [36m>[39m
          
[36m<div[39m
            [33mclass
[39m=[32m"absolute 
top-1/4 right-1/4 
w-64 h-64 bg-primary-f
oreground/10 
rounded-full 
blur-3xl"[39m
          [36m/>[39m
          
[36m<div[39m
            [33mclass
[39m=[32m"absolute 
bottom-1/4 left-1/4 
w-80 h-80 bg-primary-f
oreground/5 
rounded-full 
blur-3xl"[39m
          [36m/>[39m
        
[36m</div>[39m
        [36m<div[39m
          [33mclass[
39m=[32m"relative 
text-center text-prima
ry-foreground 
max-w-lg"[39m
        [36m>[39m
          
[36m<div[39m
            [33mclass
[39m=[32m"w-20 h-20 
rounded-2xl bg-primary
-foreground/20 flex 
items-center 
justify-center 
mx-auto mb-8 
animate-float"[39m
          [36m>[39m
            
[36m<img[39m
              [33malt
[39m=[32m""[39m
              [33mcla
ss[39m=[32m"w-16 
h-16"[39m
              [33msrc
[39m=[32m"/src/asset
s/logo.png"[39m
            
[36m/>[39m
          
[36m</div>[39m
          
[36m<h2[39m
            [33mclass
[39m=[32m"text-4xl 
font-bold mb-4"[39m
          [36m>[39m
            [0mJoin 
the Community[0m
          
[36m</h2>[39m
          [36m<p[39m
            [33mclass
[39m=[32m"text-lg te
xt-primary-foreground/
80"[39m
          [36m>[39m
            
[0mConnect, 
collaborate, and 
build together.[0m
          
[36m</p>[39m
        
[36m</div>[39m
      [36m</div>[39m
    [36m</div>[39m
    [36m<footer[39m
      [33mclass[39m=
[32m"w-full border-t 
border-border 
bg-background "[39m
    [36m>[39m
      [36m<div[39m
        [33mclass[39
m=[32m"mx-auto 
max-w-7xl px-4 
py-4"[39m
      [36m>[39m
        [36m<div[39m
          [33mclass[
39m=[32m"flex 
flex-col gap-3 
text-center 
md:flex-row 
md:items-center md:jus
tify-between"[39m
        [36m>[39m
          
[36m<div[39m
            [33mclass
[39m=[32m"flex 
items-center 
justify-center gap-2 
text-sm text-muted-for
eground"[39m
          [36m>[39m
            
[36m<span[39m
              [33mcla
ss[39m=[32m"font-sem
ibold 
text-foreground"[39m
            
[36m>[39m
              
[0mZipties[0m
            
[36m</span>[39m
            
[36m<span>[39m
              [0m┬® 
[0m
              
[0m2026[0m
            
[36m</span>[39m
          
[36m</div>[39m
          
[36m<nav[39m
            [33mclass
[39m=[32m"flex 
flex-wrap 
justify-center 
gap-x-4 gap-y-2 
text-sm"[39m
          [36m>[39m
            
[36m<a[39m
              [33mcla
ss[39m=[32m"text-mut
ed-foreground 
hover:text-foreground 
transition-colors"[39
m
              [33mhre
f[39m=[32m"/terms"[
39m
            
[36m>[39m
              
[0mTerms and 
Conditions [0m
            
[36m</a>[39m
            
[36m<a[39m
              [33mcla
ss[39m=[32m"text-mut
ed-foreground 
hover:text-foreground 
transition-colors"[39
m
              [33mhre
f[39m=[32m"/privacy-
policy"[39m
            
[36m>[39m
              
[0mPrivacy Policy[0m
            
[36m</a>[39m
            
[36m<a[39m
              [33mcla
ss[39m=[32m"text-mut
ed-foreground 
hover:text-foreground 
transition-colors"[39
m
              [33mhre
f[39m=[32m"/about-us
"[39m
            
[36m>[39m
              
[0mAbout Us[0m
            
[36m</a>[39m
          
[36m</nav>[39m
        
[36m</div>[39m
      [36m</div>[39m
    
[36m</footer>[39m
  [36m</div>[39m
[36m</body>[39m
[90m [2mÔØ»[22m Obj
ect.getElementError no
de_modules/@testing-li
brary/dom/dist/config.
js:[2m37:19[22m[39m
[90m [2mÔØ»[22m 
getAllByLabelText node
_modules/@testing-libr
ary/dom/dist/queries/l
abel-text.js:[2m108:4
0[22m[39m
[90m [2mÔØ»[22m nod
e_modules/@testing-lib
rary/dom/dist/query-he
lpers.js:[2m52:17[22
m[39m
[90m [2mÔØ»[22m 
getByLabelText node_mo
dules/@testing-library
/dom/dist/query-helper
s.js:[2m95:19[22m[3
9m
[36m [2mÔØ»[22m src
/pages/__tests__/Login
.test.tsx:[2m19:23[2
2m[39m
    [90m 17| [39m   
 [34mit[39m([32m're
nders email and 
password fields'[39m
[33m,[39m () 
[33m=>[39m {
    [90m 18| [39m   
     [34mrender[39m(
[33m<[39m[33mAuth[
39m [33m/[39m[33m>
[39m)[33m;[39m
    [90m 19| [39m   
     [34mexpect[39m(
screen[33m.[39m[34m
getByLabelText[39m([
36m/email/i[39m))[33
m.[39m[34mtoBeInTheD
ocument[39m()[33m;[
39m
    [90m   | [39m   
                   
[31m^[39m
    [90m 20| [39m   
     [34mexpect[39m(
screen[33m.[39m[34m
getByLabelText[39m([
36m/password/i[39m))
[33m.[39m[34mtoBeInT
heDocument[39m()[33m
;[39m
    [90m 21| [39m   
 })[33m;[39m

[31m[2mÔÄ»ÔÄ»ÔÄ»ÔÄ»Ô
Ä»ÔÄ»ÔÄ»ÔÄ»ÔÄ»ÔÄ»ÔÄ»ÔÄ
»ÔÄ»ÔÄ»ÔÄ»ÔÄ»ÔÄ»ÔÄ»ÔÄ»
ÔÄ»ÔÄ»ÔÄ»ÔÄ»[5/11]ÔÄ»
[22m[39m

[41m[1m FAIL 
[22m[49m src/pages/_
_tests__/Login.test.ts
x[2m > [22mLogin 
Page[2m > 
[22msuccessful login 
redirects user
[31m[1mTestingLibrar
yElementError[22m[39
m: Found a label with 
the text of: 
/email/i, however no 
form control was 
found associated to 
that label. Make sure 
you're using the 
"for" attribute or 
"aria-labelledby" 
attribute correctly.

Ignored nodes: 
comments, script, 
style
[36m<body>[39m
  [36m<div>[39m
    [36m<div[39m
      [33mclass[39m=
[32m"min-h-[90vh] 
bg-background flex 
"[39m
    [36m>[39m
      [36m<div[39m
        [33mclass[39
m=[32m"flex-1 flex 
flex-col 
justify-center px-8 
md:px-16 lg:px-24 
p-5"[39m
      [36m>[39m
        [36m<div[39m
          [33mclass[
39m=[32m"max-w-md 
w-full mx-auto"[39m
        [36m>[39m
          
[36m<div[39m
            [33mclass
[39m=[32m"mb-4"[39m
          [36m>[39m
            
[36m<img[39m
              [33malt
[39m=[32m""[39m
              [33mcla
ss[39m=[32m"mb-5"[3
9m
              [33msrc
[39m=[32m"/src/asset
s/zeptis-logo-1.png"[
39m
            
[36m/>[39m
            
[36m<h1[39m
              [33mcla
ss[39m=[32m"text-3xl
 font-bold mb-2"[39m
            
[36m>[39m
              
[0mWelcome back[0m
            
[36m</h1>[39m
            
[36m<p[39m
              [33mcla
ss[39m=[32m"text-mut
ed-foreground"[39m
            
[36m>[39m
              
[0mSign in to 
continue[0m
            
[36m</p>[39m
          
[36m</div>[39m
          
[36m<form[39m
            [33mclass
[39m=[32m"space-y-2"
[39m
          [36m>[39m
            
[36m<div[39m
              [33mcla
ss[39m=[32m"space-y-
1"[39m
            
[36m>[39m
              
[36m<label[39m
                [33mc
lass[39m=[32m"text-s
m font-medium 
leading-none peer-disa
bled:cursor-not-allowe
d peer-disabled:opacit
y-70"[39m
              
[36m>[39m
                
[0mEmail[0m
              
[36m</label>[39m
              
[36m<div[39m
                [33mc
lass[39m=[32m"relati
ve"[39m
              
[36m>[39m
                
[36m<svg[39m
                  [33
mclass[39m=[32m"luci
de lucide-mail 
absolute left-3 
top-1/2 
-translate-y-1/2 w-5 
h-5 text-muted-foregro
und"[39m
                  [33
mfill[39m=[32m"none"
[39m
                  [33
mheight[39m=[32m"24"
[39m
                  [33
mstroke[39m=[32m"cur
rentColor"[39m
                  [33
mstroke-linecap[39m=
[32m"round"[39m
                  [33
mstroke-linejoin[39m=
[32m"round"[39m
                  [33
mstroke-width[39m=[3
2m"2"[39m
                  [33
mviewBox[39m=[32m"0 
0 24 24"[39m
                  [33
mwidth[39m=[32m"24"
[39m
                  [33
mxmlns[39m=[32m"http
://www.w3.org/2000/svg
"[39m
                
[36m>[39m
                  
[36m<rect[39m
                    [
33mheight[39m=[32m"1
6"[39m
                    [
33mrx[39m=[32m"2"[3
9m
                    [
33mwidth[39m=[32m"20
"[39m
                    [
33mx[39m=[32m"2"[39
m
                    [
33my[39m=[32m"4"[39
m
                  
[36m/>[39m
                  
[36m<path[39m
                    
[33md[39m=[32m"m22 
7-8.97 5.7a1.94 1.94 
0 0 1-2.06 0L2 7"[39m
                  
[36m/>[39m
                
[36m</svg>[39m
                
[36m<input[39m
                  [33
mclass[39m=[32m"flex
 w-full rounded-md 
border border-input 
bg-background px-3 
py-2 text-base ring-of
fset-background 
file:border-0 
file:bg-transparent 
file:text-sm 
file:font-medium 
file:text-foreground p
laceholder:text-muted-
foreground focus-visib
le:outline-none 
focus-visible:ring-2 f
ocus-visible:ring-ring
 focus-visible:ring-of
fset-2 disabled:cursor
-not-allowed 
disabled:opacity-50 
md:text-sm pl-10 
h-12"[39m
                  [33
mname[39m=[32m"email
"[39m
                  [33
mplaceholder[39m=[32
m"you@example.com"[39
m
                  [33
mtype[39m=[32m"email
"[39m
                
[36m/>[39m
              
[36m</div>[39m
            
[36m</div>[39m
            
[36m<div[39m
              [33mcla
ss[39m=[32m"space-y-
1"[39m
            
[36m>[39m
              
[36m<label[39m
                [33mc
lass[39m=[32m"text-s
m font-medium 
leading-none peer-disa
bled:cursor-not-allowe
d peer-disabled:opacit
y-70"[39m
              
[36m>[39m
                
[0mPassword[0m
              
[36m</label>[39m
              
[36m<div[39m
                [33mc
lass[39m=[32m"relati
ve"[39m
              
[36m>[39m
                
[36m<svg[39m
                  [33
mclass[39m=[32m"luci
de lucide-lock 
absolute left-3 
top-1/2 
-translate-y-1/2 w-5 
h-5 text-muted-foregro
und"[39m
                  [33
mfill[39m=[32m"none"
[39m
                  [33
mheight[39m=[32m"24"
[39m
                  [33
mstroke[39m=[32m"cur
rentColor"[39m
                  [33
mstroke-linecap[39m=
[32m"round"[39m
                  [33
mstroke-linejoin[39m=
[32m"round"[39m
                  [33
mstroke-width[39m=[3
2m"2"[39m
                  [33
mviewBox[39m=[32m"0 
0 24 24"[39m
                  [33
mwidth[39m=[32m"24"
[39m
                  [33
mxmlns[39m=[32m"http
://www.w3.org/2000/svg
"[39m
                
[36m>[39m
                  
[36m<rect[39m
                    [
33mheight[39m=[32m"1
1"[39m
                    [
33mrx[39m=[32m"2"[3
9m
                    [
33mry[39m=[32m"2"[3
9m
                    [
33mwidth[39m=[32m"18
"[39m
                    [
33mx[39m=[32m"3"[39
m
                    [
33my[39m=[32m"11"[3
9m
                  
[36m/>[39m
                  
[36m<path[39m
                    
[33md[39m=[32m"M7 
11V7a5 5 0 0 1 10 
0v4"[39m
                  
[36m/>[39m
                
[36m</svg>[39m
                
[36m<input[39m
                  [33
mclass[39m=[32m"flex
 w-full rounded-md 
border border-input 
bg-background px-3 
py-2 text-base ring-of
fset-background 
file:border-0 
file:bg-transparent 
file:text-sm 
file:font-medium 
file:text-foreground p
laceholder:text-muted-
foreground focus-visib
le:outline-none 
focus-visible:ring-2 f
ocus-visible:ring-ring
 focus-visible:ring-of
fset-2 disabled:cursor
-not-allowed 
disabled:opacity-50 
md:text-sm pl-10 
pr-10 h-12"[39m
                  [33
mname[39m=[32m"passw
ord"[39m
                  [33
mplaceholder[39m=[32
m"ÔÇóÔÇóÔÇóÔÇóÔÇóÔÇóÔÇ
óÔÇó"[39m
                  [33
mtype[39m=[32m"passw
ord"[39m
                
[36m/>[39m
                
[36m<button[39m
                  [33
mclass[39m=[32m"abso
lute right-3 top-1/2 
-translate-y-1/2"[39m
                  [33
mtype[39m=[32m"butto
n"[39m
                
[36m>[39m
                  
[36m<svg[39m
                    [
33mclass[39m=[32m"lu
cide lucide-eye"[39m
                    [
33mfill[39m=[32m"non
e"[39m
                    [
33mheight[39m=[32m"2
4"[39m
                    [
33mstroke[39m=[32m"c
urrentColor"[39m
                    [
33mstroke-linecap[39m
=[32m"round"[39m
                    [
33mstroke-linejoin[39
m=[32m"round"[39m
                    [
33mstroke-width[39m=
[32m"2"[39m
                    [
33mviewBox[39m=[32m"
0 0 24 24"[39m
                    [
33mwidth[39m=[32m"24
"[39m
                    [
33mxmlns[39m=[32m"ht
tp://www.w3.org/2000/s
vg"[39m
                  
[36m>[39m
                    
[36m<path[39m
                      
[33md[39m=[32m"M2.0
62 12.348a1 1 0 0 1 
0-.696 10.75 10.75 0 
0 1 19.876 0 1 1 0 0 
1 0 .696 10.75 10.75 
0 0 1-19.876 0"[39m
                    
[36m/>[39m
                    
[36m<circle[39m
                      
[33mcx[39m=[32m"12"
[39m
                      
[33mcy[39m=[32m"12"
[39m
                      
[33mr[39m=[32m"3"[
39m
                    
[36m/>[39m
                  
[36m</svg>[39m
                
[36m</button>[39m
              
[36m</div>[39m
            
[36m</div>[39m
            
[36m<div[39m
              [33mcla
ss[39m=[32m"flex 
items-center 
justify-between"[39m
            
[36m>[39m
              
[36m<label[39m
                [33mc
lass[39m=[32m"flex 
items-center gap-2 
cursor-pointer"[39m
              
[36m>[39m
                
[36m<input[39m
                  [33
mclass[39m=[32m"h-4 
w-4 ml-1 rounded borde
r-muted-foreground 
text-primary 
focus:ring-primary 
cursor-pointer 
accent-primary"[39m
                  [33
mtype[39m=[32m"check
box"[39m
                
[36m/>[39m
                
[36m<span[39m
                  [33
mclass[39m=[32m"text
-sm text-muted-foregro
und"[39m
                
[36m>[39m
                  
[0mRemember me[0m
                
[36m</span>[39m
              
[36m</label>[39m
              
[36m<button[39m
                [33mc
lass[39m=[32m"text-s
m text-primary 
hover:underline"[39m
                [33mt
ype[39m=[32m"button"
[39m
              
[36m>[39m
                
[0mForgot 
password?[0m
              
[36m</button>[39m
            
[36m</div>[39m
            
[36m<button[39m
              [33mcla
ss[39m=[32m"inline-f
lex items-center 
justify-center gap-2 
whitespace-nowrap 
font-medium ring-offse
t-background 
transition-all 
duration-200 focus-vis
ible:outline-none 
focus-visible:ring-2 f
ocus-visible:ring-ring
 focus-visible:ring-of
fset-2 disabled:pointe
r-events-none 
disabled:opacity-50 [&
_svg]:pointer-events-n
one [&_svg]:size-4 
[&_svg]:shrink-0 
bg-gradient-hero text-
primary-foreground 
shadow-lg shadow-glow 
hover:shadow-xl 
hover:scale-[1.02] 
active:scale-[0.98] 
h-12 rounded-lg px-8 
text-base w-full"[39m
              [33mtyp
e[39m=[32m"submit"[
39m
            
[36m>[39m
              
[0mSign In[0m
            
[36m</button>[39m
          
[36m</form>[39m
          [36m<p[39m
            [33mclass
[39m=[32m"text-cente
r mt-4 text-muted-fore
ground"[39m
          [36m>[39m
            [0mDon't 
have an account?[0m
            [0m [0m
            
[36m<button[39m
              [33mcla
ss[39m=[32m"text-pri
mary font-medium 
hover:underline"[39m
              [33mtyp
e[39m=[32m"button"[
39m
            
[36m>[39m
              
[0mSign up[0m
            
[36m</button>[39m
          
[36m</p>[39m
        
[36m</div>[39m
      [36m</div>[39m
      [36m<div[39m
        [33mclass[39
m=[32m"hidden 
lg:flex flex-1 
bg-gradient-hero 
items-center 
justify-center p-16 
relative 
overflow-hidden"[39m
      [36m>[39m
        [36m<div[39m
          [33mclass[
39m=[32m"absolute 
inset-0 
overflow-hidden"[39m
        [36m>[39m
          
[36m<div[39m
            [33mclass
[39m=[32m"absolute 
top-1/4 right-1/4 
w-64 h-64 bg-primary-f
oreground/10 
rounded-full 
blur-3xl"[39m
          [36m/>[39m
          
[36m<div[39m
            [33mclass
[39m=[32m"absolute 
bottom-1/4 left-1/4 
w-80 h-80 bg-primary-f
oreground/5 
rounded-full 
blur-3xl"[39m
          [36m/>[39m
        
[36m</div>[39m
        [36m<div[39m
          [33mclass[
39m=[32m"relative 
text-center text-prima
ry-foreground 
max-w-lg"[39m
        [36m>[39m
          
[36m<div[39m
            [33mclass
[39m=[32m"w-20 h-20 
rounded-2xl bg-primary
-foreground/20 flex 
items-center 
justify-center 
mx-auto mb-8 
animate-float"[39m
          [36m>[39m
            
[36m<img[39m
              [33malt
[39m=[32m""[39m
              [33mcla
ss[39m=[32m"w-16 
h-16"[39m
              [33msrc
[39m=[32m"/src/asset
s/logo.png"[39m
            
[36m/>[39m
          
[36m</div>[39m
          
[36m<h2[39m
            [33mclass
[39m=[32m"text-4xl 
font-bold mb-4"[39m
          [36m>[39m
            [0mJoin 
the Community[0m
          
[36m</h2>[39m
          [36m<p[39m
            [33mclass
[39m=[32m"text-lg te
xt-primary-foreground/
80"[39m
          [36m>[39m
            
[0mConnect, 
collaborate, and 
build together.[0m
          
[36m</p>[39m
        
[36m</div>[39m
      [36m</div>[39m
    [36m</div>[39m
    [36m<footer[39m
      [33mclass[39m=
[32m"w-full border-t 
border-border 
bg-background "[39m
    [36m>[39m
      [36m<div[39m
        [33mclass[39
m=[32m"mx-auto 
max-w-7xl px-4 
py-4"[39m
      [36m>[39m
        [36m<div[39m
          [33mclass[
39m=[32m"flex 
flex-col gap-3 
text-center 
md:flex-row 
md:items-center md:jus
tify-between"[39m
        [36m>[39m
          
[36m<div[39m
            [33mclass
[39m=[32m"flex 
items-center 
justify-center gap-2 
text-sm text-muted-for
eground"[39m
          [36m>[39m
            
[36m<span[39m
              [33mcla
ss[39m=[32m"font-sem
ibold 
text-foreground"[39m
            
[36m>[39m
              
[0mZipties[0m
            
[36m</span>[39m
            
[36m<span>[39m
              [0m┬® 
[0m
              
[0m2026[0m
            
[36m</span>[39m
          
[36m</div>[39m
          
[36m<nav[39m
            [33mclass
[39m=[32m"flex 
flex-wrap 
justify-center 
gap-x-4 gap-y-2 
text-sm"[39m
          [36m>[39m
            
[36m<a[39m
              [33mcla
ss[39m=[32m"text-mut
ed-foreground 
hover:text-foreground 
transition-colors"[39
m
              [33mhre
f[39m=[32m"/terms"[
39m
            
[36m>[39m
              
[0mTerms and 
Conditions [0m
            
[36m</a>[39m
            
[36m<a[39m
              [33mcla
ss[39m=[32m"text-mut
ed-foreground 
hover:text-foreground 
transition-colors"[39
m
              [33mhre
f[39m=[32m"/privacy-
policy"[39m
            
[36m>[39m
              
[0mPrivacy Policy[0m
            
[36m</a>[39m
            
[36m<a[39m
              [33mcla
ss[39m=[32m"text-mut
ed-foreground 
hover:text-foreground 
transition-colors"[39
m
              [33mhre
f[39m=[32m"/about-us
"[39m
            
[36m>[39m
              
[0mAbout Us[0m
            
[36m</a>[39m
          
[36m</nav>[39m
        
[36m</div>[39m
      [36m</div>[39m
    
[36m</footer>[39m
  [36m</div>[39m
[36m</body>[39m
[90m [2mÔØ»[22m Obj
ect.getElementError no
de_modules/@testing-li
brary/dom/dist/config.
js:[2m37:19[22m[39m
[90m [2mÔØ»[22m 
getAllByLabelText node
_modules/@testing-libr
ary/dom/dist/queries/l
abel-text.js:[2m108:4
0[22m[39m
[90m [2mÔØ»[22m nod
e_modules/@testing-lib
rary/dom/dist/query-he
lpers.js:[2m52:17[22
m[39m
[90m [2mÔØ»[22m 
getByLabelText node_mo
dules/@testing-library
/dom/dist/query-helper
s.js:[2m95:19[22m[3
9m
[36m [2mÔØ»[22m src
/pages/__tests__/Login
.test.tsx:[2m40:32[2
2m[39m
    [90m 38| [39m   
     [34mrender[39m(
[33m<[39m[33mAuth[
39m [33m/[39m[33m>
[39m)[33m;[39m
    [90m 39| [39m
    [90m 40| [39m   
     await user.type(s
creen.getByLabelText(/
email/i), 
'test@exampleÔÇª
    [90m   | [39m   
                      
      [31m^[39m
    [90m 41| [39m   
     await user.type(s
creen.getByLabelText(/
password/i), 
'Password1ÔÇª
    [90m 42| [39m

[31m[2mÔÄ»ÔÄ»ÔÄ»ÔÄ»Ô
Ä»ÔÄ»ÔÄ»ÔÄ»ÔÄ»ÔÄ»ÔÄ»ÔÄ
»ÔÄ»ÔÄ»ÔÄ»ÔÄ»ÔÄ»ÔÄ»ÔÄ»
ÔÄ»ÔÄ»ÔÄ»ÔÄ»[6/11]ÔÄ»
[22m[39m

[41m[1m FAIL 
[22m[49m src/pages/_
_tests__/Login.test.ts
x[2m > [22mLogin 
Page[2m > 
[22mfailed login 
shows error message
[31m[1mTestingLibrar
yElementError[22m[39
m: Found a label with 
the text of: 
/email/i, however no 
form control was 
found associated to 
that label. Make sure 
you're using the 
"for" attribute or 
"aria-labelledby" 
attribute correctly.

Ignored nodes: 
comments, script, 
style
[36m<body>[39m
  [36m<div>[39m
    [36m<div[39m
      [33mclass[39m=
[32m"min-h-[90vh] 
bg-background flex 
"[39m
    [36m>[39m
      [36m<div[39m
        [33mclass[39
m=[32m"flex-1 flex 
flex-col 
justify-center px-8 
md:px-16 lg:px-24 
p-5"[39m
      [36m>[39m
        [36m<div[39m
          [33mclass[
39m=[32m"max-w-md 
w-full mx-auto"[39m
        [36m>[39m
          
[36m<div[39m
            [33mclass
[39m=[32m"mb-4"[39m
          [36m>[39m
            
[36m<img[39m
              [33malt
[39m=[32m""[39m
              [33mcla
ss[39m=[32m"mb-5"[3
9m
              [33msrc
[39m=[32m"/src/asset
s/zeptis-logo-1.png"[
39m
            
[36m/>[39m
            
[36m<h1[39m
              [33mcla
ss[39m=[32m"text-3xl
 font-bold mb-2"[39m
            
[36m>[39m
              
[0mWelcome back[0m
            
[36m</h1>[39m
            
[36m<p[39m
              [33mcla
ss[39m=[32m"text-mut
ed-foreground"[39m
            
[36m>[39m
              
[0mSign in to 
continue[0m
            
[36m</p>[39m
          
[36m</div>[39m
          
[36m<form[39m
            [33mclass
[39m=[32m"space-y-2"
[39m
          [36m>[39m
            
[36m<div[39m
              [33mcla
ss[39m=[32m"space-y-
1"[39m
            
[36m>[39m
              
[36m<label[39m
                [33mc
lass[39m=[32m"text-s
m font-medium 
leading-none peer-disa
bled:cursor-not-allowe
d peer-disabled:opacit
y-70"[39m
              
[36m>[39m
                
[0mEmail[0m
              
[36m</label>[39m
              
[36m<div[39m
                [33mc
lass[39m=[32m"relati
ve"[39m
              
[36m>[39m
                
[36m<svg[39m
                  [33
mclass[39m=[32m"luci
de lucide-mail 
absolute left-3 
top-1/2 
-translate-y-1/2 w-5 
h-5 text-muted-foregro
und"[39m
                  [33
mfill[39m=[32m"none"
[39m
                  [33
mheight[39m=[32m"24"
[39m
                  [33
mstroke[39m=[32m"cur
rentColor"[39m
                  [33
mstroke-linecap[39m=
[32m"round"[39m
                  [33
mstroke-linejoin[39m=
[32m"round"[39m
                  [33
mstroke-width[39m=[3
2m"2"[39m
                  [33
mviewBox[39m=[32m"0 
0 24 24"[39m
                  [33
mwidth[39m=[32m"24"
[39m
                  [33
mxmlns[39m=[32m"http
://www.w3.org/2000/svg
"[39m
                
[36m>[39m
                  
[36m<rect[39m
                    [
33mheight[39m=[32m"1
6"[39m
                    [
33mrx[39m=[32m"2"[3
9m
                    [
33mwidth[39m=[32m"20
"[39m
                    [
33mx[39m=[32m"2"[39
m
                    [
33my[39m=[32m"4"[39
m
                  
[36m/>[39m
                  
[36m<path[39m
                    
[33md[39m=[32m"m22 
7-8.97 5.7a1.94 1.94 
0 0 1-2.06 0L2 7"[39m
                  
[36m/>[39m
                
[36m</svg>[39m
                
[36m<input[39m
                  [33
mclass[39m=[32m"flex
 w-full rounded-md 
border border-input 
bg-background px-3 
py-2 text-base ring-of
fset-background 
file:border-0 
file:bg-transparent 
file:text-sm 
file:font-medium 
file:text-foreground p
laceholder:text-muted-
foreground focus-visib
le:outline-none 
focus-visible:ring-2 f
ocus-visible:ring-ring
 focus-visible:ring-of
fset-2 disabled:cursor
-not-allowed 
disabled:opacity-50 
md:text-sm pl-10 
h-12"[39m
                  [33
mname[39m=[32m"email
"[39m
                  [33
mplaceholder[39m=[32
m"you@example.com"[39
m
                  [33
mtype[39m=[32m"email
"[39m
                
[36m/>[39m
              
[36m</div>[39m
            
[36m</div>[39m
            
[36m<div[39m
              [33mcla
ss[39m=[32m"space-y-
1"[39m
            
[36m>[39m
              
[36m<label[39m
                [33mc
lass[39m=[32m"text-s
m font-medium 
leading-none peer-disa
bled:cursor-not-allowe
d peer-disabled:opacit
y-70"[39m
              
[36m>[39m
                
[0mPassword[0m
              
[36m</label>[39m
              
[36m<div[39m
                [33mc
lass[39m=[32m"relati
ve"[39m
              
[36m>[39m
                
[36m<svg[39m
                  [33
mclass[39m=[32m"luci
de lucide-lock 
absolute left-3 
top-1/2 
-translate-y-1/2 w-5 
h-5 text-muted-foregro
und"[39m
                  [33
mfill[39m=[32m"none"
[39m
                  [33
mheight[39m=[32m"24"
[39m
                  [33
mstroke[39m=[32m"cur
rentColor"[39m
                  [33
mstroke-linecap[39m=
[32m"round"[39m
                  [33
mstroke-linejoin[39m=
[32m"round"[39m
                  [33
mstroke-width[39m=[3
2m"2"[39m
                  [33
mviewBox[39m=[32m"0 
0 24 24"[39m
                  [33
mwidth[39m=[32m"24"
[39m
                  [33
mxmlns[39m=[32m"http
://www.w3.org/2000/svg
"[39m
                
[36m>[39m
                  
[36m<rect[39m
                    [
33mheight[39m=[32m"1
1"[39m
                    [
33mrx[39m=[32m"2"[3
9m
                    [
33mry[39m=[32m"2"[3
9m
                    [
33mwidth[39m=[32m"18
"[39m
                    [
33mx[39m=[32m"3"[39
m
                    [
33my[39m=[32m"11"[3
9m
                  
[36m/>[39m
                  
[36m<path[39m
                    
[33md[39m=[32m"M7 
11V7a5 5 0 0 1 10 
0v4"[39m
                  
[36m/>[39m
                
[36m</svg>[39m
                
[36m<input[39m
                  [33
mclass[39m=[32m"flex
 w-full rounded-md 
border border-input 
bg-background px-3 
py-2 text-base ring-of
fset-background 
file:border-0 
file:bg-transparent 
file:text-sm 
file:font-medium 
file:text-foreground p
laceholder:text-muted-
foreground focus-visib
le:outline-none 
focus-visible:ring-2 f
ocus-visible:ring-ring
 focus-visible:ring-of
fset-2 disabled:cursor
-not-allowed 
disabled:opacity-50 
md:text-sm pl-10 
pr-10 h-12"[39m
                  [33
mname[39m=[32m"passw
ord"[39m
                  [33
mplaceholder[39m=[32
m"ÔÇóÔÇóÔÇóÔÇóÔÇóÔÇóÔÇ
óÔÇó"[39m
                  [33
mtype[39m=[32m"passw
ord"[39m
                
[36m/>[39m
                
[36m<button[39m
                  [33
mclass[39m=[32m"abso
lute right-3 top-1/2 
-translate-y-1/2"[39m
                  [33
mtype[39m=[32m"butto
n"[39m
                
[36m>[39m
                  
[36m<svg[39m
                    [
33mclass[39m=[32m"lu
cide lucide-eye"[39m
                    [
33mfill[39m=[32m"non
e"[39m
                    [
33mheight[39m=[32m"2
4"[39m
                    [
33mstroke[39m=[32m"c
urrentColor"[39m
                    [
33mstroke-linecap[39m
=[32m"round"[39m
                    [
33mstroke-linejoin[39
m=[32m"round"[39m
                    [
33mstroke-width[39m=
[32m"2"[39m
                    [
33mviewBox[39m=[32m"
0 0 24 24"[39m
                    [
33mwidth[39m=[32m"24
"[39m
                    [
33mxmlns[39m=[32m"ht
tp://www.w3.org/2000/s
vg"[39m
                  
[36m>[39m
                    
[36m<path[39m
                      
[33md[39m=[32m"M2.0
62 12.348a1 1 0 0 1 
0-.696 10.75 10.75 0 
0 1 19.876 0 1 1 0 0 
1 0 .696 10.75 10.75 
0 0 1-19.876 0"[39m
                    
[36m/>[39m
                    
[36m<circle[39m
                      
[33mcx[39m=[32m"12"
[39m
                      
[33mcy[39m=[32m"12"
[39m
                      
[33mr[39m=[32m"3"[
39m
                    
[36m/>[39m
                  
[36m</svg>[39m
                
[36m</button>[39m
              
[36m</div>[39m
            
[36m</div>[39m
            
[36m<div[39m
              [33mcla
ss[39m=[32m"flex 
items-center 
justify-between"[39m
            
[36m>[39m
              
[36m<label[39m
                [33mc
lass[39m=[32m"flex 
items-center gap-2 
cursor-pointer"[39m
              
[36m>[39m
                
[36m<input[39m
                  [33
mclass[39m=[32m"h-4 
w-4 ml-1 rounded borde
r-muted-foreground 
text-primary 
focus:ring-primary 
cursor-pointer 
accent-primary"[39m
                  [33
mtype[39m=[32m"check
box"[39m
                
[36m/>[39m
                
[36m<span[39m
                  [33
mclass[39m=[32m"text
-sm text-muted-foregro
und"[39m
                
[36m>[39m
                  
[0mRemember me[0m
                
[36m</span>[39m
              
[36m</label>[39m
              
[36m<button[39m
                [33mc
lass[39m=[32m"text-s
m text-primary 
hover:underline"[39m
                [33mt
ype[39m=[32m"button"
[39m
              
[36m>[39m
                
[0mForgot 
password?[0m
              
[36m</button>[39m
            
[36m</div>[39m
            
[36m<button[39m
              [33mcla
ss[39m=[32m"inline-f
lex items-center 
justify-center gap-2 
whitespace-nowrap 
font-medium ring-offse
t-background 
transition-all 
duration-200 focus-vis
ible:outline-none 
focus-visible:ring-2 f
ocus-visible:ring-ring
 focus-visible:ring-of
fset-2 disabled:pointe
r-events-none 
disabled:opacity-50 [&
_svg]:pointer-events-n
one [&_svg]:size-4 
[&_svg]:shrink-0 
bg-gradient-hero text-
primary-foreground 
shadow-lg shadow-glow 
hover:shadow-xl 
hover:scale-[1.02] 
active:scale-[0.98] 
h-12 rounded-lg px-8 
text-base w-full"[39m
              [33mtyp
e[39m=[32m"submit"[
39m
            
[36m>[39m
              
[0mSign In[0m
            
[36m</button>[39m
          
[36m</form>[39m
          [36m<p[39m
            [33mclass
[39m=[32m"text-cente
r mt-4 text-muted-fore
ground"[39m
          [36m>[39m
            [0mDon't 
have an account?[0m
            [0m [0m
            
[36m<button[39m
              [33mcla
ss[39m=[32m"text-pri
mary font-medium 
hover:underline"[39m
              [33mtyp
e[39m=[32m"button"[
39m
            
[36m>[39m
              
[0mSign up[0m
            
[36m</button>[39m
          
[36m</p>[39m
        
[36m</div>[39m
      [36m</div>[39m
      [36m<div[39m
        [33mclass[39
m=[32m"hidden 
lg:flex flex-1 
bg-gradient-hero 
items-center 
justify-center p-16 
relative 
overflow-hidden"[39m
      [36m>[39m
        [36m<div[39m
          [33mclass[
39m=[32m"absolute 
inset-0 
overflow-hidden"[39m
        [36m>[39m
          
[36m<div[39m
            [33mclass
[39m=[32m"absolute 
top-1/4 right-1/4 
w-64 h-64 bg-primary-f
oreground/10 
rounded-full 
blur-3xl"[39m
          [36m/>[39m
          
[36m<div[39m
            [33mclass
[39m=[32m"absolute 
bottom-1/4 left-1/4 
w-80 h-80 bg-primary-f
oreground/5 
rounded-full 
blur-3xl"[39m
          [36m/>[39m
        
[36m</div>[39m
        [36m<div[39m
          [33mclass[
39m=[32m"relative 
text-center text-prima
ry-foreground 
max-w-lg"[39m
        [36m>[39m
          
[36m<div[39m
            [33mclass
[39m=[32m"w-20 h-20 
rounded-2xl bg-primary
-foreground/20 flex 
items-center 
justify-center 
mx-auto mb-8 
animate-float"[39m
          [36m>[39m
            
[36m<img[39m
              [33malt
[39m=[32m""[39m
              [33mcla
ss[39m=[32m"w-16 
h-16"[39m
              [33msrc
[39m=[32m"/src/asset
s/logo.png"[39m
            
[36m/>[39m
          
[36m</div>[39m
          
[36m<h2[39m
            [33mclass
[39m=[32m"text-4xl 
font-bold mb-4"[39m
          [36m>[39m
            [0mJoin 
the Community[0m
          
[36m</h2>[39m
          [36m<p[39m
            [33mclass
[39m=[32m"text-lg te
xt-primary-foreground/
80"[39m
          [36m>[39m
            
[0mConnect, 
collaborate, and 
build together.[0m
          
[36m</p>[39m
        
[36m</div>[39m
      [36m</div>[39m
    [36m</div>[39m
    [36m<footer[39m
      [33mclass[39m=
[32m"w-full border-t 
border-border 
bg-background "[39m
    [36m>[39m
      [36m<div[39m
        [33mclass[39
m=[32m"mx-auto 
max-w-7xl px-4 
py-4"[39m
      [36m>[39m
        [36m<div[39m
          [33mclass[
39m=[32m"flex 
flex-col gap-3 
text-center 
md:flex-row 
md:items-center md:jus
tify-between"[39m
        [36m>[39m
          
[36m<div[39m
            [33mclass
[39m=[32m"flex 
items-center 
justify-center gap-2 
text-sm text-muted-for
eground"[39m
          [36m>[39m
            
[36m<span[39m
              [33mcla
ss[39m=[32m"font-sem
ibold 
text-foreground"[39m
            
[36m>[39m
              
[0mZipties[0m
            
[36m</span>[39m
            
[36m<span>[39m
              [0m┬® 
[0m
              
[0m2026[0m
            
[36m</span>[39m
          
[36m</div>[39m
          
[36m<nav[39m
            [33mclass
[39m=[32m"flex 
flex-wrap 
justify-center 
gap-x-4 gap-y-2 
text-sm"[39m
          [36m>[39m
            
[36m<a[39m
              [33mcla
ss[39m=[32m"text-mut
ed-foreground 
hover:text-foreground 
transition-colors"[39
m
              [33mhre
f[39m=[32m"/terms"[
39m
            
[36m>[39m
              
[0mTerms and 
Conditions [0m
            
[36m</a>[39m
            
[36m<a[39m
              [33mcla
ss[39m=[32m"text-mut
ed-foreground 
hover:text-foreground 
transition-colors"[39
m
              [33mhre
f[39m=[32m"/privacy-
policy"[39m
            
[36m>[39m
              
[0mPrivacy Policy[0m
            
[36m</a>[39m
            
[36m<a[39m
              [33mcla
ss[39m=[32m"text-mut
ed-foreground 
hover:text-foreground 
transition-colors"[39
m
              [33mhre
f[39m=[32m"/about-us
"[39m
            
[36m>[39m
              
[0mAbout Us[0m
            
[36m</a>[39m
          
[36m</nav>[39m
        
[36m</div>[39m
      [36m</div>[39m
    
[36m</footer>[39m
  [36m</div>[39m
[36m</body>[39m
[90m [2mÔØ»[22m Obj
ect.getElementError no
de_modules/@testing-li
brary/dom/dist/config.
js:[2m37:19[22m[39m
[90m [2mÔØ»[22m 
getAllByLabelText node
_modules/@testing-libr
ary/dom/dist/queries/l
abel-text.js:[2m108:4
0[22m[39m
[90m [2mÔØ»[22m nod
e_modules/@testing-lib
rary/dom/dist/query-he
lpers.js:[2m52:17[22
m[39m
[90m [2mÔØ»[22m 
getByLabelText node_mo
dules/@testing-library
/dom/dist/query-helper
s.js:[2m95:19[22m[3
9m
[36m [2mÔØ»[22m src
/pages/__tests__/Login
.test.tsx:[2m55:32[2
2m[39m
    [90m 53| [39m   
     [34mrender[39m(
[33m<[39m[33mAuth[
39m [33m/[39m[33m>
[39m)[33m;[39m
    [90m 54| [39m
    [90m 55| [39m   
     await user.type(s
creen.getByLabelText(/
email/i), 
'wrong@examplÔÇª
    [90m   | [39m   
                      
      [31m^[39m
    [90m 56| [39m   
     await user.type(s
creen.getByLabelText(/
password/i), 
'wrongpassÔÇª
    [90m 57| [39m

[31m[2mÔÄ»ÔÄ»ÔÄ»ÔÄ»Ô
Ä»ÔÄ»ÔÄ»ÔÄ»ÔÄ»ÔÄ»ÔÄ»ÔÄ
»ÔÄ»ÔÄ»ÔÄ»ÔÄ»ÔÄ»ÔÄ»ÔÄ»
ÔÄ»ÔÄ»ÔÄ»ÔÄ»[7/11]ÔÄ»
[22m[39m

[41m[1m FAIL 
[22m[49m src/pages/_
_tests__/Signup.test.t
sx[2m > [22mSignup 
Page[2m > 
[22mrenders all 
required fields for 
signup
[31m[1mTestingLibrar
yElementError[22m[39
m: Found a label with 
the text of: /full 
name/i, however no 
form control was 
found associated to 
that label. Make sure 
you're using the 
"for" attribute or 
"aria-labelledby" 
attribute correctly.

Ignored nodes: 
comments, script, 
style
[36m<body>[39m
  [36m<div>[39m
    [36m<div[39m
      [33mclass[39m=
[32m"min-h-[90vh] 
bg-background flex 
"[39m
    [36m>[39m
      [36m<div[39m
        [33mclass[39
m=[32m"flex-1 flex 
flex-col 
justify-center px-8 
md:px-16 lg:px-24 
p-5"[39m
      [36m>[39m
        [36m<div[39m
          [33mclass[
39m=[32m"max-w-md 
w-full mx-auto"[39m
        [36m>[39m
          
[36m<div[39m
            [33mclass
[39m=[32m"mb-4"[39m
          [36m>[39m
            
[36m<h1[39m
              [33mcla
ss[39m=[32m"text-3xl
 font-bold mb-2"[39m
            
[36m>[39m
              
[0mCreate your 
account[0m
            
[36m</h1>[39m
            
[36m<p[39m
              [33mcla
ss[39m=[32m"text-mut
ed-foreground"[39m
            
[36m>[39m
              
[0mJoin thousands of 
community members[0m
            
[36m</p>[39m
          
[36m</div>[39m
          
[36m<form[39m
            [33mclass
[39m=[32m"space-y-2"
[39m
          [36m>[39m
            
[36m<div[39m
              [33mcla
ss[39m=[32m"space-y-
1"[39m
            
[36m>[39m
              
[36m<label[39m
                [33mc
lass[39m=[32m"text-s
m font-medium 
leading-none peer-disa
bled:cursor-not-allowe
d peer-disabled:opacit
y-70"[39m
              
[36m>[39m
                
[0mFull Name[0m
              
[36m</label>[39m
              
[36m<div[39m
                [33mc
lass[39m=[32m"relati
ve"[39m
              
[36m>[39m
                
[36m<svg[39m
                  [33
mclass[39m=[32m"luci
de lucide-user 
absolute left-3 
top-1/2 
-translate-y-1/2 w-5 
h-5 text-muted-foregro
und"[39m
                  [33
mfill[39m=[32m"none"
[39m
                  [33
mheight[39m=[32m"24"
[39m
                  [33
mstroke[39m=[32m"cur
rentColor"[39m
                  [33
mstroke-linecap[39m=
[32m"round"[39m
                  [33
mstroke-linejoin[39m=
[32m"round"[39m
                  [33
mstroke-width[39m=[3
2m"2"[39m
                  [33
mviewBox[39m=[32m"0 
0 24 24"[39m
                  [33
mwidth[39m=[32m"24"
[39m
                  [33
mxmlns[39m=[32m"http
://www.w3.org/2000/svg
"[39m
                
[36m>[39m
                  
[36m<path[39m
                    
[33md[39m=[32m"M19 
21v-2a4 4 0 0 
0-4-4H9a4 4 0 0 0-4 
4v2"[39m
                  
[36m/>[39m
                  
[36m<circle[39m
                    [
33mcx[39m=[32m"12"[
39m
                    [
33mcy[39m=[32m"7"[3
9m
                    [
33mr[39m=[32m"4"[39
m
                  
[36m/>[39m
                
[36m</svg>[39m
                
[36m<input[39m
                  [33
mclass[39m=[32m"flex
 w-full rounded-md 
border border-input 
bg-background px-3 
py-2 text-base ring-of
fset-background 
file:border-0 
file:bg-transparent 
file:text-sm 
file:font-medium 
file:text-foreground p
laceholder:text-muted-
foreground focus-visib
le:outline-none 
focus-visible:ring-2 f
ocus-visible:ring-ring
 focus-visible:ring-of
fset-2 disabled:cursor
-not-allowed 
disabled:opacity-50 
md:text-sm pl-10 
h-12"[39m
                  [33
mname[39m=[32m"fullN
ame"[39m
                  [33
mplaceholder[39m=[32
m"John Doe"[39m
                
[36m/>[39m
              
[36m</div>[39m
            
[36m</div>[39m
            
[36m<div[39m
              [33mcla
ss[39m=[32m"space-y-
1"[39m
            
[36m>[39m
              
[36m<label[39m
                [33mc
lass[39m=[32m"text-s
m font-medium 
leading-none peer-disa
bled:cursor-not-allowe
d peer-disabled:opacit
y-70"[39m
              
[36m>[39m
                
[0mEmail[0m
              
[36m</label>[39m
              
[36m<div[39m
                [33mc
lass[39m=[32m"relati
ve"[39m
              
[36m>[39m
                
[36m<svg[39m
                  [33
mclass[39m=[32m"luci
de lucide-mail 
absolute left-3 
top-1/2 
-translate-y-1/2 w-5 
h-5 text-muted-foregro
und"[39m
                  [33
mfill[39m=[32m"none"
[39m
                  [33
mheight[39m=[32m"24"
[39m
                  [33
mstroke[39m=[32m"cur
rentColor"[39m
                  [33
mstroke-linecap[39m=
[32m"round"[39m
                  [33
mstroke-linejoin[39m=
[32m"round"[39m
                  [33
mstroke-width[39m=[3
2m"2"[39m
                  [33
mviewBox[39m=[32m"0 
0 24 24"[39m
                  [33
mwidth[39m=[32m"24"
[39m
                  [33
mxmlns[39m=[32m"http
://www.w3.org/2000/svg
"[39m
                
[36m>[39m
                  
[36m<rect[39m
                    [
33mheight[39m=[32m"1
6"[39m
                    [
33mrx[39m=[32m"2"[3
9m
                    [
33mwidth[39m=[32m"20
"[39m
                    [
33mx[39m=[32m"2"[39
m
                    [
33my[39m=[32m"4"[39
m
                  
[36m/>[39m
                  
[36m<path[39m
                    
[33md[39m=[32m"m22 
7-8.97 5.7a1.94 1.94 
0 0 1-2.06 0L2 7"[39m
                  
[36m/>[39m
                
[36m</svg>[39m
                
[36m<input[39m
                  [33
mclass[39m=[32m"flex
 w-full rounded-md 
border border-input 
bg-background px-3 
py-2 text-base ring-of
fset-background 
file:border-0 
file:bg-transparent 
file:text-sm 
file:font-medium 
file:text-foreground p
laceholder:text-muted-
foreground focus-visib
le:outline-none 
focus-visible:ring-2 f
ocus-visible:ring-ring
 focus-visible:ring-of
fset-2 disabled:cursor
-not-allowed 
disabled:opacity-50 
md:text-sm pl-10 
h-12"[39m
                  [33
mname[39m=[32m"email
"[39m
                  [33
mplaceholder[39m=[32
m"you@example.com"[39
m
                  [33
mtype[39m=[32m"email
"[39m
                
[36m/>[39m
              
[36m</div>[39m
            
[36m</div>[39m
            
[36m<div[39m
              [33mcla
ss[39m=[32m"space-y-
1"[39m
            
[36m>[39m
              
[36m<label[39m
                [33mc
lass[39m=[32m"text-s
m font-medium 
leading-none peer-disa
bled:cursor-not-allowe
d peer-disabled:opacit
y-70"[39m
              
[36m>[39m
                
[0mPassword[0m
              
[36m</label>[39m
              
[36m<div[39m
                [33mc
lass[39m=[32m"relati
ve"[39m
              
[36m>[39m
                
[36m<svg[39m
                  [33
mclass[39m=[32m"luci
de lucide-lock 
absolute left-3 
top-1/2 
-translate-y-1/2 w-5 
h-5 text-muted-foregro
und"[39m
                  [33
mfill[39m=[32m"none"
[39m
                  [33
mheight[39m=[32m"24"
[39m
                  [33
mstroke[39m=[32m"cur
rentColor"[39m
                  [33
mstroke-linecap[39m=
[32m"round"[39m
                  [33
mstroke-linejoin[39m=
[32m"round"[39m
                  [33
mstroke-width[39m=[3
2m"2"[39m
                  [33
mviewBox[39m=[32m"0 
0 24 24"[39m
                  [33
mwidth[39m=[32m"24"
[39m
                  [33
mxmlns[39m=[32m"http
://www.w3.org/2000/svg
"[39m
                
[36m>[39m
                  
[36m<rect[39m
                    [
33mheight[39m=[32m"1
1"[39m
                    [
33mrx[39m=[32m"2"[3
9m
                    [
33mry[39m=[32m"2"[3
9m
             ...
[90m [2mÔØ»[22m Obj
ect.getElementError no
de_modules/@testing-li
brary/dom/dist/config.
js:[2m37:19[22m[39m
[90m [2mÔØ»[22m 
getAllByLabelText node
_modules/@testing-libr
ary/dom/dist/queries/l
abel-text.js:[2m108:4
0[22m[39m
[90m [2mÔØ»[22m nod
e_modules/@testing-lib
rary/dom/dist/query-he
lpers.js:[2m52:17[22
m[39m
[90m [2mÔØ»[22m 
getByLabelText node_mo
dules/@testing-library
/dom/dist/query-helper
s.js:[2m95:19[22m[3
9m
[36m [2mÔØ»[22m src
/pages/__tests__/Signu
p.test.tsx:[2m25:23[
22m[39m
    [90m 23| [39m   
     [35mawait[39m u
ser[33m.[39m[34mcli
ck[39m(toggleButton)
[33m;[39m
    [90m 24| [39m
    [90m 25| [39m   
     expect(screen.get
ByLabelText(/full name
/i)).toBeInTheDocument
(ÔÇª
    [90m   | [39m   
                   
[31m^[39m
    [90m 26| [39m   
     [34mexpect[39m(
screen[33m.[39m[34m
getByLabelText[39m([
36m/email/i[39m))[33
m.[39m[34mtoBeInTheD
ocument[39m()[33m;[
39m
    [90m 27| [39m   
     [34mexpect[39m(
screen[33m.[39m[34m
getByLabelText[39m([
36m/password/i[39m))
[33m.[39m[34mtoBeInT
heDocument[39m()[33m
;[39m

[31m[2mÔÄ»ÔÄ»ÔÄ»ÔÄ»Ô
Ä»ÔÄ»ÔÄ»ÔÄ»ÔÄ»ÔÄ»ÔÄ»ÔÄ
»ÔÄ»ÔÄ»ÔÄ»ÔÄ»ÔÄ»ÔÄ»ÔÄ»
ÔÄ»ÔÄ»ÔÄ»ÔÄ»[8/11]ÔÄ»
[22m[39m

[41m[1m FAIL 
[22m[49m src/pages/_
_tests__/Signup.test.t
sx[2m > [22mSignup 
Page[2m > [22mshows 
validation errors for 
password mismatch
[31m[1mTestingLibrar
yElementError[22m[39
m: Found a label with 
the text of: /full 
name/i, however no 
form control was 
found associated to 
that label. Make sure 
you're using the 
"for" attribute or 
"aria-labelledby" 
attribute correctly.

Ignored nodes: 
comments, script, 
style
[36m<body>[39m
  [36m<div>[39m
    [36m<div[39m
      [33mclass[39m=
[32m"min-h-[90vh] 
bg-background flex 
"[39m
    [36m>[39m
      [36m<div[39m
        [33mclass[39
m=[32m"flex-1 flex 
flex-col 
justify-center px-8 
md:px-16 lg:px-24 
p-5"[39m
      [36m>[39m
        [36m<div[39m
          [33mclass[
39m=[32m"max-w-md 
w-full mx-auto"[39m
        [36m>[39m
          
[36m<div[39m
            [33mclass
[39m=[32m"mb-4"[39m
          [36m>[39m
            
[36m<h1[39m
              [33mcla
ss[39m=[32m"text-3xl
 font-bold mb-2"[39m
            
[36m>[39m
              
[0mCreate your 
account[0m
            
[36m</h1>[39m
            
[36m<p[39m
              [33mcla
ss[39m=[32m"text-mut
ed-foreground"[39m
            
[36m>[39m
              
[0mJoin thousands of 
community members[0m
            
[36m</p>[39m
          
[36m</div>[39m
          
[36m<form[39m
            [33mclass
[39m=[32m"space-y-2"
[39m
          [36m>[39m
            
[36m<div[39m
              [33mcla
ss[39m=[32m"space-y-
1"[39m
            
[36m>[39m
              
[36m<label[39m
                [33mc
lass[39m=[32m"text-s
m font-medium 
leading-none peer-disa
bled:cursor-not-allowe
d peer-disabled:opacit
y-70"[39m
              
[36m>[39m
                
[0mFull Name[0m
              
[36m</label>[39m
              
[36m<div[39m
                [33mc
lass[39m=[32m"relati
ve"[39m
              
[36m>[39m
                
[36m<svg[39m
                  [33
mclass[39m=[32m"luci
de lucide-user 
absolute left-3 
top-1/2 
-translate-y-1/2 w-5 
h-5 text-muted-foregro
und"[39m
                  [33
mfill[39m=[32m"none"
[39m
                  [33
mheight[39m=[32m"24"
[39m
                  [33
mstroke[39m=[32m"cur
rentColor"[39m
                  [33
mstroke-linecap[39m=
[32m"round"[39m
                  [33
mstroke-linejoin[39m=
[32m"round"[39m
                  [33
mstroke-width[39m=[3
2m"2"[39m
                  [33
mviewBox[39m=[32m"0 
0 24 24"[39m
                  [33
mwidth[39m=[32m"24"
[39m
                  [33
mxmlns[39m=[32m"http
://www.w3.org/2000/svg
"[39m
                
[36m>[39m
                  
[36m<path[39m
                    
[33md[39m=[32m"M19 
21v-2a4 4 0 0 
0-4-4H9a4 4 0 0 0-4 
4v2"[39m
                  
[36m/>[39m
                  
[36m<circle[39m
                    [
33mcx[39m=[32m"12"[
39m
                    [
33mcy[39m=[32m"7"[3
9m
                    [
33mr[39m=[32m"4"[39
m
                  
[36m/>[39m
                
[36m</svg>[39m
                
[36m<input[39m
                  [33
mclass[39m=[32m"flex
 w-full rounded-md 
border border-input 
bg-background px-3 
py-2 text-base ring-of
fset-background 
file:border-0 
file:bg-transparent 
file:text-sm 
file:font-medium 
file:text-foreground p
laceholder:text-muted-
foreground focus-visib
le:outline-none 
focus-visible:ring-2 f
ocus-visible:ring-ring
 focus-visible:ring-of
fset-2 disabled:cursor
-not-allowed 
disabled:opacity-50 
md:text-sm pl-10 
h-12"[39m
                  [33
mname[39m=[32m"fullN
ame"[39m
                  [33
mplaceholder[39m=[32
m"John Doe"[39m
                
[36m/>[39m
              
[36m</div>[39m
            
[36m</div>[39m
            
[36m<div[39m
              [33mcla
ss[39m=[32m"space-y-
1"[39m
            
[36m>[39m
              
[36m<label[39m
                [33mc
lass[39m=[32m"text-s
m font-medium 
leading-none peer-disa
bled:cursor-not-allowe
d peer-disabled:opacit
y-70"[39m
              
[36m>[39m
                
[0mEmail[0m
              
[36m</label>[39m
              
[36m<div[39m
                [33mc
lass[39m=[32m"relati
ve"[39m
              
[36m>[39m
                
[36m<svg[39m
                  [33
mclass[39m=[32m"luci
de lucide-mail 
absolute left-3 
top-1/2 
-translate-y-1/2 w-5 
h-5 text-muted-foregro
und"[39m
                  [33
mfill[39m=[32m"none"
[39m
                  [33
mheight[39m=[32m"24"
[39m
                  [33
mstroke[39m=[32m"cur
rentColor"[39m
                  [33
mstroke-linecap[39m=
[32m"round"[39m
                  [33
mstroke-linejoin[39m=
[32m"round"[39m
                  [33
mstroke-width[39m=[3
2m"2"[39m
                  [33
mviewBox[39m=[32m"0 
0 24 24"[39m
                  [33
mwidth[39m=[32m"24"
[39m
                  [33
mxmlns[39m=[32m"http
://www.w3.org/2000/svg
"[39m
                
[36m>[39m
                  
[36m<rect[39m
                    [
33mheight[39m=[32m"1
6"[39m
                    [
33mrx[39m=[32m"2"[3
9m
                    [
33mwidth[39m=[32m"20
"[39m
                    [
33mx[39m=[32m"2"[39
m
                    [
33my[39m=[32m"4"[39
m
                  
[36m/>[39m
                  
[36m<path[39m
                    
[33md[39m=[32m"m22 
7-8.97 5.7a1.94 1.94 
0 0 1-2.06 0L2 7"[39m
                  
[36m/>[39m
                
[36m</svg>[39m
                
[36m<input[39m
                  [33
mclass[39m=[32m"flex
 w-full rounded-md 
border border-input 
bg-background px-3 
py-2 text-base ring-of
fset-background 
file:border-0 
file:bg-transparent 
file:text-sm 
file:font-medium 
file:text-foreground p
laceholder:text-muted-
foreground focus-visib
le:outline-none 
focus-visible:ring-2 f
ocus-visible:ring-ring
 focus-visible:ring-of
fset-2 disabled:cursor
-not-allowed 
disabled:opacity-50 
md:text-sm pl-10 
h-12"[39m
                  [33
mname[39m=[32m"email
"[39m
                  [33
mplaceholder[39m=[32
m"you@example.com"[39
m
                  [33
mtype[39m=[32m"email
"[39m
                
[36m/>[39m
              
[36m</div>[39m
            
[36m</div>[39m
            
[36m<div[39m
              [33mcla
ss[39m=[32m"space-y-
1"[39m
            
[36m>[39m
              
[36m<label[39m
                [33mc
lass[39m=[32m"text-s
m font-medium 
leading-none peer-disa
bled:cursor-not-allowe
d peer-disabled:opacit
y-70"[39m
              
[36m>[39m
                
[0mPassword[0m
              
[36m</label>[39m
              
[36m<div[39m
                [33mc
lass[39m=[32m"relati
ve"[39m
              
[36m>[39m
                
[36m<svg[39m
                  [33
mclass[39m=[32m"luci
de lucide-lock 
absolute left-3 
top-1/2 
-translate-y-1/2 w-5 
h-5 text-muted-foregro
und"[39m
                  [33
mfill[39m=[32m"none"
[39m
                  [33
mheight[39m=[32m"24"
[39m
                  [33
mstroke[39m=[32m"cur
rentColor"[39m
                  [33
mstroke-linecap[39m=
[32m"round"[39m
                  [33
mstroke-linejoin[39m=
[32m"round"[39m
                  [33
mstroke-width[39m=[3
2m"2"[39m
                  [33
mviewBox[39m=[32m"0 
0 24 24"[39m
                  [33
mwidth[39m=[32m"24"
[39m
                  [33
mxmlns[39m=[32m"http
://www.w3.org/2000/svg
"[39m
                
[36m>[39m
                  
[36m<rect[39m
                    [
33mheight[39m=[32m"1
1"[39m
                    [
33mrx[39m=[32m"2"[3
9m
                    [
33mry[39m=[32m"2"[3
9m
             ...
[90m [2mÔØ»[22m Obj
ect.getElementError no
de_modules/@testing-li
brary/dom/dist/config.
js:[2m37:19[22m[39m
[90m [2mÔØ»[22m 
getAllByLabelText node
_modules/@testing-libr
ary/dom/dist/queries/l
abel-text.js:[2m108:4
0[22m[39m
[90m [2mÔØ»[22m nod
e_modules/@testing-lib
rary/dom/dist/query-he
lpers.js:[2m52:17[22
m[39m
[90m [2mÔØ»[22m 
getByLabelText node_mo
dules/@testing-library
/dom/dist/query-helper
s.js:[2m95:19[22m[3
9m
[36m [2mÔØ»[22m src
/pages/__tests__/Signu
p.test.tsx:[2m38:32[
22m[39m
    [90m 36| [39m   
     await user.click(
screen.getByRole('butt
on', { name: /sign 
up/iÔÇª
    [90m 37| [39m
    [90m 38| [39m   
     await user.type(s
creen.getByLabelText(/
full name/i), 'John 
DoeÔÇª
    [90m   | [39m   
                      
      [31m^[39m
    [90m 39| [39m   
     await user.type(s
creen.getByLabelText(/
email/i), 
'new@example.ÔÇª
    [90m 40| [39m   
     await user.type(s
creen.getByLabelText(/
password/i), 
'Password1ÔÇª

[31m[2mÔÄ»ÔÄ»ÔÄ»ÔÄ»Ô
Ä»ÔÄ»ÔÄ»ÔÄ»ÔÄ»ÔÄ»ÔÄ»ÔÄ
»ÔÄ»ÔÄ»ÔÄ»ÔÄ»ÔÄ»ÔÄ»ÔÄ»
ÔÄ»ÔÄ»ÔÄ»ÔÄ»[9/11]ÔÄ»
[22m[39m

[41m[1m FAIL 
[22m[49m src/pages/_
_tests__/Signup.test.t
sx[2m > [22mSignup 
Page[2m > 
[22msuccessful 
signup redirects user
[31m[1mTestingLibrar
yElementError[22m[39
m: Found a label with 
the text of: /full 
name/i, however no 
form control was 
found associated to 
that label. Make sure 
you're using the 
"for" attribute or 
"aria-labelledby" 
attribute correctly.

Ignored nodes: 
comments, script, 
style
[36m<body>[39m
  [36m<div>[39m
    [36m<div[39m
      [33mclass[39m=
[32m"min-h-[90vh] 
bg-background flex 
"[39m
    [36m>[39m
      [36m<div[39m
        [33mclass[39
m=[32m"flex-1 flex 
flex-col 
justify-center px-8 
md:px-16 lg:px-24 
p-5"[39m
      [36m>[39m
        [36m<div[39m
          [33mclass[
39m=[32m"max-w-md 
w-full mx-auto"[39m
        [36m>[39m
          
[36m<div[39m
            [33mclass
[39m=[32m"mb-4"[39m
          [36m>[39m
            
[36m<h1[39m
              [33mcla
ss[39m=[32m"text-3xl
 font-bold mb-2"[39m
            
[36m>[39m
              
[0mCreate your 
account[0m
            
[36m</h1>[39m
            
[36m<p[39m
              [33mcla
ss[39m=[32m"text-mut
ed-foreground"[39m
            
[36m>[39m
              
[0mJoin thousands of 
community members[0m
            
[36m</p>[39m
          
[36m</div>[39m
          
[36m<form[39m
            [33mclass
[39m=[32m"space-y-2"
[39m
          [36m>[39m
            
[36m<div[39m
              [33mcla
ss[39m=[32m"space-y-
1"[39m
            
[36m>[39m
              
[36m<label[39m
                [33mc
lass[39m=[32m"text-s
m font-medium 
leading-none peer-disa
bled:cursor-not-allowe
d peer-disabled:opacit
y-70"[39m
              
[36m>[39m
                
[0mFull Name[0m
              
[36m</label>[39m
              
[36m<div[39m
                [33mc
lass[39m=[32m"relati
ve"[39m
              
[36m>[39m
                
[36m<svg[39m
                  [33
mclass[39m=[32m"luci
de lucide-user 
absolute left-3 
top-1/2 
-translate-y-1/2 w-5 
h-5 text-muted-foregro
und"[39m
                  [33
mfill[39m=[32m"none"
[39m
                  [33
mheight[39m=[32m"24"
[39m
                  [33
mstroke[39m=[32m"cur
rentColor"[39m
                  [33
mstroke-linecap[39m=
[32m"round"[39m
                  [33
mstroke-linejoin[39m=
[32m"round"[39m
                  [33
mstroke-width[39m=[3
2m"2"[39m
                  [33
mviewBox[39m=[32m"0 
0 24 24"[39m
                  [33
mwidth[39m=[32m"24"
[39m
                  [33
mxmlns[39m=[32m"http
://www.w3.org/2000/svg
"[39m
                
[36m>[39m
                  
[36m<path[39m
                    
[33md[39m=[32m"M19 
21v-2a4 4 0 0 
0-4-4H9a4 4 0 0 0-4 
4v2"[39m
                  
[36m/>[39m
                  
[36m<circle[39m
                    [
33mcx[39m=[32m"12"[
39m
                    [
33mcy[39m=[32m"7"[3
9m
                    [
33mr[39m=[32m"4"[39
m
                  
[36m/>[39m
                
[36m</svg>[39m
                
[36m<input[39m
                  [33
mclass[39m=[32m"flex
 w-full rounded-md 
border border-input 
bg-background px-3 
py-2 text-base ring-of
fset-background 
file:border-0 
file:bg-transparent 
file:text-sm 
file:font-medium 
file:text-foreground p
laceholder:text-muted-
foreground focus-visib
le:outline-none 
focus-visible:ring-2 f
ocus-visible:ring-ring
 focus-visible:ring-of
fset-2 disabled:cursor
-not-allowed 
disabled:opacity-50 
md:text-sm pl-10 
h-12"[39m
                  [33
mname[39m=[32m"fullN
ame"[39m
                  [33
mplaceholder[39m=[32
m"John Doe"[39m
                
[36m/>[39m
              
[36m</div>[39m
            
[36m</div>[39m
            
[36m<div[39m
              [33mcla
ss[39m=[32m"space-y-
1"[39m
            
[36m>[39m
              
[36m<label[39m
                [33mc
lass[39m=[32m"text-s
m font-medium 
leading-none peer-disa
bled:cursor-not-allowe
d peer-disabled:opacit
y-70"[39m
              
[36m>[39m
                
[0mEmail[0m
              
[36m</label>[39m
              
[36m<div[39m
                [33mc
lass[39m=[32m"relati
ve"[39m
              
[36m>[39m
                
[36m<svg[39m
                  [33
mclass[39m=[32m"luci
de lucide-mail 
absolute left-3 
top-1/2 
-translate-y-1/2 w-5 
h-5 text-muted-foregro
und"[39m
                  [33
mfill[39m=[32m"none"
[39m
                  [33
mheight[39m=[32m"24"
[39m
                  [33
mstroke[39m=[32m"cur
rentColor"[39m
                  [33
mstroke-linecap[39m=
[32m"round"[39m
                  [33
mstroke-linejoin[39m=
[32m"round"[39m
                  [33
mstroke-width[39m=[3
2m"2"[39m
                  [33
mviewBox[39m=[32m"0 
0 24 24"[39m
                  [33
mwidth[39m=[32m"24"
[39m
                  [33
mxmlns[39m=[32m"http
://www.w3.org/2000/svg
"[39m
                
[36m>[39m
                  
[36m<rect[39m
                    [
33mheight[39m=[32m"1
6"[39m
                    [
33mrx[39m=[32m"2"[3
9m
                    [
33mwidth[39m=[32m"20
"[39m
                    [
33mx[39m=[32m"2"[39
m
                    [
33my[39m=[32m"4"[39
m
                  
[36m/>[39m
                  
[36m<path[39m
                    
[33md[39m=[32m"m22 
7-8.97 5.7a1.94 1.94 
0 0 1-2.06 0L2 7"[39m
                  
[36m/>[39m
                
[36m</svg>[39m
                
[36m<input[39m
                  [33
mclass[39m=[32m"flex
 w-full rounded-md 
border border-input 
bg-background px-3 
py-2 text-base ring-of
fset-background 
file:border-0 
file:bg-transparent 
file:text-sm 
file:font-medium 
file:text-foreground p
laceholder:text-muted-
foreground focus-visib
le:outline-none 
focus-visible:ring-2 f
ocus-visible:ring-ring
 focus-visible:ring-of
fset-2 disabled:cursor
-not-allowed 
disabled:opacity-50 
md:text-sm pl-10 
h-12"[39m
                  [33
mname[39m=[32m"email
"[39m
                  [33
mplaceholder[39m=[32
m"you@example.com"[39
m
                  [33
mtype[39m=[32m"email
"[39m
                
[36m/>[39m
              
[36m</div>[39m
            
[36m</div>[39m
            
[36m<div[39m
              [33mcla
ss[39m=[32m"space-y-
1"[39m
            
[36m>[39m
              
[36m<label[39m
                [33mc
lass[39m=[32m"text-s
m font-medium 
leading-none peer-disa
bled:cursor-not-allowe
d peer-disabled:opacit
y-70"[39m
              
[36m>[39m
                
[0mPassword[0m
              
[36m</label>[39m
              
[36m<div[39m
                [33mc
lass[39m=[32m"relati
ve"[39m
              
[36m>[39m
                
[36m<svg[39m
                  [33
mclass[39m=[32m"luci
de lucide-lock 
absolute left-3 
top-1/2 
-translate-y-1/2 w-5 
h-5 text-muted-foregro
und"[39m
                  [33
mfill[39m=[32m"none"
[39m
                  [33
mheight[39m=[32m"24"
[39m
                  [33
mstroke[39m=[32m"cur
rentColor"[39m
                  [33
mstroke-linecap[39m=
[32m"round"[39m
                  [33
mstroke-linejoin[39m=
[32m"round"[39m
                  [33
mstroke-width[39m=[3
2m"2"[39m
                  [33
mviewBox[39m=[32m"0 
0 24 24"[39m
                  [33
mwidth[39m=[32m"24"
[39m
                  [33
mxmlns[39m=[32m"http
://www.w3.org/2000/svg
"[39m
                
[36m>[39m
                  
[36m<rect[39m
                    [
33mheight[39m=[32m"1
1"[39m
                    [
33mrx[39m=[32m"2"[3
9m
                    [
33mry[39m=[32m"2"[3
9m
             ...
[90m [2mÔØ»[22m Obj
ect.getElementError no
de_modules/@testing-li
brary/dom/dist/config.
js:[2m37:19[22m[39m
[90m [2mÔØ»[22m 
getAllByLabelText node
_modules/@testing-libr
ary/dom/dist/queries/l
abel-text.js:[2m108:4
0[22m[39m
[90m [2mÔØ»[22m nod
e_modules/@testing-lib
rary/dom/dist/query-he
lpers.js:[2m52:17[22
m[39m
[90m [2mÔØ»[22m 
getByLabelText node_mo
dules/@testing-library
/dom/dist/query-helper
s.js:[2m95:19[22m[3
9m
[36m [2mÔØ»[22m src
/pages/__tests__/Signu
p.test.tsx:[2m58:32[
22m[39m
    [90m 56| [39m   
     await user.click(
screen.getByRole('butt
on', { name: /sign 
up/iÔÇª
    [90m 57| [39m
    [90m 58| [39m   
     await user.type(s
creen.getByLabelText(/
full name/i), 'John 
DoeÔÇª
    [90m   | [39m   
                      
      [31m^[39m
    [90m 59| [39m   
     await user.type(s
creen.getByLabelText(/
email/i), 
'new@example.ÔÇª
    [90m 60| [39m   
     await user.type(s
creen.getByLabelText(/
password/i), 
'Password1ÔÇª

[31m[2mÔÄ»ÔÄ»ÔÄ»ÔÄ»Ô
Ä»ÔÄ»ÔÄ»ÔÄ»ÔÄ»ÔÄ»ÔÄ»ÔÄ
»ÔÄ»ÔÄ»ÔÄ»ÔÄ»ÔÄ»ÔÄ»ÔÄ»
ÔÄ»ÔÄ»ÔÄ»[10/11]ÔÄ»[2
2m[39m

[41m[1m FAIL 
[22m[49m src/pages/_
_tests__/Signup.test.t
sx[2m > [22mSignup 
Page[2m > 
[22mfailed signup 
handles API error
[31m[1mTestingLibrar
yElementError[22m[39
m: Found a label with 
the text of: /full 
name/i, however no 
form control was 
found associated to 
that label. Make sure 
you're using the 
"for" attribute or 
"aria-labelledby" 
attribute correctly.

Ignored nodes: 
comments, script, 
style
[36m<body>[39m
  [36m<div>[39m
    [36m<div[39m
      [33mclass[39m=
[32m"min-h-[90vh] 
bg-background flex 
"[39m
    [36m>[39m
      [36m<div[39m
        [33mclass[39
m=[32m"flex-1 flex 
flex-col 
justify-center px-8 
md:px-16 lg:px-24 
p-5"[39m
      [36m>[39m
        [36m<div[39m
          [33mclass[
39m=[32m"max-w-md 
w-full mx-auto"[39m
        [36m>[39m
          
[36m<div[39m
            [33mclass
[39m=[32m"mb-4"[39m
          [36m>[39m
            
[36m<h1[39m
              [33mcla
ss[39m=[32m"text-3xl
 font-bold mb-2"[39m
            
[36m>[39m
              
[0mCreate your 
account[0m
            
[36m</h1>[39m
            
[36m<p[39m
              [33mcla
ss[39m=[32m"text-mut
ed-foreground"[39m
            
[36m>[39m
              
[0mJoin thousands of 
community members[0m
            
[36m</p>[39m
          
[36m</div>[39m
          
[36m<form[39m
            [33mclass
[39m=[32m"space-y-2"
[39m
          [36m>[39m
            
[36m<div[39m
              [33mcla
ss[39m=[32m"space-y-
1"[39m
            
[36m>[39m
              
[36m<label[39m
                [33mc
lass[39m=[32m"text-s
m font-medium 
leading-none peer-disa
bled:cursor-not-allowe
d peer-disabled:opacit
y-70"[39m
              
[36m>[39m
                
[0mFull Name[0m
              
[36m</label>[39m
              
[36m<div[39m
                [33mc
lass[39m=[32m"relati
ve"[39m
              
[36m>[39m
                
[36m<svg[39m
                  [33
mclass[39m=[32m"luci
de lucide-user 
absolute left-3 
top-1/2 
-translate-y-1/2 w-5 
h-5 text-muted-foregro
und"[39m
                  [33
mfill[39m=[32m"none"
[39m
                  [33
mheight[39m=[32m"24"
[39m
                  [33
mstroke[39m=[32m"cur
rentColor"[39m
                  [33
mstroke-linecap[39m=
[32m"round"[39m
                  [33
mstroke-linejoin[39m=
[32m"round"[39m
                  [33
mstroke-width[39m=[3
2m"2"[39m
                  [33
mviewBox[39m=[32m"0 
0 24 24"[39m
                  [33
mwidth[39m=[32m"24"
[39m
                  [33
mxmlns[39m=[32m"http
://www.w3.org/2000/svg
"[39m
                
[36m>[39m
                  
[36m<path[39m
                    
[33md[39m=[32m"M19 
21v-2a4 4 0 0 
0-4-4H9a4 4 0 0 0-4 
4v2"[39m
                  
[36m/>[39m
                  
[36m<circle[39m
                    [
33mcx[39m=[32m"12"[
39m
                    [
33mcy[39m=[32m"7"[3
9m
                    [
33mr[39m=[32m"4"[39
m
                  
[36m/>[39m
                
[36m</svg>[39m
                
[36m<input[39m
                  [33
mclass[39m=[32m"flex
 w-full rounded-md 
border border-input 
bg-background px-3 
py-2 text-base ring-of
fset-background 
file:border-0 
file:bg-transparent 
file:text-sm 
file:font-medium 
file:text-foreground p
laceholder:text-muted-
foreground focus-visib
le:outline-none 
focus-visible:ring-2 f
ocus-visible:ring-ring
 focus-visible:ring-of
fset-2 disabled:cursor
-not-allowed 
disabled:opacity-50 
md:text-sm pl-10 
h-12"[39m
                  [33
mname[39m=[32m"fullN
ame"[39m
                  [33
mplaceholder[39m=[32
m"John Doe"[39m
                
[36m/>[39m
              
[36m</div>[39m
            
[36m</div>[39m
            
[36m<div[39m
              [33mcla
ss[39m=[32m"space-y-
1"[39m
            
[36m>[39m
              
[36m<label[39m
                [33mc
lass[39m=[32m"text-s
m font-medium 
leading-none peer-disa
bled:cursor-not-allowe
d peer-disabled:opacit
y-70"[39m
              
[36m>[39m
                
[0mEmail[0m
              
[36m</label>[39m
              
[36m<div[39m
                [33mc
lass[39m=[32m"relati
ve"[39m

[2m Test Files [22m [1m[31m3 failed[39m[22m[90m (3)[39m
[2m      Tests [22m [1m[31m11 failed[39m[22m[2m | [22m[1m[32m1 passed[39m[22m[90m (12)[39m
[2m   Start at [22m 15:43:57
[2m   Duration [22m 3.69s[2m (transform 260ms, setup 1.53s, collect 2.37s, tests 879ms, environment 3.09s, prepare 514ms)[22m

              
[36m>[39m
                
[36m<svg[39m
                  [33
mclass[39m=[32m"luci
de lucide-mail 
absolute left-3 
top-1/2 
-translate-y-1/2 w-5 
h-5 text-muted-foregro
und"[39m
                  [33
mfill[39m=[32m"none"
[39m
                  [33
mheight[39m=[32m"24"
[39m
                  [33
mstroke[39m=[32m"cur
rentColor"[39m
                  [33
mstroke-linecap[39m=
[32m"round"[39m
                  [33
mstroke-linejoin[39m=
[32m"round"[39m
                  [33
mstroke-width[39m=[3
2m"2"[39m
                  [33
mviewBox[39m=[32m"0 
0 24 24"[39m
                  [33
mwidth[39m=[32m"24"
[39m
                  [33
mxmlns[39m=[32m"http
://www.w3.org/2000/svg
"[39m
                
[36m>[39m
                  
[36m<rect[39m
                    [
33mheight[39m=[32m"1
6"[39m
                    [
33mrx[39m=[32m"2"[3
9m
                    [
33mwidth[39m=[32m"20
"[39m
                    [
33mx[39m=[32m"2"[39
m
                    [
33my[39m=[32m"4"[39
m
                  
[36m/>[39m
                  
[36m<path[39m
                    
[33md[39m=[32m"m22 
7-8.97 5.7a1.94 1.94 
0 0 1-2.06 0L2 7"[39m
                  
[36m/>[39m
                
[36m</svg>[39m
                
[36m<input[39m
                  [33
mclass[39m=[32m"flex
 w-full rounded-md 
border border-input 
bg-background px-3 
py-2 text-base ring-of
fset-background 
file:border-0 
file:bg-transparent 
file:text-sm 
file:font-medium 
file:text-foreground p
laceholder:text-muted-
foreground focus-visib
le:outline-none 
focus-visible:ring-2 f
ocus-visible:ring-ring
 focus-visible:ring-of
fset-2 disabled:cursor
-not-allowed 
disabled:opacity-50 
md:text-sm pl-10 
h-12"[39m
                  [33
mname[39m=[32m"email
"[39m
                  [33
mplaceholder[39m=[32
m"you@example.com"[39
m
                  [33
mtype[39m=[32m"email
"[39m
                
[36m/>[39m
              
[36m</div>[39m
            
[36m</div>[39m
            
[36m<div[39m
              [33mcla
ss[39m=[32m"space-y-
1"[39m
            
[36m>[39m
              
[36m<label[39m
                [33mc
lass[39m=[32m"text-s
m font-medium 
leading-none peer-disa
bled:cursor-not-allowe
d peer-disabled:opacit
y-70"[39m
              
[36m>[39m
                
[0mPassword[0m
              
[36m</label>[39m
              
[36m<div[39m
                [33mc
lass[39m=[32m"relati
ve"[39m
              
[36m>[39m
                
[36m<svg[39m
                  [33
mclass[39m=[32m"luci
de lucide-lock 
absolute left-3 
top-1/2 
-translate-y-1/2 w-5 
h-5 text-muted-foregro
und"[39m
                  [33
mfill[39m=[32m"none"
[39m
                  [33
mheight[39m=[32m"24"
[39m
                  [33
mstroke[39m=[32m"cur
rentColor"[39m
                  [33
mstroke-linecap[39m=
[32m"round"[39m
                  [33
mstroke-linejoin[39m=
[32m"round"[39m
                  [33
mstroke-width[39m=[3
2m"2"[39m
                  [33
mviewBox[39m=[32m"0 
0 24 24"[39m
                  [33
mwidth[39m=[32m"24"
[39m
                  [33
mxmlns[39m=[32m"http
://www.w3.org/2000/svg
"[39m
                
[36m>[39m
                  
[36m<rect[39m
                    [
33mheight[39m=[32m"1
1"[39m
                    [
33mrx[39m=[32m"2"[3
9m
                    [
33mry[39m=[32m"2"[3
9m
             ...
[90m [2mÔØ»[22m Obj
ect.getElementError no
de_modules/@testing-li
brary/dom/dist/config.
js:[2m37:19[22m[39m
[90m [2mÔØ»[22m 
getAllByLabelText node
_modules/@testing-libr
ary/dom/dist/queries/l
abel-text.js:[2m108:4
0[22m[39m
[90m [2mÔØ»[22m nod
e_modules/@testing-lib
rary/dom/dist/query-he
lpers.js:[2m52:17[22
m[39m
[90m [2mÔØ»[22m 
getByLabelText node_mo
dules/@testing-library
/dom/dist/query-helper
s.js:[2m95:19[22m[3
9m
[36m [2mÔØ»[22m src
/pages/__tests__/Signu
p.test.tsx:[2m78:32[
22m[39m
    [90m 76| [39m   
     await user.click(
screen.getByRole('butt
on', { name: /sign 
up/iÔÇª
    [90m 77| [39m
    [90m 78| [39m   
     await user.type(s
creen.getByLabelText(/
full name/i), 'John 
DoeÔÇª
    [90m   | [39m   
                      
      [31m^[39m
    [90m 79| [39m   
     await user.type(s
creen.getByLabelText(/
email/i), 
'existing@exaÔÇª
    [90m 80| [39m   
     await user.type(s
creen.getByLabelText(/
password/i), 
'Password1ÔÇª

[31m[2mÔÄ»ÔÄ»ÔÄ»ÔÄ»Ô
Ä»ÔÄ»ÔÄ»ÔÄ»ÔÄ»ÔÄ»ÔÄ»ÔÄ
»ÔÄ»ÔÄ»ÔÄ»ÔÄ»ÔÄ»ÔÄ»ÔÄ»
ÔÄ»ÔÄ»ÔÄ»[11/11]ÔÄ»[2
2m[39m

